# do {DCPU_tb_simulate.do}
# vsim -voptargs=""+acc"" -L unisims_ver -L unimacro_ver -L secureip -L dist_mem_gen_v8_0_10 -L xil_defaultlib -lib xil_defaultlib xil_defaultlib.DCPU_tb xil_defaultlib.glbl 
# Start time: 12:34:18 on Dec 16,2025
# //  ModelSim PE 10.4c Jul 20 2015 
# //
# //  Copyright 1991-2015 Mentor Graphics Corporation
# //  All Rights Reserved.
# //
# //  THIS WORK CONTAINS TRADE SECRET AND PROPRIETARY INFORMATION
# //  WHICH IS THE PROPERTY OF MENTOR GRAPHICS CORPORATION OR ITS
# //  LICENSORS AND IS SUBJECT TO LICENSE TERMS.
# //  THIS DOCUMENT CONTAINS TRADE SECRETS AND COMMERCIAL OR FINANCIAL
# //  INFORMATION THAT ARE PRIVILEGED, CONFIDENTIAL, AND EXEMPT FROM
# //  DISCLOSURE UNDER THE FREEDOM OF INFORMATION ACT, 5 U.S.C. SECTION 552.
# //  FURTHERMORE, THIS INFORMATION IS PROHIBITED FROM DISCLOSURE UNDER
# //  THE TRADE SECRETS ACT, 18 U.S.C. SECTION 1905.
# //
# Loading xil_defaultlib.DCPU_tb
# Loading xil_defaultlib.DCPU
# Loading xil_defaultlib.IMEM
# Loading xil_defaultlib.dist_mem_gen_0
# Loading dist_mem_gen_v8_0_10.dist_mem_gen_v8_0_10
# Loading xil_defaultlib.Controller
# Loading xil_defaultlib.ALU
# Loading xil_defaultlib.MDU
# Loading xil_defaultlib.DMEM
# Loading xil_defaultlib.CPO
# Loading xil_defaultlib.RegFile
# Loading xil_defaultlib.ForwardUnit
# Loading xil_defaultlib.HazardUnit
# Loading xil_defaultlib.seg7x16
# Loading xil_defaultlib.glbl
# .main_pane.wave.interior.cs.body.pw.wf
# .main_pane.structure.interior.cs.body.struct
# .main_pane.objects.interior.cs.body.tree
# WARNING: This core is supplied with a behavioral model. To model cycle-accurate behavior you must run timing simulation.
# ** Warning: (vsim-PLI-3408) Too few data words read on line 55 of file "dist_mem_gen_0.mif". Expected 2048, found 54.    : ../../../DCPU1.ip_user_files/ipstatic/dist_mem_gen_v8_0_10/simulation/dist_mem_gen_v8_0.v(234)
#    Time: 0 ps  Iteration: 0  Instance: /DCPU_tb/uut/imem/Instr_mem/inst
# Time scale of (DCPU_tb) is  1ns /  1ps
# Simulation Start. CPU Running...
# Time=265000 | Reg28 Updated: 00000001
# Time=435000 | Reg28 Updated: 00000004
# Time=515000 | Reg28 Updated: 00000001
# Time=525000 | Reg28 Updated: 00000004
# Time=705000 | Reg28 Updated: 00000003
# Time=875000 | Reg28 Updated: 0000000a
# Time=955000 | Reg28 Updated: 00000003
# Time=965000 | Reg28 Updated: 0000000a
# Time=1145000 | Reg28 Updated: 00000006
# Time=1315000 | Reg28 Updated: 00000013
# Time=1395000 | Reg28 Updated: 00000006
# Time=1405000 | Reg28 Updated: 00000013
# Time=1585000 | Reg28 Updated: 0000000a
# Time=1755000 | Reg28 Updated: 0000001f
# Time=1835000 | Reg28 Updated: 0000000a
# Time=1845000 | Reg28 Updated: 0000001f
# Time=2020000: CPU Running. PC=00400058, Reg28=0000001f
# Time=2020000: [Action] Switch[0] -> 1 (PAUSE)
# Time=7020000: Checking Pause State. PC=00400058
# Time=7120000: CPU is PAUSED correctly.
# Time=7120000: [Action] Switch[0] -> 0 (RESUME)
# Time=7125000 | Reg28 Updated: 0000000f
# Time=7295000 | Reg28 Updated: 0000002e
# Time=7375000 | Reg28 Updated: 0000000f
# Time=7385000 | Reg28 Updated: 0000002e
# Time=7565000 | Reg28 Updated: 00000015
# Time=7735000 | Reg28 Updated: 00000040
# Time=7815000 | Reg28 Updated: 00000015
# Time=7825000 | Reg28 Updated: 00000040
# Time=8005000 | Reg28 Updated: 0000001c
# Time=8175000 | Reg28 Updated: 00000055
# Time=8255000 | Reg28 Updated: 0000001c
# Time=8265000 | Reg28 Updated: 00000055
# Time=8445000 | Reg28 Updated: 00000024
# Time=8615000 | Reg28 Updated: 0000006d
# Time=8695000 | Reg28 Updated: 00000024
# Time=8705000 | Reg28 Updated: 0000006d
# Time=8885000 | Reg28 Updated: 0000002d
# Time=9055000 | Reg28 Updated: 00000088
# Time=9120000: CPU Resumed. PC=004000bc
# Time=9120000: [Action] Switch[1] -> 1 (Show PC)
# Time=9135000 | Reg28 Updated: 0000002d
# Time=9145000 | Reg28 Updated: 00000088
# Time=9220000: Display Data Source switched to PC. Current Display Input=00400034
# Time=9220000: [Action] Switch[1] -> 0 (Show Reg28)
# Time=9320000: Display Data Source switched to Reg28. Current Display Input=00000088
# Time=9325000 | Reg28 Updated: 00000037
# Time=9495000 | Reg28 Updated: 000000a6
# Time=9575000 | Reg28 Updated: 00000037
# Time=9585000 | Reg28 Updated: 000000a6
# Time=9765000 | Reg28 Updated: 00000042
# Time=9935000 | Reg28 Updated: 000000c7
# Time=10015000 | Reg28 Updated: 00000042
# Time=10025000 | Reg28 Updated: 000000c7
# Time=10205000 | Reg28 Updated: 0000004e
# Time=10375000 | Reg28 Updated: 000000eb
# Time=10455000 | Reg28 Updated: 0000004e
# Time=10465000 | Reg28 Updated: 000000eb
# Time=10645000 | Reg28 Updated: 0000005b
# Time=10815000 | Reg28 Updated: 00000112
# Time=10895000 | Reg28 Updated: 0000005b
# Time=10905000 | Reg28 Updated: 00000112
# Time=11085000 | Reg28 Updated: 00000069
# Time=11255000 | Reg28 Updated: 0000013c
# Time=11335000 | Reg28 Updated: 00000069
# Time=11345000 | Reg28 Updated: 0000013c
# Time=11525000 | Reg28 Updated: 00000078
# Time=11695000 | Reg28 Updated: 00000169
# Time=11775000 | Reg28 Updated: 00000078
# Time=11785000 | Reg28 Updated: 00000169
# Time=11965000 | Reg28 Updated: 00000088
# Time=12135000 | Reg28 Updated: 00000199
# Time=12215000 | Reg28 Updated: 00000088
# Time=12225000 | Reg28 Updated: 00000199
# Time=12405000 | Reg28 Updated: 00000099
# Time=12575000 | Reg28 Updated: 000001cc
# Time=12655000 | Reg28 Updated: 00000099
# Time=12665000 | Reg28 Updated: 000001cc
# Time=12845000 | Reg28 Updated: 000000ab
# Time=13015000 | Reg28 Updated: 00000202
# Time=13095000 | Reg28 Updated: 000000ab
# Time=13105000 | Reg28 Updated: 00000202
# Time=13285000 | Reg28 Updated: 000000be
# Time=13455000 | Reg28 Updated: 0000023b
# Time=13535000 | Reg28 Updated: 000000be
# Time=13545000 | Reg28 Updated: 0000023b
# Time=13725000 | Reg28 Updated: 000000d2
# Time=13895000 | Reg28 Updated: 00000277
# Time=14075000 | Reg28 Updated: 00000349
# Time=14085000 | Reg28 Updated: 0002b1e2
# Time=14265000 | Reg28 Updated: 000000e7
# Time=14435000 | Reg28 Updated: 000002b6
# Time=14615000 | Reg28 Updated: 0000039d
# Time=14625000 | Reg28 Updated: 000342ab
# Time=14805000 | Reg28 Updated: 000000fd
# Time=14975000 | Reg28 Updated: 000002f8
# Time=15155000 | Reg28 Updated: 000003f5
# Time=15165000 | Reg28 Updated: 0003e921
# Time=15345000 | Reg28 Updated: 00000114
# Time=15515000 | Reg28 Updated: 0000033d
# Time=15695000 | Reg28 Updated: 00000451
# Time=15705000 | Reg28 Updated: 0004a754
# Time=15885000 | Reg28 Updated: 0000012c
# Time=16055000 | Reg28 Updated: 00000385
# Time=16235000 | Reg28 Updated: 000004b1
# Time=16245000 | Reg28 Updated: 00057f6c
# Time=16425000 | Reg28 Updated: 00000145
# Time=16595000 | Reg28 Updated: 000003d0
# Time=16775000 | Reg28 Updated: 00000515
# Time=16785000 | Reg28 Updated: 000673a9
# Time=16965000 | Reg28 Updated: 0000015f
# Time=17135000 | Reg28 Updated: 0000041e
# Time=17315000 | Reg28 Updated: 0000057d
# Time=17325000 | Reg28 Updated: 00078663
# Time=17505000 | Reg28 Updated: 0000017a
# Time=17675000 | Reg28 Updated: 0000046f
# Time=17855000 | Reg28 Updated: 000005e9
# Time=17865000 | Reg28 Updated: 0008ba0a
# Time=18045000 | Reg28 Updated: 00000196
# Time=18215000 | Reg28 Updated: 000004c3
# Time=18395000 | Reg28 Updated: 00000659
# Time=18405000 | Reg28 Updated: 000a1126
# Time=18585000 | Reg28 Updated: 000001b3
# Time=18755000 | Reg28 Updated: 0000051a
# Time=18935000 | Reg28 Updated: 000006cd
# Time=18945000 | Reg28 Updated: 000b8e57
# Time=19125000 | Reg28 Updated: 000001d1
# Time=19295000 | Reg28 Updated: 00000574
# Time=19475000 | Reg28 Updated: 00000745
# Time=19485000 | Reg28 Updated: 000d3455
# Time=19665000 | Reg28 Updated: 000001f0
# Time=19835000 | Reg28 Updated: 000005d1
# Time=20015000 | Reg28 Updated: 000007c1
# Time=20025000 | Reg28 Updated: 000f05f0
# Time=20205000 | Reg28 Updated: 00000210
# Time=20375000 | Reg28 Updated: 00000631
# Time=20555000 | Reg28 Updated: 00000841
# Time=20565000 | Reg28 Updated: 00110610
# Time=20745000 | Reg28 Updated: 00000231
# Time=20915000 | Reg28 Updated: 00000694
# Time=21095000 | Reg28 Updated: 000008c5
# Time=21105000 | Reg28 Updated: 001337b5
# Time=21285000 | Reg28 Updated: 00000253
# Time=21455000 | Reg28 Updated: 000006fa
# Time=21635000 | Reg28 Updated: 0000094d
# Time=21645000 | Reg28 Updated: 00159df7
# Time=21825000 | Reg28 Updated: 00000276
# Time=21995000 | Reg28 Updated: 00000763
# Time=22175000 | Reg28 Updated: 000009d9
# Time=22185000 | Reg28 Updated: 00183c06
# Time=22365000 | Reg28 Updated: 0000029a
# Time=22535000 | Reg28 Updated: 000007cf
# Time=22715000 | Reg28 Updated: 00000a69
# Time=22725000 | Reg28 Updated: 001b152a
# Time=22905000 | Reg28 Updated: 000002bf
# Time=23075000 | Reg28 Updated: 0000083e
# Time=23255000 | Reg28 Updated: 00000afd
# Time=23265000 | Reg28 Updated: 001e2cc3
# Time=23445000 | Reg28 Updated: 000002e5
# Time=23615000 | Reg28 Updated: 000008b0
# Time=23795000 | Reg28 Updated: 00000b95
# Time=23805000 | Reg28 Updated: 00218649
# Time=23985000 | Reg28 Updated: 0000030c
# Time=24155000 | Reg28 Updated: 00000925
# Time=24335000 | Reg28 Updated: 00000c31
# Time=24345000 | Reg28 Updated: 0025254c
# Time=24525000 | Reg28 Updated: 00000334
# Time=24695000 | Reg28 Updated: 0000099d
# Time=24975000 | Reg28 Updated: 001ecae4
# Time=24985000 | Reg28 Updated: 280471d4
# Time=25165000 | Reg28 Updated: 0000035d
# Time=25335000 | Reg28 Updated: 00000a18
# Time=25615000 | Reg28 Updated: 0021f2b8
# Time=25625000 | Reg28 Updated: 56a9f140
# Time=25805000 | Reg28 Updated: 00000387
# Time=25975000 | Reg28 Updated: 00000a96
# Time=26255000 | Reg28 Updated: 0025571a
# Time=26265000 | Reg28 Updated: 8b480d3c
# Time=26445000 | Reg28 Updated: 000003b2
# Time=26615000 | Reg28 Updated: 00000b17
# Time=26895000 | Reg28 Updated: 0028fafe
# Time=26905000 | Reg28 Updated: c67776d2
# Time=27085000 | Reg28 Updated: 000003de
# Time=27255000 | Reg28 Updated: 00000b9b
# Time=27535000 | Reg28 Updated: 002ce16a
# Time=27545000 | Reg28 Updated: 08dc092e
# Time=27725000 | Reg28 Updated: 0000040b
# Time=27895000 | Reg28 Updated: 00000c22
# Time=28175000 | Reg28 Updated: 00310d76
# Time=28185000 | Reg28 Updated: 532551ac
# Time=28365000 | Reg28 Updated: 00000439
# Time=28535000 | Reg28 Updated: 00000cac
# Time=28815000 | Reg28 Updated: 0035824c
# Time=28825000 | Reg28 Updated: a60f1b10
# Time=29005000 | Reg28 Updated: 00000468
# Time=29175000 | Reg28 Updated: 00000d39
# Time=29455000 | Reg28 Updated: 003a4328
# Time=29465000 | Reg28 Updated: 0261fbe8
# Time=29645000 | Reg28 Updated: 00000498
# Time=29815000 | Reg28 Updated: 00000dc9
# Time=30095000 | Reg28 Updated: 003f5358
# Time=30105000 | Reg28 Updated: 68f3e818
# Time=30285000 | Reg28 Updated: 000004c9
# Time=30455000 | Reg28 Updated: 00000e5c
# Time=30735000 | Reg28 Updated: 0044b63c
# Time=30745000 | Reg28 Updated: daa8c590
# Time=30925000 | Reg28 Updated: 000004fb
# Time=31095000 | Reg28 Updated: 00000ef2
# Time=31375000 | Reg28 Updated: 004a6f46
# Time=31385000 | Reg28 Updated: 5873042c
# Time=31565000 | Reg28 Updated: 0000052e
# Time=31735000 | Reg28 Updated: 00000f8b
# Time=32015000 | Reg28 Updated: 005081fa
# Time=32025000 | Reg28 Updated: e35438be
# Time=32205000 | Reg28 Updated: 00000562
# Time=32375000 | Reg28 Updated: 00001027
# Time=32655000 | Reg28 Updated: 0056f1ee
# Time=32665000 | Reg28 Updated: 7c5dbb42
# Time=32845000 | Reg28 Updated: 00000597
# Time=33015000 | Reg28 Updated: 000010c6
# Time=33295000 | Reg28 Updated: 005dc2ca
# Time=33305000 | Reg28 Updated: 24b1483c
# Time=33485000 | Reg28 Updated: 000005cd
# Time=33655000 | Reg28 Updated: 00001168
# Time=33935000 | Reg28 Updated: 0064f848
# Time=33945000 | Reg28 Updated: dd81a540
# Time=34125000 | Reg28 Updated: 00000604
# Time=34295000 | Reg28 Updated: 0000120d
# Time=34575000 | Reg28 Updated: 006c9634
# Time=34585000 | Reg28 Updated: a81348a4
# Time=34765000 | Reg28 Updated: 0000063c
# Time=34935000 | Reg28 Updated: 000012b5
# Time=35215000 | Reg28 Updated: 0074a06c
# Time=35225000 | Reg28 Updated: 85bd045c
# Time=35405000 | Reg28 Updated: 00000675
# Time=35575000 | Reg28 Updated: 00001360
# Time=35855000 | Reg28 Updated: 007d1ae0
# Time=35865000 | Reg28 Updated: 77e8b400
# Time=36045000 | Reg28 Updated: 000006af
# Time=36215000 | Reg28 Updated: 0000140e
# Time=36495000 | Reg28 Updated: 00860992
# Time=36505000 | Reg28 Updated: 8013edfc
# Time=36685000 | Reg28 Updated: 000006ea
# Time=36855000 | Reg28 Updated: 000014bf
# Time=37135000 | Reg28 Updated: 008f7096
# Time=37145000 | Reg28 Updated: 9fd0b7ea
add wave -position insertpoint  \
sim:/DCPU_tb/uut/dmem/mem
add wave -position insertpoint  \
sim:/DCPU_tb/uut/regfile/regs
# End time: 14:53:59 on Dec 16,2025, Elapsed time: 2:19:41
# Errors: 0, Warnings: 1
