# do {Counter8_tb_compile.do}
# ** Warning: (vlib-34) Library already exists at "work".
# 
# ** Warning: (vlib-34) Library already exists at "msim".
# 
# ** Warning: (vlib-34) Library already exists at "msim/xil_defaultlib".
# 
# Model Technology ModelSim PE vmap 10.4c Lib Mapping Utility 2015.07 Jul 20 2015
# vmap xil_defaultlib msim/xil_defaultlib 
# Modifying modelsim.ini
# ** Warning: (vlog-159) Mode option -64 is not supported in this context and will be ignored.
# 
# Model Technology ModelSim PE vlog 10.4c Compiler 2015.07 Jul 20 2015
# Start time: 15:06:20 on Nov 09,2024
# vlog -64 -incr -work xil_defaultlib ../../../../JK_FF/JK_FF.srcs/sources_1/new/JK_FF.v ../../../../display7/display7.srcs/sources_1/new/display7.v ../../../Counter8.srcs/sources_1/new/Counter8.v ../../../Counter8.srcs/sim_1/new/Counter8_tb.v 
# -- Skipping module JK_FF
# -- Skipping module display7
# -- Compiling module Counter8
# -- Compiling module Counter8_tb
# 
# Top level modules:
# 	Counter8_tb
# End time: 15:06:21 on Nov 09,2024, Elapsed time: 0:00:01
# Errors: 0, Warnings: 1
# Model Technology ModelSim PE vlog 10.4c Compiler 2015.07 Jul 20 2015
# Start time: 15:06:21 on Nov 09,2024
# vlog -work xil_defaultlib glbl.v 
# -- Compiling module glbl
# 
# Top level modules:
# 	glbl
# End time: 15:06:21 on Nov 09,2024, Elapsed time: 0:00:00
# Errors: 0, Warnings: 0
