# do {Counter8_tb_simulate.do}
# vsim -voptargs=""+acc"" -L unisims_ver -L unimacro_ver -L secureip -L xil_defaultlib -lib xil_defaultlib xil_defaultlib.Counter8_tb xil_defaultlib.glbl 
# Start time: 15:06:29 on Nov 09,2024
# //  ModelSim PE 10.4c Jul 20 2015 
# //
# //  Copyright 1991-2015 Mentor Graphics Corporation
# //  All Rights Reserved.
# //
# //  THIS WORK CONTAINS TRADE SECRET AND PROPRIETARY INFORMATION
# //  WHICH IS THE PROPERTY OF MENTOR GRAPHICS CORPORATION OR ITS
# //  LICENSORS AND IS SUBJECT TO LICENSE TERMS.
# //  THIS DOCUMENT CONTAINS TRADE SECRETS AND COMMERCIAL OR FINANCIAL
# //  INFORMATION THAT ARE PRIVILEGED, CONFIDENTIAL, AND EXEMPT FROM
# //  DISCLOSURE UNDER THE FREEDOM OF INFORMATION ACT, 5 U.S.C. SECTION 552.
# //  FURTHERMORE, THIS INFORMATION IS PROHIBITED FROM DISCLOSURE UNDER
# //  THE TRADE SECRETS ACT, 18 U.S.C. SECTION 1905.
# //
# Loading xil_defaultlib.Counter8_tb
# Loading xil_defaultlib.Counter8
# Loading xil_defaultlib.JK_FF
# Loading xil_defaultlib.display7
# Loading xil_defaultlib.glbl
# ** Warning: (vsim-3015) ../../../Counter8.srcs/sources_1/new/Counter8.v(34): [PCDPC] - Port size (1) does not match connection size (32) for port 'J'. The port definition is at: ../../../../JK_FF/JK_FF.srcs/sources_1/new/JK_FF.v(25).
#    Time: 0 ps  Iteration: 0  Instance: /Counter8_tb/uut/FF0 File: ../../../../JK_FF/JK_FF.srcs/sources_1/new/JK_FF.v
# ** Warning: (vsim-3015) ../../../Counter8.srcs/sources_1/new/Counter8.v(34): [PCDPC] - Port size (1) does not match connection size (32) for port 'K'. The port definition is at: ../../../../JK_FF/JK_FF.srcs/sources_1/new/JK_FF.v(26).
#    Time: 0 ps  Iteration: 0  Instance: /Counter8_tb/uut/FF0 File: ../../../../JK_FF/JK_FF.srcs/sources_1/new/JK_FF.v
# .main_pane.wave.interior.cs.body.pw.wf
# .main_pane.structure.interior.cs.body.struct
# .main_pane.objects.interior.cs.body.tree
# End time: 15:08:56 on Nov 09,2024, Elapsed time: 0:02:27
# Errors: 0, Warnings: 2
