INFO: [VRFC 10-2263] Analyzing Verilog file "D:/desktop/CPU31/CPU31.ip_user_files/ipstatic/dist_mem_gen_v8_0_10/simulation/dist_mem_gen_v8_0.v" into library dist_mem_gen_v8_0_10
INFO: [VRFC 10-311] analyzing module dist_mem_gen_v8_0_10
INFO: [VRFC 10-2263] Analyzing Verilog file "D:/desktop/CPU31/CPU31.srcs/sources_1/ip/dist_mem_gen_0/sim/dist_mem_gen_0.v" into library xil_defaultlib
INFO: [VRFC 10-311] analyzing module dist_mem_gen_0
INFO: [VRFC 10-2263] Analyzing Verilog file "D:/desktop/CPU31/CPU31.srcs/sources_1/new/RegFile.v" into library xil_defaultlib
INFO: [VRFC 10-311] analyzing module RegFile
INFO: [VRFC 10-2263] Analyzing Verilog file "D:/desktop/CPU31/CPU31.srcs/sources_1/new/ALU.v" into library xil_defaultlib
INFO: [VRFC 10-311] analyzing module ALU
INFO: [VRFC 10-2263] Analyzing Verilog file "D:/desktop/CPU31/CPU31.srcs/sources_1/new/CU.v" into library xil_defaultlib
INFO: [VRFC 10-311] analyzing module CU
INFO: [VRFC 10-2263] Analyzing Verilog file "D:/desktop/CPU31/CPU31.srcs/sources_1/new/PC.v" into library xil_defaultlib
INFO: [VRFC 10-311] analyzing module PC
INFO: [VRFC 10-2263] Analyzing Verilog file "D:/desktop/CPU31/CPU31.srcs/sources_1/new/IMEM.v" into library xil_defaultlib
INFO: [VRFC 10-311] analyzing module IMEM
INFO: [VRFC 10-2263] Analyzing Verilog file "D:/desktop/CPU31/CPU31.srcs/sources_1/new/DMEM.v" into library xil_defaultlib
INFO: [VRFC 10-311] analyzing module DMEM
INFO: [VRFC 10-2263] Analyzing Verilog file "D:/desktop/CPU31/CPU31.srcs/sources_1/new/CPU.v" into library xil_defaultlib
INFO: [VRFC 10-311] analyzing module CPU
INFO: [VRFC 10-2263] Analyzing Verilog file "D:/desktop/CPU31/CPU31.srcs/sources_1/new/sccomp_dataflow.v" into library xil_defaultlib
INFO: [VRFC 10-311] analyzing module sccomp_dataflow
INFO: [VRFC 10-2263] Analyzing Verilog file "D:/desktop/CPU31/CPU31.srcs/sim_1/new/_246tb_ex9_tb.v" into library xil_defaultlib
INFO: [VRFC 10-311] analyzing module _246tb_ex9_tb
INFO: [VRFC 10-2263] Analyzing Verilog file "D:/desktop/CPU31/CPU31.sim/sim_1/behav/glbl.v" into library xil_defaultlib
INFO: [VRFC 10-311] analyzing module glbl
