# do {_246tb_ex7_tb_compile.do}
# ** Warning: (vlib-34) Library already exists at "work".
# 
# ** Warning: (vlib-34) Library already exists at "msim".
# 
# ** Warning: (vlib-34) Library already exists at "msim/xil_defaultlib".
# 
# Model Technology ModelSim PE vmap 10.4c Lib Mapping Utility 2015.07 Jul 20 2015
# vmap xil_defaultlib msim/xil_defaultlib 
# Modifying modelsim.ini
# ** Warning: (vlog-159) Mode option -64 is not supported in this context and will be ignored.
# 
# Model Technology ModelSim PE vlog 10.4c Compiler 2015.07 Jul 20 2015
# Start time: 01:02:57 on Jul 11,2025
# vlog -64 -incr -work xil_defaultlib _246tb_ex7_tb_time_synth.v ../../../../CPU54.srcs/sim_1/new/testbench_cpu54_multiple.v 
# -- Compiling module RAM256X1S_UNIQ_BASE_
# -- Compiling module RAM256X1S_HD256
# -- Compiling module RAM256X1S_HD257
# -- Compiling module RAM256X1S_HD258
# -- Compiling module RAM256X1S_HD259
# -- Compiling module RAM256X1S_HD260
# -- Compiling module RAM256X1S_HD261
# -- Compiling module RAM256X1S_HD262
# -- Compiling module RAM256X1S_HD263
# -- Compiling module RAM256X1S_HD264
# -- Compiling module RAM256X1S_HD265
# -- Compiling module RAM256X1S_HD266
# -- Compiling module RAM256X1S_HD267
# -- Compiling module RAM256X1S_HD268
# -- Compiling module RAM256X1S_HD269
# -- Compiling module RAM256X1S_HD270
# -- Compiling module RAM256X1S_HD271
# -- Compiling module RAM256X1S_HD272
# -- Compiling module RAM256X1S_HD273
# -- Compiling module RAM256X1S_HD274
# -- Compiling module RAM256X1S_HD275
# -- Compiling module RAM256X1S_HD276
# -- Compiling module RAM256X1S_HD277
# -- Compiling module RAM256X1S_HD278
# -- Compiling module RAM256X1S_HD279
# -- Compiling module RAM256X1S_HD280
# -- Compiling module RAM256X1S_HD281
# -- Compiling module RAM256X1S_HD282
# -- Compiling module RAM256X1S_HD283
# -- Compiling module RAM256X1S_HD284
# -- Compiling module RAM256X1S_HD285
# -- Compiling module RAM256X1S_HD286
# -- Compiling module RAM256X1S_HD287
# -- Compiling module RAM256X1S_HD288
# -- Compiling module RAM256X1S_HD289
# -- Compiling module RAM256X1S_HD290
# -- Compiling module RAM256X1S_HD291
# -- Compiling module RAM256X1S_HD292
# -- Compiling module RAM256X1S_HD293
# -- Compiling module RAM256X1S_HD294
# -- Compiling module RAM256X1S_HD295
# -- Compiling module RAM256X1S_HD296
# -- Compiling module RAM256X1S_HD297
# -- Compiling module RAM256X1S_HD298
# -- Compiling module RAM256X1S_HD299
# -- Compiling module RAM256X1S_HD300
# -- Compiling module RAM256X1S_HD301
# -- Compiling module RAM256X1S_HD302
# -- Compiling module RAM256X1S_HD303
# -- Compiling module RAM256X1S_HD304
# -- Compiling module RAM256X1S_HD305
# -- Compiling module RAM256X1S_HD306
# -- Compiling module RAM256X1S_HD307
# -- Compiling module RAM256X1S_HD308
# -- Compiling module RAM256X1S_HD309
# -- Compiling module RAM256X1S_HD310
# -- Compiling module RAM256X1S_HD311
# -- Compiling module RAM256X1S_HD312
# -- Compiling module RAM256X1S_HD313
# -- Compiling module RAM256X1S_HD314
# -- Compiling module RAM256X1S_HD315
# -- Compiling module RAM256X1S_HD316
# -- Compiling module RAM256X1S_HD317
# -- Compiling module RAM256X1S_HD318
# -- Compiling module RAM256X1S_HD319
# -- Compiling module RAM256X1S_HD320
# -- Compiling module RAM256X1S_HD321
# -- Compiling module RAM256X1S_HD322
# -- Compiling module RAM256X1S_HD323
# -- Compiling module RAM256X1S_HD324
# -- Compiling module RAM256X1S_HD325
# -- Compiling module RAM256X1S_HD326
# -- Compiling module RAM256X1S_HD327
# -- Compiling module RAM256X1S_HD328
# -- Compiling module RAM256X1S_HD329
# -- Compiling module RAM256X1S_HD330
# -- Compiling module RAM256X1S_HD331
# -- Compiling module RAM256X1S_HD332
# -- Compiling module RAM256X1S_HD333
# -- Compiling module RAM256X1S_HD334
# -- Compiling module RAM256X1S_HD335
# -- Compiling module RAM256X1S_HD336
# -- Compiling module RAM256X1S_HD337
# -- Compiling module RAM256X1S_HD338
# -- Compiling module RAM256X1S_HD339
# -- Compiling module RAM256X1S_HD340
# -- Compiling module RAM256X1S_HD341
# -- Compiling module RAM256X1S_HD342
# -- Compiling module RAM256X1S_HD343
# -- Compiling module RAM256X1S_HD344
# -- Compiling module RAM256X1S_HD345
# -- Compiling module RAM256X1S_HD346
# -- Compiling module RAM256X1S_HD347
# -- Compiling module RAM256X1S_HD348
# -- Compiling module RAM256X1S_HD349
# -- Compiling module RAM256X1S_HD350
# -- Compiling module RAM256X1S_HD351
# -- Compiling module RAM256X1S_HD352
# -- Compiling module RAM256X1S_HD353
# -- Compiling module RAM256X1S_HD354
# -- Compiling module RAM256X1S_HD355
# -- Compiling module RAM256X1S_HD356
# -- Compiling module RAM256X1S_HD357
# -- Compiling module RAM256X1S_HD358
# -- Compiling module RAM256X1S_HD359
# -- Compiling module RAM256X1S_HD360
# -- Compiling module RAM256X1S_HD361
# -- Compiling module RAM256X1S_HD362
# -- Compiling module RAM256X1S_HD363
# -- Compiling module RAM256X1S_HD364
# -- Compiling module RAM256X1S_HD365
# -- Compiling module RAM256X1S_HD366
# -- Compiling module RAM256X1S_HD367
# -- Compiling module RAM256X1S_HD368
# -- Compiling module RAM256X1S_HD369
# -- Compiling module RAM256X1S_HD370
# -- Compiling module RAM256X1S_HD371
# -- Compiling module RAM256X1S_HD372
# -- Compiling module RAM256X1S_HD373
# -- Compiling module RAM256X1S_HD374
# -- Compiling module RAM256X1S_HD375
# -- Compiling module RAM256X1S_HD376
# -- Compiling module RAM256X1S_HD377
# -- Compiling module RAM256X1S_HD378
# -- Compiling module RAM256X1S_HD379
# -- Compiling module RAM256X1S_HD380
# -- Compiling module RAM256X1S_HD381
# -- Compiling module RAM256X1S_HD382
# -- Compiling module RAM256X1S_HD383
# -- Compiling module RAM256X1S_HD384
# -- Compiling module RAM256X1S_HD385
# -- Compiling module RAM256X1S_HD386
# -- Compiling module RAM256X1S_HD387
# -- Compiling module RAM256X1S_HD388
# -- Compiling module RAM256X1S_HD389
# -- Compiling module RAM256X1S_HD390
# -- Compiling module RAM256X1S_HD391
# -- Compiling module RAM256X1S_HD392
# -- Compiling module RAM256X1S_HD393
# -- Compiling module RAM256X1S_HD394
# -- Compiling module RAM256X1S_HD395
# -- Compiling module RAM256X1S_HD396
# -- Compiling module RAM256X1S_HD397
# -- Compiling module RAM256X1S_HD398
# -- Compiling module RAM256X1S_HD399
# -- Compiling module RAM256X1S_HD400
# -- Compiling module RAM256X1S_HD401
# -- Compiling module RAM256X1S_HD402
# -- Compiling module RAM256X1S_HD403
# -- Compiling module RAM256X1S_HD404
# -- Compiling module RAM256X1S_HD405
# -- Compiling module RAM256X1S_HD406
# -- Compiling module RAM256X1S_HD407
# -- Compiling module RAM256X1S_HD408
# -- Compiling module RAM256X1S_HD409
# -- Compiling module RAM256X1S_HD410
# -- Compiling module RAM256X1S_HD411
# -- Compiling module RAM256X1S_HD412
# -- Compiling module RAM256X1S_HD413
# -- Compiling module RAM256X1S_HD414
# -- Compiling module RAM256X1S_HD415
# -- Compiling module RAM256X1S_HD416
# -- Compiling module RAM256X1S_HD417
# -- Compiling module RAM256X1S_HD418
# -- Compiling module RAM256X1S_HD419
# -- Compiling module RAM256X1S_HD420
# -- Compiling module RAM256X1S_HD421
# -- Compiling module RAM256X1S_HD422
# -- Compiling module RAM256X1S_HD423
# -- Compiling module RAM256X1S_HD424
# -- Compiling module RAM256X1S_HD425
# -- Compiling module RAM256X1S_HD426
# -- Compiling module RAM256X1S_HD427
# -- Compiling module RAM256X1S_HD428
# -- Compiling module RAM256X1S_HD429
# -- Compiling module RAM256X1S_HD430
# -- Compiling module RAM256X1S_HD431
# -- Compiling module RAM256X1S_HD432
# -- Compiling module RAM256X1S_HD433
# -- Compiling module RAM256X1S_HD434
# -- Compiling module RAM256X1S_HD435
# -- Compiling module RAM256X1S_HD436
# -- Compiling module RAM256X1S_HD437
# -- Compiling module RAM256X1S_HD438
# -- Compiling module RAM256X1S_HD439
# -- Compiling module RAM256X1S_HD440
# -- Compiling module RAM256X1S_HD441
# -- Compiling module RAM256X1S_HD442
# -- Compiling module RAM256X1S_HD443
# -- Compiling module RAM256X1S_HD444
# -- Compiling module RAM256X1S_HD445
# -- Compiling module RAM256X1S_HD446
# -- Compiling module RAM256X1S_HD447
# -- Compiling module RAM256X1S_HD448
# -- Compiling module RAM256X1S_HD449
# -- Compiling module RAM256X1S_HD450
# -- Compiling module RAM256X1S_HD451
# -- Compiling module RAM256X1S_HD452
# -- Compiling module RAM256X1S_HD453
# -- Compiling module RAM256X1S_HD454
# -- Compiling module RAM256X1S_HD455
# -- Compiling module RAM256X1S_HD456
# -- Compiling module RAM256X1S_HD457
# -- Compiling module RAM256X1S_HD458
# -- Compiling module RAM256X1S_HD459
# -- Compiling module RAM256X1S_HD460
# -- Compiling module RAM256X1S_HD461
# -- Compiling module RAM256X1S_HD462
# -- Compiling module RAM256X1S_HD463
# -- Compiling module RAM256X1S_HD464
# -- Compiling module RAM256X1S_HD465
# -- Compiling module RAM256X1S_HD466
# -- Compiling module RAM256X1S_HD467
# -- Compiling module RAM256X1S_HD468
# -- Compiling module RAM256X1S_HD469
# -- Compiling module RAM256X1S_HD470
# -- Compiling module RAM256X1S_HD471
# -- Compiling module RAM256X1S_HD472
# -- Compiling module RAM256X1S_HD473
# -- Compiling module RAM256X1S_HD474
# -- Compiling module RAM256X1S_HD475
# -- Compiling module RAM256X1S_HD476
# -- Compiling module RAM256X1S_HD477
# -- Compiling module RAM256X1S_HD478
# -- Compiling module RAM256X1S_HD479
# -- Compiling module RAM256X1S_HD480
# -- Compiling module RAM256X1S_HD481
# -- Compiling module RAM256X1S_HD482
# -- Compiling module RAM256X1S_HD483
# -- Compiling module RAM256X1S_HD484
# -- Compiling module RAM256X1S_HD485
# -- Compiling module RAM256X1S_HD486
# -- Compiling module RAM256X1S_HD487
# -- Compiling module RAM256X1S_HD488
# -- Compiling module RAM256X1S_HD489
# -- Compiling module RAM256X1S_HD490
# -- Compiling module RAM256X1S_HD491
# -- Compiling module RAM256X1S_HD492
# -- Compiling module RAM256X1S_HD493
# -- Compiling module RAM256X1S_HD494
# -- Compiling module RAM256X1S_HD495
# -- Compiling module RAM256X1S_HD496
# -- Compiling module RAM256X1S_HD497
# -- Compiling module RAM256X1S_HD498
# -- Compiling module RAM256X1S_HD499
# -- Compiling module RAM256X1S_HD500
# -- Compiling module RAM256X1S_HD501
# -- Compiling module RAM256X1S_HD502
# -- Compiling module RAM256X1S_HD503
# -- Compiling module RAM256X1S_HD504
# -- Compiling module RAM256X1S_HD505
# -- Compiling module RAM256X1S_HD506
# -- Compiling module RAM256X1S_HD507
# -- Compiling module RAM256X1S_HD508
# -- Compiling module RAM256X1S_HD509
# -- Compiling module RAM256X1S_HD510
# -- Compiling module dist_mem_gen_0
# -- Compiling module CPO
# -- Compiling module CU
# -- Compiling module DMEM_with_LDP
# -- Compiling module IMEM
# -- Compiling module MDU
# -- Compiling module MUX4
# -- Compiling module MUX5
# -- Compiling module PC
# -- Compiling module RegFile
# -- Compiling module datapath
# -- Compiling module sccomp_dataflow
# -- Compiling module dist_mem_gen_0_dist_mem_gen_v8_0_10
# -- Compiling module glbl
# -- Skipping module _246tb_ex7_tb
# 
# Top level modules:
# 	glbl
# 	_246tb_ex7_tb
# End time: 01:02:59 on Jul 11,2025, Elapsed time: 0:00:02
# Errors: 0, Warnings: 1
