Unable to capture context for thread 18784 in process 24544, can not generate back trace
Exception at PC 0x00007FFBBE77FE4C
Unable to capture context for thread 30648 in process 24544, can not generate back trace
Unable to capture context for thread 18784 in process 24544, can not generate back trace
Unable to capture context for thread 13532 in process 24544, can not generate back trace
Exception at PC 0x00007FFB0AAEBB93
Printing stacktrace...

Unable to capture context for thread 13532 in process 24544, can not generate back trace
Exception at PC 0x00007FFBBE77FE4C
Exception at PC 0x00007FFBBE77FE4C
Exception at PC 0x00007FFBBE77FE4C
Exception at PC 0x00007FFBBE77FE4C
Exception at PC 0x00007FFBBE77FE4C
Exception at PC 0x00007FFBBE77FE4C
Exception at PC 0x00007FFBBE77FE4C
Exception at PC 0x00007FFBBE77FE4C
Exception at PC 0x00007FFBBE77FE4C
Exception at PC 0x00007FFBBE77FE4C
[0]  [0x00007FFB0AAEBB93]
[1]  [0x00007FFB0AAEBB93]
[2]  [0x00007FFB0AAEB4A1]
[3]  [0x00007FFB0AAEB3EF]
[4]  [0x00007FFB0AAD19FE]
[5]  [0x00007FFB0AAD0ED1]
[6]  [0x00007FFB0AAD0D76]
[7]  [0x00007FFB0AA779F6]
[8]  [0x00007FFB0AA67AFB]
[9]  [0x00007FFB0AB8E90A]
[10]  [0x00007FFB0ABA9F87]
[11]  [0x00007FFB0ABAA05F]
[12] (BaseThreadInitThunk+0x1d) [0x00007FFBBFDF257D]
[13] (RtlUserThreadStart+0x28) [0x00007FFBC146AF08]
Done
Exception at PC 0x00007FFBBE77FE4C
Exception at PC 0x00007FFBBE77FE4C
Exception at PC 0x00007FFBBE77FE4C
Exception at PC 0x00007FFBBE77FE4C
Exception at PC 0x00007FFBBE77FE4C
Exception at PC 0x00007FFBBE77FE4C
Exception at PC 0x00007FFBBE77FE4C
