
*** Running vivado
    with args -log Counter8.vds -m64 -mode batch -messageDb vivado.pb -notrace -source Counter8.tcl


****** Vivado v2016.2 (64-bit)
  **** SW Build 1577090 on Thu Jun  2 16:32:40 MDT 2016
  **** IP Build 1577682 on Fri Jun  3 12:00:54 MDT 2016
    ** Copyright 1986-2016 Xilinx, Inc. All Rights Reserved.

source Counter8.tcl -notrace
Command: synth_design -top Counter8 -part xc7a100tcsg324-1
Starting synth_design
Attempting to get a license for feature 'Synthesis' and/or device 'xc7a100t'
INFO: [Common 17-349] Got license for feature 'Synthesis' and/or device 'xc7a100t'
INFO: Launching helper process for spawning children vivado processes
INFO: Helper process launched with PID 28016 
---------------------------------------------------------------------------------
Starting RTL Elaboration : Time (s): cpu = 00:00:01 ; elapsed = 00:00:04 . Memory (MB): peak = 304.957 ; gain = 97.641
---------------------------------------------------------------------------------
INFO: [Synth 8-638] synthesizing module 'Counter8' [D:/vivado_projects/Counter8/Counter8.srcs/sources_1/new/Counter8.v:23]
INFO: [Synth 8-638] synthesizing module 'JK_FF' [D:/vivado_projects/JK_FF/JK_FF.srcs/sources_1/new/JK_FF.v:23]
INFO: [Synth 8-256] done synthesizing module 'JK_FF' (1#1) [D:/vivado_projects/JK_FF/JK_FF.srcs/sources_1/new/JK_FF.v:23]
INFO: [Synth 8-638] synthesizing module 'display7' [D:/vivado_projects/display7/display7.srcs/sources_1/new/display7.v:23]
INFO: [Synth 8-256] done synthesizing module 'display7' (2#1) [D:/vivado_projects/display7/display7.srcs/sources_1/new/display7.v:23]
INFO: [Synth 8-256] done synthesizing module 'Counter8' (3#1) [D:/vivado_projects/Counter8/Counter8.srcs/sources_1/new/Counter8.v:23]
---------------------------------------------------------------------------------
Finished RTL Elaboration : Time (s): cpu = 00:00:01 ; elapsed = 00:00:05 . Memory (MB): peak = 342.414 ; gain = 135.098
---------------------------------------------------------------------------------

Report Check Netlist: 
+------+------------------+-------+---------+-------+------------------+
|      |Item              |Errors |Warnings |Status |Description       |
+------+------------------+-------+---------+-------+------------------+
|1     |multi_driven_nets |      0|        0|Passed |Multi driven nets |
+------+------------------+-------+---------+-------+------------------+
---------------------------------------------------------------------------------
Finished RTL Optimization Phase 1 : Time (s): cpu = 00:00:01 ; elapsed = 00:00:05 . Memory (MB): peak = 342.414 ; gain = 135.098
---------------------------------------------------------------------------------
INFO: [Device 21-403] Loading part xc7a100tcsg324-1
INFO: [Project 1-570] Preparing netlist for logic optimization

Processing XDC Constraints
Initializing timing engine
Parsing XDC File [D:/desktop/Counter8.xdc]
Finished Parsing XDC File [D:/desktop/Counter8.xdc]
INFO: [Project 1-236] Implementation specific constraints were found while reading constraint file [D:/desktop/Counter8.xdc]. These constraints will be ignored for synthesis but will be used in implementation. Impacted constraints are listed in the file [.Xil/Counter8_propImpl.xdc].
Resolution: To avoid this warning, move constraints listed in [.Xil/Counter8_propImpl.xdc] to another XDC file and exclude this new file from synthesis with the used_in_synthesis property (File Properties dialog in GUI) and re-run elaboration/synthesis.
Completed Processing XDC Constraints

INFO: [Project 1-111] Unisim Transformation Summary:
No Unisim elements were transformed.

Constraint Validation Runtime : Time (s): cpu = 00:00:00 ; elapsed = 00:00:00 . Memory (MB): peak = 639.633 ; gain = 0.000
---------------------------------------------------------------------------------
Finished Constraint Validation : Time (s): cpu = 00:00:03 ; elapsed = 00:00:09 . Memory (MB): peak = 639.633 ; gain = 432.316
---------------------------------------------------------------------------------
---------------------------------------------------------------------------------
Start Loading Part and Timing Information
---------------------------------------------------------------------------------
Loading part: xc7a100tcsg324-1
---------------------------------------------------------------------------------
Finished Loading Part and Timing Information : Time (s): cpu = 00:00:03 ; elapsed = 00:00:09 . Memory (MB): peak = 639.633 ; gain = 432.316
---------------------------------------------------------------------------------
---------------------------------------------------------------------------------
Start Applying 'set_property' XDC Constraints
---------------------------------------------------------------------------------
---------------------------------------------------------------------------------
Finished applying 'set_property' XDC Constraints : Time (s): cpu = 00:00:03 ; elapsed = 00:00:09 . Memory (MB): peak = 639.633 ; gain = 432.316
---------------------------------------------------------------------------------
WARNING: [Synth 8-327] inferring latch for variable 'oData_reg' [D:/vivado_projects/display7/display7.srcs/sources_1/new/display7.v:30]
---------------------------------------------------------------------------------
Finished RTL Optimization Phase 2 : Time (s): cpu = 00:00:03 ; elapsed = 00:00:09 . Memory (MB): peak = 639.633 ; gain = 432.316
---------------------------------------------------------------------------------

Report RTL Partitions: 
+-+--------------+------------+----------+
| |RTL Partition |Replication |Instances |
+-+--------------+------------+----------+
+-+--------------+------------+----------+
---------------------------------------------------------------------------------
Start RTL Component Statistics 
---------------------------------------------------------------------------------
Detailed RTL Component Info : 
+---Registers : 
	                1 Bit    Registers := 6     
+---Muxes : 
	   9 Input      7 Bit        Muxes := 1     
	  10 Input      7 Bit        Muxes := 1     
	   8 Input      7 Bit        Muxes := 1     
	   2 Input      1 Bit        Muxes := 12    
---------------------------------------------------------------------------------
Finished RTL Component Statistics 
---------------------------------------------------------------------------------
---------------------------------------------------------------------------------
Start RTL Hierarchical Component Statistics 
---------------------------------------------------------------------------------
Hierarchical RTL Component report 
Module JK_FF 
Detailed RTL Component Info : 
+---Registers : 
	                1 Bit    Registers := 2     
+---Muxes : 
	   2 Input      1 Bit        Muxes := 4     
Module display7 
Detailed RTL Component Info : 
+---Muxes : 
	   9 Input      7 Bit        Muxes := 1     
	  10 Input      7 Bit        Muxes := 1     
	   8 Input      7 Bit        Muxes := 1     
---------------------------------------------------------------------------------
Finished RTL Hierarchical Component Statistics
---------------------------------------------------------------------------------
---------------------------------------------------------------------------------
Start Part Resource Summary
---------------------------------------------------------------------------------
Part Resources:
DSPs: 240 (col length:80)
BRAMs: 270 (col length: RAMB18 80 RAMB36 40)
---------------------------------------------------------------------------------
Finished Part Resource Summary
---------------------------------------------------------------------------------
Start Parallel Synthesis Optimization  : Time (s): cpu = 00:00:03 ; elapsed = 00:00:09 . Memory (MB): peak = 639.633 ; gain = 432.316
---------------------------------------------------------------------------------
Start Cross Boundary Optimization
---------------------------------------------------------------------------------
---------------------------------------------------------------------------------
Finished Cross Boundary Optimization : Time (s): cpu = 00:00:03 ; elapsed = 00:00:09 . Memory (MB): peak = 639.633 ; gain = 432.316
---------------------------------------------------------------------------------
Finished Parallel Reinference  : Time (s): cpu = 00:00:03 ; elapsed = 00:00:09 . Memory (MB): peak = 639.633 ; gain = 432.316

Report RTL Partitions: 
+-+--------------+------------+----------+
| |RTL Partition |Replication |Instances |
+-+--------------+------------+----------+
+-+--------------+------------+----------+
---------------------------------------------------------------------------------
Start Area Optimization
---------------------------------------------------------------------------------
WARNING: [Synth 8-3332] Sequential element (display7/oData_reg[6]) is unused and will be removed from module Counter8.
WARNING: [Synth 8-3332] Sequential element (display7/oData_reg[5]) is unused and will be removed from module Counter8.
WARNING: [Synth 8-3332] Sequential element (display7/oData_reg[4]) is unused and will be removed from module Counter8.
WARNING: [Synth 8-3332] Sequential element (display7/oData_reg[3]) is unused and will be removed from module Counter8.
WARNING: [Synth 8-3332] Sequential element (FF0/Q2_reg) is unused and will be removed from module Counter8.
WARNING: [Synth 8-3332] Sequential element (FF1/Q2_reg) is unused and will be removed from module Counter8.
WARNING: [Synth 8-3332] Sequential element (FF2/Q2_reg) is unused and will be removed from module Counter8.
---------------------------------------------------------------------------------
Finished Area Optimization : Time (s): cpu = 00:00:03 ; elapsed = 00:00:09 . Memory (MB): peak = 639.633 ; gain = 432.316
---------------------------------------------------------------------------------
Finished Parallel Area Optimization  : Time (s): cpu = 00:00:03 ; elapsed = 00:00:09 . Memory (MB): peak = 639.633 ; gain = 432.316

Report RTL Partitions: 
+-+--------------+------------+----------+
| |RTL Partition |Replication |Instances |
+-+--------------+------------+----------+
+-+--------------+------------+----------+
---------------------------------------------------------------------------------
Start Timing Optimization
---------------------------------------------------------------------------------
---------------------------------------------------------------------------------
Start Applying XDC Timing Constraints
---------------------------------------------------------------------------------
---------------------------------------------------------------------------------
Finished Applying XDC Timing Constraints : Time (s): cpu = 00:00:05 ; elapsed = 00:00:15 . Memory (MB): peak = 639.633 ; gain = 432.316
---------------------------------------------------------------------------------
---------------------------------------------------------------------------------
Finished Timing Optimization : Time (s): cpu = 00:00:05 ; elapsed = 00:00:15 . Memory (MB): peak = 639.633 ; gain = 432.316
---------------------------------------------------------------------------------

Report RTL Partitions: 
+-+--------------+------------+----------+
| |RTL Partition |Replication |Instances |
+-+--------------+------------+----------+
+-+--------------+------------+----------+
---------------------------------------------------------------------------------
Start Technology Mapping
---------------------------------------------------------------------------------
---------------------------------------------------------------------------------
Finished Technology Mapping : Time (s): cpu = 00:00:05 ; elapsed = 00:00:15 . Memory (MB): peak = 639.633 ; gain = 432.316
---------------------------------------------------------------------------------
Finished Parallel Technology Mapping Optimization  : Time (s): cpu = 00:00:05 ; elapsed = 00:00:15 . Memory (MB): peak = 639.633 ; gain = 432.316

Report RTL Partitions: 
+-+--------------+------------+----------+
| |RTL Partition |Replication |Instances |
+-+--------------+------------+----------+
+-+--------------+------------+----------+
Finished Parallel Synthesis Optimization  : Time (s): cpu = 00:00:05 ; elapsed = 00:00:15 . Memory (MB): peak = 639.633 ; gain = 432.316
---------------------------------------------------------------------------------
Start IO Insertion
---------------------------------------------------------------------------------
---------------------------------------------------------------------------------
Start Flattening Before IO Insertion
---------------------------------------------------------------------------------
---------------------------------------------------------------------------------
Finished Flattening Before IO Insertion
---------------------------------------------------------------------------------
---------------------------------------------------------------------------------
Start Final Netlist Cleanup
---------------------------------------------------------------------------------
---------------------------------------------------------------------------------
Finished Final Netlist Cleanup
---------------------------------------------------------------------------------
---------------------------------------------------------------------------------
Finished IO Insertion : Time (s): cpu = 00:00:05 ; elapsed = 00:00:15 . Memory (MB): peak = 639.633 ; gain = 432.316
---------------------------------------------------------------------------------

Report Check Netlist: 
+------+------------------+-------+---------+-------+------------------+
|      |Item              |Errors |Warnings |Status |Description       |
+------+------------------+-------+---------+-------+------------------+
|1     |multi_driven_nets |      0|        0|Passed |Multi driven nets |
+------+------------------+-------+---------+-------+------------------+
---------------------------------------------------------------------------------
Start Renaming Generated Instances
---------------------------------------------------------------------------------
---------------------------------------------------------------------------------
Finished Renaming Generated Instances : Time (s): cpu = 00:00:05 ; elapsed = 00:00:15 . Memory (MB): peak = 639.633 ; gain = 432.316
---------------------------------------------------------------------------------

Report RTL Partitions: 
+-+--------------+------------+----------+
| |RTL Partition |Replication |Instances |
+-+--------------+------------+----------+
+-+--------------+------------+----------+
---------------------------------------------------------------------------------
Start Rebuilding User Hierarchy
---------------------------------------------------------------------------------
---------------------------------------------------------------------------------
Finished Rebuilding User Hierarchy : Time (s): cpu = 00:00:05 ; elapsed = 00:00:15 . Memory (MB): peak = 639.633 ; gain = 432.316
---------------------------------------------------------------------------------
---------------------------------------------------------------------------------
Start Renaming Generated Ports
---------------------------------------------------------------------------------
---------------------------------------------------------------------------------
Finished Renaming Generated Ports : Time (s): cpu = 00:00:05 ; elapsed = 00:00:15 . Memory (MB): peak = 639.633 ; gain = 432.316
---------------------------------------------------------------------------------
---------------------------------------------------------------------------------
Start Handling Custom Attributes
---------------------------------------------------------------------------------
---------------------------------------------------------------------------------
Finished Handling Custom Attributes : Time (s): cpu = 00:00:05 ; elapsed = 00:00:15 . Memory (MB): peak = 639.633 ; gain = 432.316
---------------------------------------------------------------------------------
---------------------------------------------------------------------------------
Start Renaming Generated Nets
---------------------------------------------------------------------------------
---------------------------------------------------------------------------------
Finished Renaming Generated Nets : Time (s): cpu = 00:00:05 ; elapsed = 00:00:15 . Memory (MB): peak = 639.633 ; gain = 432.316
---------------------------------------------------------------------------------
---------------------------------------------------------------------------------
Start Writing Synthesis Report
---------------------------------------------------------------------------------

Report BlackBoxes: 
+-+--------------+----------+
| |BlackBox name |Instances |
+-+--------------+----------+
+-+--------------+----------+

Report Cell Usage: 
+------+-----+------+
|      |Cell |Count |
+------+-----+------+
|1     |BUFG |     1|
|2     |LUT1 |     2|
|3     |LUT2 |     1|
|4     |LUT3 |     9|
|5     |FDCE |     3|
|6     |LDC  |     3|
|7     |IBUF |     2|
|8     |OBUF |    10|
+------+-----+------+

Report Instance Areas: 
+------+-----------+---------+------+
|      |Instance   |Module   |Cells |
+------+-----------+---------+------+
|1     |top        |         |    31|
|2     |  FF0      |JK_FF    |     9|
|3     |  FF1      |JK_FF_0  |     3|
|4     |  FF2      |JK_FF_1  |     2|
|5     |  display7 |display7 |     4|
+------+-----------+---------+------+
---------------------------------------------------------------------------------
Finished Writing Synthesis Report : Time (s): cpu = 00:00:05 ; elapsed = 00:00:15 . Memory (MB): peak = 639.633 ; gain = 432.316
---------------------------------------------------------------------------------
Synthesis finished with 0 errors, 0 critical warnings and 8 warnings.
Synthesis Optimization Runtime : Time (s): cpu = 00:00:03 ; elapsed = 00:00:10 . Memory (MB): peak = 639.633 ; gain = 115.824
Synthesis Optimization Complete : Time (s): cpu = 00:00:05 ; elapsed = 00:00:15 . Memory (MB): peak = 639.633 ; gain = 432.316
INFO: [Project 1-571] Translating synthesized netlist
INFO: [Netlist 29-17] Analyzing 5 Unisim elements for replacement
INFO: [Netlist 29-28] Unisim Transformation completed in 0 CPU seconds
INFO: [Project 1-570] Preparing netlist for logic optimization
INFO: [Opt 31-138] Pushed 0 inverter(s) to 0 load pin(s).
INFO: [Project 1-111] Unisim Transformation Summary:
  A total of 3 instances were transformed.
  LDC => LDCE: 3 instances

INFO: [Common 17-83] Releasing license: Synthesis
18 Infos, 8 Warnings, 0 Critical Warnings and 0 Errors encountered.
synth_design completed successfully
synth_design: Time (s): cpu = 00:00:04 ; elapsed = 00:00:13 . Memory (MB): peak = 639.633 ; gain = 415.922
report_utilization: Time (s): cpu = 00:00:00 ; elapsed = 00:00:00.016 . Memory (MB): peak = 639.633 ; gain = 0.000
INFO: [Common 17-206] Exiting Vivado at Sat Nov 09 15:09:58 2024...
