# do {de_selector14_tb_compile.do}
# ** Warning: (vlib-34) Library already exists at "work".
# 
# ** Warning: (vlib-34) Library already exists at "msim".
# 
# ** Warning: (vlib-34) Library already exists at "msim/xil_defaultlib".
# 
# Model Technology ModelSim PE vmap 10.4c Lib Mapping Utility 2015.07 Jul 20 2015
# vmap xil_defaultlib msim/xil_defaultlib 
# Modifying modelsim.ini
# ** Warning: (vlog-159) Mode option -64 is not supported in this context and will be ignored.
# 
# Model Technology ModelSim PE vlog 10.4c Compiler 2015.07 Jul 20 2015
# Start time: 19:27:42 on Sep 30,2024
# vlog -64 -incr -work xil_defaultlib ../../../DMUX.srcs/sources_1/new/DMUX.v ../../../DMUX.srcs/sim_1/new/DMUX_tb.v 
# -- Compiling module de_selector14
# -- Compiling module de_selector14_tb
# 
# Top level modules:
# 	de_selector14_tb
# End time: 19:27:43 on Sep 30,2024, Elapsed time: 0:00:01
# Errors: 0, Warnings: 1
# Model Technology ModelSim PE vlog 10.4c Compiler 2015.07 Jul 20 2015
# Start time: 19:27:43 on Sep 30,2024
# vlog -work xil_defaultlib glbl.v 
# -- Compiling module glbl
# 
# Top level modules:
# 	glbl
# End time: 19:27:43 on Sep 30,2024, Elapsed time: 0:00:00
# Errors: 0, Warnings: 0
