
*** Running vivado
    with args -log top.vds -m64 -mode batch -messageDb vivado.pb -notrace -source top.tcl


****** Vivado v2016.2 (64-bit)
  **** SW Build 1577090 on Thu Jun  2 16:32:40 MDT 2016
  **** IP Build 1577682 on Fri Jun  3 12:00:54 MDT 2016
    ** Copyright 1986-2016 Xilinx, Inc. All Rights Reserved.

source top.tcl -notrace
Command: synth_design -top top -part xc7a100tcsg324-1
Starting synth_design
Attempting to get a license for feature 'Synthesis' and/or device 'xc7a100t'
INFO: [Common 17-349] Got license for feature 'Synthesis' and/or device 'xc7a100t'
INFO: Launching helper process for spawning children vivado processes
INFO: Helper process launched with PID 24508 
---------------------------------------------------------------------------------
Starting RTL Elaboration : Time (s): cpu = 00:00:03 ; elapsed = 00:00:06 . Memory (MB): peak = 306.105 ; gain = 98.734
---------------------------------------------------------------------------------
INFO: [Synth 8-638] synthesizing module 'top' [D:/vivado_projects/CPU54/CPU54.srcs/sources_1/new/top.v:1]
INFO: [Synth 8-638] synthesizing module 'Divider' [D:/vivado_projects/CPU54/CPU54.srcs/sources_1/new/Divider.v:1]
INFO: [Synth 8-256] done synthesizing module 'Divider' (1#1) [D:/vivado_projects/CPU54/CPU54.srcs/sources_1/new/Divider.v:1]
INFO: [Synth 8-638] synthesizing module 'sccomp_dataflow' [D:/vivado_projects/CPU54/CPU54.srcs/sources_1/new/sccomp_dataflow.v:1]
INFO: [Synth 8-638] synthesizing module 'CU' [D:/vivado_projects/CPU54/CPU54.srcs/sources_1/new/CU.v:1]
	Parameter S_IF bound to: 5'b00000 
	Parameter S_ID bound to: 5'b00001 
	Parameter S_EX_ALU bound to: 5'b00010 
	Parameter S_WB_ALU bound to: 5'b00011 
	Parameter S_EX_ADDR bound to: 5'b00100 
	Parameter S_MEM_READ bound to: 5'b00101 
	Parameter S_MEM_WRITE bound to: 5'b00110 
	Parameter S_WB_LOAD bound to: 5'b00111 
	Parameter S_EX_BRANCH bound to: 5'b01000 
	Parameter S_EX_JUMP bound to: 5'b01001 
	Parameter S_MDU_START bound to: 5'b01010 
	Parameter S_MDU_WAIT bound to: 5'b01011 
	Parameter S_MDU_DONE bound to: 5'b01100 
	Parameter S_WB_FROM_HILO bound to: 5'b01101 
	Parameter S_EX_TO_HILO bound to: 5'b01110 
	Parameter S_EXCEPTION bound to: 5'b01111 
	Parameter S_EX_TO_CP0 bound to: 5'b10000 
	Parameter S_WB_FROM_CP0 bound to: 5'b10001 
	Parameter S_EX_ERET bound to: 5'b10010 
INFO: [Synth 8-155] case statement is not full and has no default [D:/vivado_projects/CPU54/CPU54.srcs/sources_1/new/CU.v:347]
INFO: [Synth 8-155] case statement is not full and has no default [D:/vivado_projects/CPU54/CPU54.srcs/sources_1/new/CU.v:282]
INFO: [Synth 8-155] case statement is not full and has no default [D:/vivado_projects/CPU54/CPU54.srcs/sources_1/new/CU.v:393]
INFO: [Synth 8-155] case statement is not full and has no default [D:/vivado_projects/CPU54/CPU54.srcs/sources_1/new/CU.v:419]
INFO: [Synth 8-155] case statement is not full and has no default [D:/vivado_projects/CPU54/CPU54.srcs/sources_1/new/CU.v:484]
INFO: [Synth 8-155] case statement is not full and has no default [D:/vivado_projects/CPU54/CPU54.srcs/sources_1/new/CU.v:482]
INFO: [Synth 8-155] case statement is not full and has no default [D:/vivado_projects/CPU54/CPU54.srcs/sources_1/new/CU.v:499]
INFO: [Synth 8-155] case statement is not full and has no default [D:/vivado_projects/CPU54/CPU54.srcs/sources_1/new/CU.v:497]
INFO: [Synth 8-155] case statement is not full and has no default [D:/vivado_projects/CPU54/CPU54.srcs/sources_1/new/CU.v:523]
INFO: [Synth 8-155] case statement is not full and has no default [D:/vivado_projects/CPU54/CPU54.srcs/sources_1/new/CU.v:536]
INFO: [Synth 8-256] done synthesizing module 'CU' (2#1) [D:/vivado_projects/CPU54/CPU54.srcs/sources_1/new/CU.v:1]
INFO: [Synth 8-638] synthesizing module 'datapath' [D:/vivado_projects/CPU54/CPU54.srcs/sources_1/new/datapath.v:1]
INFO: [Synth 8-638] synthesizing module 'PC' [D:/vivado_projects/CPU54/CPU54.srcs/sources_1/new/PC.v:1]
INFO: [Synth 8-256] done synthesizing module 'PC' (3#1) [D:/vivado_projects/CPU54/CPU54.srcs/sources_1/new/PC.v:1]
INFO: [Synth 8-638] synthesizing module 'IMEM' [D:/vivado_projects/CPU54/CPU54.srcs/sources_1/new/IMEM.v:1]
INFO: [Synth 8-638] synthesizing module 'dist_mem_gen_0' [D:/vivado_projects/CPU54/CPU54.runs/synth_1/.Xil/Vivado-15220-LAPTOP-V0AHCU9H/realtime/dist_mem_gen_0_stub.v:6]
INFO: [Synth 8-256] done synthesizing module 'dist_mem_gen_0' (4#1) [D:/vivado_projects/CPU54/CPU54.runs/synth_1/.Xil/Vivado-15220-LAPTOP-V0AHCU9H/realtime/dist_mem_gen_0_stub.v:6]
INFO: [Synth 8-256] done synthesizing module 'IMEM' (5#1) [D:/vivado_projects/CPU54/CPU54.srcs/sources_1/new/IMEM.v:1]
INFO: [Synth 8-638] synthesizing module 'RegFile' [D:/vivado_projects/CPU54/CPU54.srcs/sources_1/new/RegFile.v:1]
INFO: [Synth 8-256] done synthesizing module 'RegFile' (6#1) [D:/vivado_projects/CPU54/CPU54.srcs/sources_1/new/RegFile.v:1]
INFO: [Synth 8-638] synthesizing module 'ALU' [D:/vivado_projects/CPU54/CPU54.srcs/sources_1/new/ALU.v:1]
INFO: [Synth 8-256] done synthesizing module 'ALU' (7#1) [D:/vivado_projects/CPU54/CPU54.srcs/sources_1/new/ALU.v:1]
INFO: [Synth 8-638] synthesizing module 'Extender' [D:/vivado_projects/CPU54/CPU54.srcs/sources_1/new/Extender.v:2]
INFO: [Synth 8-256] done synthesizing module 'Extender' (8#1) [D:/vivado_projects/CPU54/CPU54.srcs/sources_1/new/Extender.v:2]
INFO: [Synth 8-638] synthesizing module 'DMEM_with_LDP' [D:/vivado_projects/CPU54/CPU54.srcs/sources_1/new/DMEM.v:1]
	Parameter LW_OP bound to: 3'b000 
	Parameter LB_OP bound to: 3'b001 
	Parameter LBU_OP bound to: 3'b010 
	Parameter LH_OP bound to: 3'b011 
	Parameter LHU_OP bound to: 3'b100 
INFO: [Synth 8-226] default block is never used [D:/vivado_projects/CPU54/CPU54.srcs/sources_1/new/DMEM.v:42]
INFO: [Synth 8-226] default block is never used [D:/vivado_projects/CPU54/CPU54.srcs/sources_1/new/DMEM.v:51]
INFO: [Synth 8-226] default block is never used [D:/vivado_projects/CPU54/CPU54.srcs/sources_1/new/DMEM.v:60]
INFO: [Synth 8-226] default block is never used [D:/vivado_projects/CPU54/CPU54.srcs/sources_1/new/DMEM.v:67]
INFO: [Synth 8-256] done synthesizing module 'DMEM_with_LDP' (9#1) [D:/vivado_projects/CPU54/CPU54.srcs/sources_1/new/DMEM.v:1]
INFO: [Synth 8-638] synthesizing module 'MDU' [D:/vivado_projects/CPU54/CPU54.srcs/sources_1/new/MDU.v:1]
	Parameter MDU_MULT bound to: 2'b00 
	Parameter MDU_MULTU bound to: 2'b01 
	Parameter MDU_DIV bound to: 2'b10 
	Parameter MDU_DIVU bound to: 2'b11 
	Parameter S_IDLE bound to: 2'b00 
	Parameter S_CALC bound to: 2'b01 
	Parameter S_DONE bound to: 2'b10 
INFO: [Synth 8-256] done synthesizing module 'MDU' (10#1) [D:/vivado_projects/CPU54/CPU54.srcs/sources_1/new/MDU.v:1]
INFO: [Synth 8-638] synthesizing module 'CPO' [D:/vivado_projects/CPU54/CPU54.srcs/sources_1/new/CP0.v:1]
INFO: [Synth 8-256] done synthesizing module 'CPO' (11#1) [D:/vivado_projects/CPU54/CPU54.srcs/sources_1/new/CP0.v:1]
WARNING: [Synth 8-350] instance 'cp0_inst' of module 'CPO' requires 15 connections, but only 14 given [D:/vivado_projects/CPU54/CPU54.srcs/sources_1/new/datapath.v:257]
INFO: [Synth 8-638] synthesizing module 'MUX4' [D:/vivado_projects/CPU54/CPU54.srcs/sources_1/new/MUX.v:1]
INFO: [Synth 8-256] done synthesizing module 'MUX4' (12#1) [D:/vivado_projects/CPU54/CPU54.srcs/sources_1/new/MUX.v:1]
INFO: [Synth 8-638] synthesizing module 'MUX5' [D:/vivado_projects/CPU54/CPU54.srcs/sources_1/new/MUX.v:49]
INFO: [Synth 8-256] done synthesizing module 'MUX5' (13#1) [D:/vivado_projects/CPU54/CPU54.srcs/sources_1/new/MUX.v:49]
INFO: [Synth 8-256] done synthesizing module 'datapath' (14#1) [D:/vivado_projects/CPU54/CPU54.srcs/sources_1/new/datapath.v:1]
INFO: [Synth 8-256] done synthesizing module 'sccomp_dataflow' (15#1) [D:/vivado_projects/CPU54/CPU54.srcs/sources_1/new/sccomp_dataflow.v:1]
INFO: [Synth 8-638] synthesizing module 'seg7x16' [D:/vivado_projects/CPU54/CPU54.srcs/sources_1/new/seg7x16.v:21]
INFO: [Synth 8-155] case statement is not full and has no default [D:/vivado_projects/CPU54/CPU54.srcs/sources_1/new/seg7x16.v:86]
INFO: [Synth 8-256] done synthesizing module 'seg7x16' (16#1) [D:/vivado_projects/CPU54/CPU54.srcs/sources_1/new/seg7x16.v:21]
INFO: [Synth 8-256] done synthesizing module 'top' (17#1) [D:/vivado_projects/CPU54/CPU54.srcs/sources_1/new/top.v:1]
WARNING: [Synth 8-3331] design CPO has unconnected port intr
WARNING: [Synth 8-3331] design DMEM_with_LDP has unconnected port rst
WARNING: [Synth 8-3331] design DMEM_with_LDP has unconnected port addr[31]
WARNING: [Synth 8-3331] design DMEM_with_LDP has unconnected port addr[30]
WARNING: [Synth 8-3331] design DMEM_with_LDP has unconnected port addr[29]
WARNING: [Synth 8-3331] design DMEM_with_LDP has unconnected port addr[28]
WARNING: [Synth 8-3331] design DMEM_with_LDP has unconnected port addr[27]
WARNING: [Synth 8-3331] design DMEM_with_LDP has unconnected port addr[26]
WARNING: [Synth 8-3331] design DMEM_with_LDP has unconnected port addr[25]
WARNING: [Synth 8-3331] design DMEM_with_LDP has unconnected port addr[24]
WARNING: [Synth 8-3331] design DMEM_with_LDP has unconnected port addr[23]
WARNING: [Synth 8-3331] design DMEM_with_LDP has unconnected port addr[22]
WARNING: [Synth 8-3331] design DMEM_with_LDP has unconnected port addr[21]
WARNING: [Synth 8-3331] design DMEM_with_LDP has unconnected port addr[20]
WARNING: [Synth 8-3331] design DMEM_with_LDP has unconnected port addr[19]
WARNING: [Synth 8-3331] design DMEM_with_LDP has unconnected port addr[18]
WARNING: [Synth 8-3331] design DMEM_with_LDP has unconnected port addr[17]
WARNING: [Synth 8-3331] design DMEM_with_LDP has unconnected port addr[16]
WARNING: [Synth 8-3331] design DMEM_with_LDP has unconnected port addr[15]
WARNING: [Synth 8-3331] design DMEM_with_LDP has unconnected port addr[14]
WARNING: [Synth 8-3331] design DMEM_with_LDP has unconnected port addr[13]
WARNING: [Synth 8-3331] design CU has unconnected port Instr[15]
WARNING: [Synth 8-3331] design CU has unconnected port Instr[14]
WARNING: [Synth 8-3331] design CU has unconnected port Instr[13]
WARNING: [Synth 8-3331] design CU has unconnected port Instr[12]
WARNING: [Synth 8-3331] design CU has unconnected port Instr[11]
WARNING: [Synth 8-3331] design CU has unconnected port Instr[10]
WARNING: [Synth 8-3331] design CU has unconnected port Instr[9]
WARNING: [Synth 8-3331] design CU has unconnected port Instr[8]
WARNING: [Synth 8-3331] design CU has unconnected port Instr[7]
WARNING: [Synth 8-3331] design CU has unconnected port Instr[6]
WARNING: [Synth 8-3331] design CU has unconnected port ACC[31]
WARNING: [Synth 8-3331] design CU has unconnected port ACC[30]
WARNING: [Synth 8-3331] design CU has unconnected port ACC[29]
WARNING: [Synth 8-3331] design CU has unconnected port ACC[28]
WARNING: [Synth 8-3331] design CU has unconnected port ACC[27]
WARNING: [Synth 8-3331] design CU has unconnected port ACC[26]
WARNING: [Synth 8-3331] design CU has unconnected port ACC[25]
WARNING: [Synth 8-3331] design CU has unconnected port ACC[24]
WARNING: [Synth 8-3331] design CU has unconnected port ACC[23]
WARNING: [Synth 8-3331] design CU has unconnected port ACC[22]
WARNING: [Synth 8-3331] design CU has unconnected port ACC[21]
WARNING: [Synth 8-3331] design CU has unconnected port ACC[20]
WARNING: [Synth 8-3331] design CU has unconnected port ACC[19]
WARNING: [Synth 8-3331] design CU has unconnected port ACC[18]
WARNING: [Synth 8-3331] design CU has unconnected port ACC[17]
WARNING: [Synth 8-3331] design CU has unconnected port ACC[16]
WARNING: [Synth 8-3331] design CU has unconnected port ACC[15]
WARNING: [Synth 8-3331] design CU has unconnected port ACC[14]
WARNING: [Synth 8-3331] design CU has unconnected port ACC[13]
WARNING: [Synth 8-3331] design CU has unconnected port ACC[12]
WARNING: [Synth 8-3331] design CU has unconnected port ACC[11]
WARNING: [Synth 8-3331] design CU has unconnected port ACC[10]
WARNING: [Synth 8-3331] design CU has unconnected port ACC[9]
WARNING: [Synth 8-3331] design CU has unconnected port ACC[8]
WARNING: [Synth 8-3331] design CU has unconnected port ACC[7]
WARNING: [Synth 8-3331] design CU has unconnected port ACC[6]
WARNING: [Synth 8-3331] design CU has unconnected port ACC[5]
WARNING: [Synth 8-3331] design CU has unconnected port ACC[4]
WARNING: [Synth 8-3331] design CU has unconnected port ACC[3]
WARNING: [Synth 8-3331] design CU has unconnected port ACC[2]
WARNING: [Synth 8-3331] design CU has unconnected port ACC[1]
WARNING: [Synth 8-3331] design CU has unconnected port ACC[0]
WARNING: [Synth 8-3331] design CU has unconnected port CP0_status[31]
WARNING: [Synth 8-3331] design CU has unconnected port CP0_status[30]
WARNING: [Synth 8-3331] design CU has unconnected port CP0_status[29]
WARNING: [Synth 8-3331] design CU has unconnected port CP0_status[28]
WARNING: [Synth 8-3331] design CU has unconnected port CP0_status[27]
WARNING: [Synth 8-3331] design CU has unconnected port CP0_status[26]
WARNING: [Synth 8-3331] design CU has unconnected port CP0_status[25]
WARNING: [Synth 8-3331] design CU has unconnected port CP0_status[24]
WARNING: [Synth 8-3331] design CU has unconnected port CP0_status[23]
WARNING: [Synth 8-3331] design CU has unconnected port CP0_status[22]
WARNING: [Synth 8-3331] design CU has unconnected port CP0_status[21]
WARNING: [Synth 8-3331] design CU has unconnected port CP0_status[20]
WARNING: [Synth 8-3331] design CU has unconnected port CP0_status[19]
WARNING: [Synth 8-3331] design CU has unconnected port CP0_status[18]
WARNING: [Synth 8-3331] design CU has unconnected port CP0_status[17]
WARNING: [Synth 8-3331] design CU has unconnected port CP0_status[16]
WARNING: [Synth 8-3331] design CU has unconnected port CP0_status[15]
WARNING: [Synth 8-3331] design CU has unconnected port CP0_status[14]
WARNING: [Synth 8-3331] design CU has unconnected port CP0_status[13]
WARNING: [Synth 8-3331] design CU has unconnected port CP0_status[12]
WARNING: [Synth 8-3331] design CU has unconnected port CP0_status[11]
WARNING: [Synth 8-3331] design CU has unconnected port CP0_status[10]
WARNING: [Synth 8-3331] design CU has unconnected port CP0_status[9]
WARNING: [Synth 8-3331] design CU has unconnected port CP0_status[8]
WARNING: [Synth 8-3331] design CU has unconnected port CP0_status[7]
WARNING: [Synth 8-3331] design CU has unconnected port CP0_status[6]
WARNING: [Synth 8-3331] design CU has unconnected port CP0_status[5]
WARNING: [Synth 8-3331] design CU has unconnected port CP0_status[4]
WARNING: [Synth 8-3331] design CU has unconnected port CP0_status[3]
WARNING: [Synth 8-3331] design CU has unconnected port CP0_status[2]
WARNING: [Synth 8-3331] design CU has unconnected port CP0_status[1]
WARNING: [Synth 8-3331] design CU has unconnected port CP0_status[0]
---------------------------------------------------------------------------------
Finished RTL Elaboration : Time (s): cpu = 00:00:04 ; elapsed = 00:00:06 . Memory (MB): peak = 348.980 ; gain = 141.609
---------------------------------------------------------------------------------

Report Check Netlist: 
+------+------------------+-------+---------+-------+------------------+
|      |Item              |Errors |Warnings |Status |Description       |
+------+------------------+-------+---------+-------+------------------+
|1     |multi_driven_nets |      0|        0|Passed |Multi driven nets |
+------+------------------+-------+---------+-------+------------------+
---------------------------------------------------------------------------------
Finished RTL Optimization Phase 1 : Time (s): cpu = 00:00:04 ; elapsed = 00:00:07 . Memory (MB): peak = 348.980 ; gain = 141.609
---------------------------------------------------------------------------------
WARNING: [Project 1-486] Could not resolve non-primitive black box cell 'dist_mem_gen_0' instantiated as 'sd/sccpu/imem_inst/Instr_mem' [D:/vivado_projects/CPU54/CPU54.srcs/sources_1/new/IMEM.v:10]
INFO: [Device 21-403] Loading part xc7a100tcsg324-1
INFO: [Project 1-570] Preparing netlist for logic optimization

Processing XDC Constraints
Initializing timing engine
Parsing XDC File [D:/vivado_projects/CPU54/CPU54.runs/synth_1/.Xil/Vivado-15220-LAPTOP-V0AHCU9H/dcp/dist_mem_gen_0_in_context.xdc] for cell 'sd/sccpu/imem_inst/Instr_mem'
Finished Parsing XDC File [D:/vivado_projects/CPU54/CPU54.runs/synth_1/.Xil/Vivado-15220-LAPTOP-V0AHCU9H/dcp/dist_mem_gen_0_in_context.xdc] for cell 'sd/sccpu/imem_inst/Instr_mem'
Parsing XDC File [D:/vivado_projects/CPU54/CPU54.srcs/constrs_1/new/CPU54.xdc]
Finished Parsing XDC File [D:/vivado_projects/CPU54/CPU54.srcs/constrs_1/new/CPU54.xdc]
INFO: [Project 1-236] Implementation specific constraints were found while reading constraint file [D:/vivado_projects/CPU54/CPU54.srcs/constrs_1/new/CPU54.xdc]. These constraints will be ignored for synthesis but will be used in implementation. Impacted constraints are listed in the file [.Xil/top_propImpl.xdc].
Resolution: To avoid this warning, move constraints listed in [.Xil/top_propImpl.xdc] to another XDC file and exclude this new file from synthesis with the used_in_synthesis property (File Properties dialog in GUI) and re-run elaboration/synthesis.
Completed Processing XDC Constraints

INFO: [Project 1-111] Unisim Transformation Summary:
No Unisim elements were transformed.

Constraint Validation Runtime : Time (s): cpu = 00:00:00 ; elapsed = 00:00:00.003 . Memory (MB): peak = 663.641 ; gain = 0.000
---------------------------------------------------------------------------------
Finished Constraint Validation : Time (s): cpu = 00:00:08 ; elapsed = 00:00:12 . Memory (MB): peak = 663.641 ; gain = 456.270
---------------------------------------------------------------------------------
---------------------------------------------------------------------------------
Start Loading Part and Timing Information
---------------------------------------------------------------------------------
Loading part: xc7a100tcsg324-1
---------------------------------------------------------------------------------
Finished Loading Part and Timing Information : Time (s): cpu = 00:00:08 ; elapsed = 00:00:12 . Memory (MB): peak = 663.641 ; gain = 456.270
---------------------------------------------------------------------------------
---------------------------------------------------------------------------------
Start Applying 'set_property' XDC Constraints
---------------------------------------------------------------------------------
---------------------------------------------------------------------------------
Finished applying 'set_property' XDC Constraints : Time (s): cpu = 00:00:08 ; elapsed = 00:00:12 . Memory (MB): peak = 663.641 ; gain = 456.270
---------------------------------------------------------------------------------
INFO: [Synth 8-5545] ROM "counter" won't be mapped to RAM because address size (32) is larger than maximum supported(25)
INFO: [Synth 8-5545] ROM "clk_out" won't be mapped to RAM because address size (32) is larger than maximum supported(25)
INFO: [Synth 8-802] inferred FSM for state register 'state_reg' in module 'CU'
INFO: [Synth 8-5587] ROM size for "ALUc" is below threshold of ROM address width. It will be mapped to LUTs
INFO: [Synth 8-5546] ROM "ALUc" won't be mapped to RAM because it is too sparse
INFO: [Synth 8-5546] ROM "ALUc" won't be mapped to RAM because it is too sparse
INFO: [Synth 8-5546] ROM "MDUc" won't be mapped to RAM because it is too sparse
INFO: [Synth 8-5546] ROM "DM_w" won't be mapped to RAM because it is too sparse
INFO: [Synth 8-5546] ROM "byte_out_c" won't be mapped to RAM because it is too sparse
INFO: [Synth 8-5546] ROM "byte_in_ena" won't be mapped to RAM because it is too sparse
INFO: [Synth 8-5546] ROM "HI_w" won't be mapped to RAM because it is too sparse
INFO: [Synth 8-5546] ROM "LO_w" won't be mapped to RAM because it is too sparse
INFO: [Synth 8-5546] ROM "M1" won't be mapped to RAM because it is too sparse
INFO: [Synth 8-5587] ROM size for "M3" is below threshold of ROM address width. It will be mapped to LUTs
INFO: [Synth 8-5546] ROM "M4" won't be mapped to RAM because it is too sparse
INFO: [Synth 8-5546] ROM "M4" won't be mapped to RAM because it is too sparse
INFO: [Synth 8-5546] ROM "cause" won't be mapped to RAM because it is too sparse
INFO: [Synth 8-5587] ROM size for "EXT_c" is below threshold of ROM address width. It will be mapped to LUTs
INFO: [Synth 8-5546] ROM "Reg_in" won't be mapped to RAM because it is too sparse
INFO: [Synth 8-5546] ROM "MDU_start" won't be mapped to RAM because it is too sparse
INFO: [Synth 8-5546] ROM "RsReg_in" won't be mapped to RAM because it is too sparse
INFO: [Synth 8-5546] ROM "exception" won't be mapped to RAM because it is too sparse
INFO: [Synth 8-5546] ROM "eret" won't be mapped to RAM because it is too sparse
INFO: [Synth 8-5546] ROM "mtc0" won't be mapped to RAM because it is too sparse
INFO: [Synth 8-5546] ROM "M6" won't be mapped to RAM because it is too sparse
INFO: [Synth 8-5546] ROM "DM_r" won't be mapped to RAM because it is too sparse
INFO: [Synth 8-5546] ROM "ACC_in" won't be mapped to RAM because it is too sparse
INFO: [Synth 8-5546] ROM "IR_in" won't be mapped to RAM because it is too sparse
INFO: [Synth 8-5587] ROM size for "PC_in" is below threshold of ROM address width. It will be mapped to LUTs
INFO: [Synth 8-5546] ROM "next_state" won't be mapped to RAM because it is too sparse
INFO: [Synth 8-5544] ROM "next_state" won't be mapped to Block RAM because address size (1) smaller than threshold (5)
INFO: [Synth 8-5587] ROM size for "next_state" is below threshold of ROM address width. It will be mapped to LUTs
INFO: [Synth 8-5546] ROM "next_state" won't be mapped to RAM because it is too sparse
INFO: [Synth 8-5546] ROM "next_state" won't be mapped to RAM because it is too sparse
INFO: [Synth 8-5546] ROM "array_reg_reg[31]" won't be mapped to RAM because it is too sparse
INFO: [Synth 8-5546] ROM "array_reg_reg[30]" won't be mapped to RAM because it is too sparse
INFO: [Synth 8-5546] ROM "array_reg_reg[29]" won't be mapped to RAM because it is too sparse
INFO: [Synth 8-5546] ROM "array_reg_reg[28]" won't be mapped to RAM because it is too sparse
INFO: [Synth 8-5546] ROM "array_reg_reg[27]" won't be mapped to RAM because it is too sparse
INFO: [Synth 8-5546] ROM "array_reg_reg[26]" won't be mapped to RAM because it is too sparse
INFO: [Synth 8-5546] ROM "array_reg_reg[25]" won't be mapped to RAM because it is too sparse
INFO: [Synth 8-5546] ROM "array_reg_reg[24]" won't be mapped to RAM because it is too sparse
INFO: [Synth 8-5546] ROM "array_reg_reg[23]" won't be mapped to RAM because it is too sparse
INFO: [Synth 8-5546] ROM "array_reg_reg[22]" won't be mapped to RAM because it is too sparse
INFO: [Synth 8-5546] ROM "array_reg_reg[21]" won't be mapped to RAM because it is too sparse
INFO: [Synth 8-5546] ROM "array_reg_reg[20]" won't be mapped to RAM because it is too sparse
INFO: [Synth 8-5546] ROM "array_reg_reg[19]" won't be mapped to RAM because it is too sparse
INFO: [Synth 8-5546] ROM "array_reg_reg[18]" won't be mapped to RAM because it is too sparse
INFO: [Synth 8-5546] ROM "array_reg_reg[17]" won't be mapped to RAM because it is too sparse
INFO: [Synth 8-5546] ROM "array_reg_reg[16]" won't be mapped to RAM because it is too sparse
INFO: [Synth 8-5546] ROM "array_reg_reg[15]" won't be mapped to RAM because it is too sparse
INFO: [Synth 8-5546] ROM "array_reg_reg[14]" won't be mapped to RAM because it is too sparse
INFO: [Synth 8-5546] ROM "array_reg_reg[13]" won't be mapped to RAM because it is too sparse
INFO: [Synth 8-5546] ROM "array_reg_reg[12]" won't be mapped to RAM because it is too sparse
INFO: [Synth 8-5546] ROM "array_reg_reg[11]" won't be mapped to RAM because it is too sparse
INFO: [Synth 8-5546] ROM "array_reg_reg[10]" won't be mapped to RAM because it is too sparse
INFO: [Synth 8-5546] ROM "array_reg_reg[9]" won't be mapped to RAM because it is too sparse
INFO: [Synth 8-5546] ROM "array_reg_reg[8]" won't be mapped to RAM because it is too sparse
INFO: [Synth 8-5546] ROM "array_reg_reg[7]" won't be mapped to RAM because it is too sparse
INFO: [Synth 8-5546] ROM "array_reg_reg[6]" won't be mapped to RAM because it is too sparse
INFO: [Synth 8-5546] ROM "array_reg_reg[5]" won't be mapped to RAM because it is too sparse
INFO: [Synth 8-5546] ROM "array_reg_reg[4]" won't be mapped to RAM because it is too sparse
INFO: [Synth 8-5546] ROM "array_reg_reg[3]" won't be mapped to RAM because it is too sparse
INFO: [Synth 8-5546] ROM "array_reg_reg[2]" won't be mapped to RAM because it is too sparse
INFO: [Synth 8-5546] ROM "array_reg_reg[1]" won't be mapped to RAM because it is too sparse
INFO: [Synth 8-5546] ROM "array_reg_reg[0]" won't be mapped to RAM because it is too sparse
INFO: [Synth 8-5545] ROM "r" won't be mapped to RAM because address size (32) is larger than maximum supported(25)
INFO: [Synth 8-5544] ROM "r" won't be mapped to Block RAM because address size (4) smaller than threshold (5)
INFO: [Synth 8-5545] ROM "zero" won't be mapped to RAM because address size (32) is larger than maximum supported(25)
INFO: [Synth 8-5545] ROM "zero" won't be mapped to RAM because address size (32) is larger than maximum supported(25)
INFO: [Synth 8-5545] ROM "zero" won't be mapped to RAM because address size (32) is larger than maximum supported(25)
INFO: [Synth 8-5545] ROM "zero" won't be mapped to RAM because address size (32) is larger than maximum supported(25)
INFO: [Synth 8-5545] ROM "zero" won't be mapped to RAM because address size (32) is larger than maximum supported(25)
INFO: [Synth 8-5545] ROM "zero" won't be mapped to RAM because address size (32) is larger than maximum supported(25)
INFO: [Synth 8-5818] HDL ADVISOR - The operator resource <multiplier> is shared. To prevent sharing consider applying a KEEP on the output of the operator [D:/vivado_projects/CPU54/CPU54.srcs/sources_1/new/MDU.v:47]
INFO: [Synth 8-5546] ROM "cp0_regs_reg[31]" won't be mapped to RAM because it is too sparse
INFO: [Synth 8-5546] ROM "cp0_regs_reg[30]" won't be mapped to RAM because it is too sparse
INFO: [Synth 8-5546] ROM "cp0_regs_reg[29]" won't be mapped to RAM because it is too sparse
INFO: [Synth 8-5546] ROM "cp0_regs_reg[28]" won't be mapped to RAM because it is too sparse
INFO: [Synth 8-5546] ROM "cp0_regs_reg[27]" won't be mapped to RAM because it is too sparse
INFO: [Synth 8-5546] ROM "cp0_regs_reg[26]" won't be mapped to RAM because it is too sparse
INFO: [Synth 8-5546] ROM "cp0_regs_reg[25]" won't be mapped to RAM because it is too sparse
INFO: [Synth 8-5546] ROM "cp0_regs_reg[24]" won't be mapped to RAM because it is too sparse
INFO: [Synth 8-5546] ROM "cp0_regs_reg[23]" won't be mapped to RAM because it is too sparse
INFO: [Synth 8-5546] ROM "cp0_regs_reg[22]" won't be mapped to RAM because it is too sparse
INFO: [Synth 8-5546] ROM "cp0_regs_reg[21]" won't be mapped to RAM because it is too sparse
INFO: [Synth 8-5546] ROM "cp0_regs_reg[20]" won't be mapped to RAM because it is too sparse
INFO: [Synth 8-5546] ROM "cp0_regs_reg[19]" won't be mapped to RAM because it is too sparse
INFO: [Synth 8-5546] ROM "cp0_regs_reg[18]" won't be mapped to RAM because it is too sparse
INFO: [Synth 8-5546] ROM "cp0_regs_reg[17]" won't be mapped to RAM because it is too sparse
INFO: [Synth 8-5546] ROM "cp0_regs_reg[16]" won't be mapped to RAM because it is too sparse
INFO: [Synth 8-5546] ROM "cp0_regs_reg[15]" won't be mapped to RAM because it is too sparse
INFO: [Synth 8-5546] ROM "cp0_regs_reg[14]" won't be mapped to RAM because it is too sparse
INFO: [Synth 8-5546] ROM "cp0_regs_reg[13]" won't be mapped to RAM because it is too sparse
INFO: [Synth 8-5546] ROM "cp0_regs_reg[12]" won't be mapped to RAM because it is too sparse
INFO: [Synth 8-5546] ROM "cp0_regs_reg[11]" won't be mapped to RAM because it is too sparse
INFO: [Synth 8-5546] ROM "cp0_regs_reg[10]" won't be mapped to RAM because it is too sparse
INFO: [Synth 8-5546] ROM "cp0_regs_reg[9]" won't be mapped to RAM because it is too sparse
INFO: [Synth 8-5546] ROM "cp0_regs_reg[8]" won't be mapped to RAM because it is too sparse
INFO: [Synth 8-5546] ROM "cp0_regs_reg[7]" won't be mapped to RAM because it is too sparse
INFO: [Synth 8-5546] ROM "cp0_regs_reg[6]" won't be mapped to RAM because it is too sparse
INFO: [Synth 8-5546] ROM "cp0_regs_reg[5]" won't be mapped to RAM because it is too sparse
INFO: [Synth 8-5546] ROM "cp0_regs_reg[4]" won't be mapped to RAM because it is too sparse
INFO: [Synth 8-5546] ROM "cp0_regs_reg[3]" won't be mapped to RAM because it is too sparse
INFO: [Synth 8-5546] ROM "cp0_regs_reg[2]" won't be mapped to RAM because it is too sparse
INFO: [Synth 8-5546] ROM "cp0_regs_reg[1]" won't be mapped to RAM because it is too sparse
INFO: [Synth 8-5546] ROM "cp0_regs_reg[0]" won't be mapped to RAM because it is too sparse
INFO: [Synth 8-5546] ROM "o_seg_r" won't be mapped to RAM because it is too sparse
---------------------------------------------------------------------------------------------------
                   State |                     New Encoding |                Previous Encoding 
---------------------------------------------------------------------------------------------------
                    S_IF |                            00000 |                            00000
                    S_ID |                            00001 |                            00001
                S_EX_ALU |                            00010 |                            00010
                S_WB_ALU |                            00011 |                            00011
               S_EX_ADDR |                            00100 |                            00100
              S_MEM_READ |                            00101 |                            00101
               S_WB_LOAD |                            00110 |                            00111
             S_MEM_WRITE |                            00111 |                            00110
               S_EX_JUMP |                            01000 |                            01001
             S_EX_BRANCH |                            01001 |                            01000
             S_MDU_START |                            01010 |                            01010
              S_MDU_WAIT |                            01011 |                            01011
              S_MDU_DONE |                            01100 |                            01100
          S_WB_FROM_HILO |                            01101 |                            01101
            S_EX_TO_HILO |                            01110 |                            01110
             S_EXCEPTION |                            01111 |                            01111
           S_WB_FROM_CP0 |                            10000 |                            10001
             S_EX_TO_CP0 |                            10001 |                            10000
               S_EX_ERET |                            10010 |                            10010
---------------------------------------------------------------------------------------------------
INFO: [Synth 8-3354] encoded FSM with state register 'state_reg' using encoding 'sequential' in module 'CU'
WARNING: [Synth 8-327] inferring latch for variable 'r_reg' [D:/vivado_projects/CPU54/CPU54.srcs/sources_1/new/ALU.v:17]
WARNING: [Synth 8-327] inferring latch for variable 'zero_reg' [D:/vivado_projects/CPU54/CPU54.srcs/sources_1/new/ALU.v:18]
WARNING: [Synth 8-327] inferring latch for variable 'carry_reg' [D:/vivado_projects/CPU54/CPU54.srcs/sources_1/new/ALU.v:20]
WARNING: [Synth 8-327] inferring latch for variable 'negative_reg' [D:/vivado_projects/CPU54/CPU54.srcs/sources_1/new/ALU.v:22]
WARNING: [Synth 8-327] inferring latch for variable 'overflow_reg' [D:/vivado_projects/CPU54/CPU54.srcs/sources_1/new/ALU.v:33]
---------------------------------------------------------------------------------
Finished RTL Optimization Phase 2 : Time (s): cpu = 00:00:09 ; elapsed = 00:00:13 . Memory (MB): peak = 663.641 ; gain = 456.270
---------------------------------------------------------------------------------

Report RTL Partitions: 
+-+--------------+------------+----------+
| |RTL Partition |Replication |Instances |
+-+--------------+------------+----------+
+-+--------------+------------+----------+
---------------------------------------------------------------------------------
Start RTL Component Statistics 
---------------------------------------------------------------------------------
Detailed RTL Component Info : 
+---Adders : 
	   2 Input     64 Bit       Adders := 1     
	   2 Input     32 Bit       Adders := 11    
	   3 Input     32 Bit       Adders := 1     
	   2 Input      6 Bit       Adders := 1     
	   2 Input      5 Bit       Adders := 1     
	   2 Input      3 Bit       Adders := 1     
+---XORs : 
	   2 Input     32 Bit         XORs := 1     
+---Registers : 
	               64 Bit    Registers := 1     
	               32 Bit    Registers := 77    
	                8 Bit    Registers := 1     
	                6 Bit    Registers := 1     
	                3 Bit    Registers := 1     
	                2 Bit    Registers := 1     
	                1 Bit    Registers := 3     
+---RAMs : 
	              64K Bit         RAMs := 1     
+---Muxes : 
	   4 Input     64 Bit        Muxes := 1     
	   4 Input     33 Bit        Muxes := 2     
	   2 Input     32 Bit        Muxes := 17    
	  33 Input     32 Bit        Muxes := 2     
	   6 Input     32 Bit        Muxes := 1     
	   4 Input     32 Bit        Muxes := 2     
	   2 Input     16 Bit        Muxes := 1     
	   4 Input      8 Bit        Muxes := 1     
	   2 Input      8 Bit        Muxes := 1     
	  16 Input      8 Bit        Muxes := 1     
	   8 Input      8 Bit        Muxes := 1     
	   8 Input      6 Bit        Muxes := 1     
	   2 Input      6 Bit        Muxes := 26    
	   4 Input      6 Bit        Muxes := 1     
	  41 Input      5 Bit        Muxes := 1     
	   2 Input      5 Bit        Muxes := 3     
	   4 Input      4 Bit        Muxes := 4     
	   2 Input      4 Bit        Muxes := 5     
	  17 Input      4 Bit        Muxes := 1     
	  10 Input      4 Bit        Muxes := 1     
	  11 Input      4 Bit        Muxes := 1     
	  19 Input      4 Bit        Muxes := 3     
	   2 Input      3 Bit        Muxes := 2     
	   4 Input      3 Bit        Muxes := 1     
	   6 Input      3 Bit        Muxes := 1     
	  19 Input      3 Bit        Muxes := 3     
	   2 Input      2 Bit        Muxes := 10    
	   3 Input      2 Bit        Muxes := 2     
	   4 Input      2 Bit        Muxes := 4     
	  19 Input      2 Bit        Muxes := 1     
	   2 Input      1 Bit        Muxes := 85    
	   4 Input      1 Bit        Muxes := 11    
	  11 Input      1 Bit        Muxes := 3     
	   3 Input      1 Bit        Muxes := 4     
	  17 Input      1 Bit        Muxes := 1     
	  19 Input      1 Bit        Muxes := 20    
	   7 Input      1 Bit        Muxes := 1     
	  13 Input      1 Bit        Muxes := 2     
---------------------------------------------------------------------------------
Finished RTL Component Statistics 
---------------------------------------------------------------------------------
---------------------------------------------------------------------------------
Start RTL Hierarchical Component Statistics 
---------------------------------------------------------------------------------
Hierarchical RTL Component report 
Module Divider 
Detailed RTL Component Info : 
+---Adders : 
	   2 Input     32 Bit       Adders := 1     
+---Registers : 
	               32 Bit    Registers := 1     
	                1 Bit    Registers := 1     
+---Muxes : 
	   2 Input     32 Bit        Muxes := 1     
	   2 Input      1 Bit        Muxes := 1     
Module CU 
Detailed RTL Component Info : 
+---Muxes : 
	  41 Input      5 Bit        Muxes := 1     
	   4 Input      4 Bit        Muxes := 3     
	   2 Input      4 Bit        Muxes := 5     
	  17 Input      4 Bit        Muxes := 1     
	  10 Input      4 Bit        Muxes := 1     
	  11 Input      4 Bit        Muxes := 1     
	  19 Input      4 Bit        Muxes := 3     
	   2 Input      3 Bit        Muxes := 2     
	   4 Input      3 Bit        Muxes := 1     
	   6 Input      3 Bit        Muxes := 1     
	  19 Input      3 Bit        Muxes := 3     
	   2 Input      2 Bit        Muxes := 10    
	   3 Input      2 Bit        Muxes := 2     
	   4 Input      2 Bit        Muxes := 3     
	  19 Input      2 Bit        Muxes := 1     
	   2 Input      1 Bit        Muxes := 9     
	   4 Input      1 Bit        Muxes := 2     
	  11 Input      1 Bit        Muxes := 3     
	   3 Input      1 Bit        Muxes := 3     
	  17 Input      1 Bit        Muxes := 1     
	  19 Input      1 Bit        Muxes := 20    
Module PC 
Detailed RTL Component Info : 
+---Registers : 
	               32 Bit    Registers := 1     
Module IMEM 
Detailed RTL Component Info : 
+---Adders : 
	   2 Input     32 Bit       Adders := 1     
Module RegFile 
Detailed RTL Component Info : 
+---Registers : 
	               32 Bit    Registers := 32    
+---Muxes : 
	  33 Input     32 Bit        Muxes := 2     
	   2 Input      1 Bit        Muxes := 32    
Module ALU 
Detailed RTL Component Info : 
+---Adders : 
	   2 Input     32 Bit       Adders := 1     
	   3 Input     32 Bit       Adders := 1     
	   2 Input      5 Bit       Adders := 1     
+---XORs : 
	   2 Input     32 Bit         XORs := 1     
+---Muxes : 
	   8 Input      6 Bit        Muxes := 1     
	   2 Input      6 Bit        Muxes := 26    
	   2 Input      1 Bit        Muxes := 10    
	   7 Input      1 Bit        Muxes := 1     
	  13 Input      1 Bit        Muxes := 2     
	   4 Input      1 Bit        Muxes := 2     
Module Extender 
Detailed RTL Component Info : 
+---Muxes : 
	   2 Input     32 Bit        Muxes := 1     
Module DMEM_with_LDP 
Detailed RTL Component Info : 
+---RAMs : 
	              64K Bit         RAMs := 1     
+---Muxes : 
	   6 Input     32 Bit        Muxes := 1     
	   4 Input     32 Bit        Muxes := 1     
	   2 Input     32 Bit        Muxes := 1     
	   2 Input     16 Bit        Muxes := 1     
	   4 Input      8 Bit        Muxes := 1     
Module MDU 
Detailed RTL Component Info : 
+---Adders : 
	   2 Input     64 Bit       Adders := 1     
	   2 Input     32 Bit       Adders := 4     
	   2 Input      6 Bit       Adders := 1     
+---Registers : 
	               64 Bit    Registers := 1     
	               32 Bit    Registers := 2     
	                6 Bit    Registers := 1     
	                2 Bit    Registers := 1     
	                1 Bit    Registers := 1     
+---Muxes : 
	   4 Input     64 Bit        Muxes := 1     
	   4 Input     33 Bit        Muxes := 2     
	   2 Input     32 Bit        Muxes := 4     
	   4 Input      6 Bit        Muxes := 1     
	   4 Input      4 Bit        Muxes := 1     
	   4 Input      2 Bit        Muxes := 1     
	   4 Input      1 Bit        Muxes := 6     
Module CPO 
Detailed RTL Component Info : 
+---Adders : 
	   2 Input     32 Bit       Adders := 1     
+---Registers : 
	               32 Bit    Registers := 32    
	                1 Bit    Registers := 1     
+---Muxes : 
	   2 Input     32 Bit        Muxes := 6     
	   4 Input     32 Bit        Muxes := 1     
	   2 Input      5 Bit        Muxes := 1     
	   2 Input      1 Bit        Muxes := 33    
	   3 Input      1 Bit        Muxes := 1     
	   4 Input      1 Bit        Muxes := 1     
Module MUX4 
Detailed RTL Component Info : 
+---Registers : 
	               32 Bit    Registers := 1     
Module datapath 
Detailed RTL Component Info : 
+---Adders : 
	   2 Input     32 Bit       Adders := 3     
+---Registers : 
	               32 Bit    Registers := 7     
+---Muxes : 
	   2 Input     32 Bit        Muxes := 4     
	   2 Input      5 Bit        Muxes := 2     
Module seg7x16 
Detailed RTL Component Info : 
+---Adders : 
	   2 Input      3 Bit       Adders := 1     
+---Registers : 
	               32 Bit    Registers := 1     
	                8 Bit    Registers := 1     
	                3 Bit    Registers := 1     
+---Muxes : 
	   2 Input      8 Bit        Muxes := 1     
	  16 Input      8 Bit        Muxes := 1     
	   8 Input      8 Bit        Muxes := 1     
---------------------------------------------------------------------------------
Finished RTL Hierarchical Component Statistics
---------------------------------------------------------------------------------
---------------------------------------------------------------------------------
Start Part Resource Summary
---------------------------------------------------------------------------------
Part Resources:
DSPs: 240 (col length:80)
BRAMs: 270 (col length: RAMB18 80 RAMB36 40)
---------------------------------------------------------------------------------
Finished Part Resource Summary
---------------------------------------------------------------------------------
Start Parallel Synthesis Optimization  : Time (s): cpu = 00:00:09 ; elapsed = 00:00:13 . Memory (MB): peak = 663.641 ; gain = 456.270
---------------------------------------------------------------------------------
Start Cross Boundary Optimization
---------------------------------------------------------------------------------
INFO: [Synth 8-5545] ROM "r" won't be mapped to RAM because address size (32) is larger than maximum supported(25)
INFO: [Synth 8-5545] ROM "zero" won't be mapped to RAM because address size (32) is larger than maximum supported(25)
INFO: [Synth 8-5545] ROM "zero" won't be mapped to RAM because address size (32) is larger than maximum supported(25)
INFO: [Synth 8-5545] ROM "zero" won't be mapped to RAM because address size (32) is larger than maximum supported(25)
INFO: [Synth 8-5545] ROM "zero" won't be mapped to RAM because address size (32) is larger than maximum supported(25)
INFO: [Synth 8-5545] ROM "zero" won't be mapped to RAM because address size (32) is larger than maximum supported(25)
INFO: [Synth 8-5545] ROM "zero" won't be mapped to RAM because address size (32) is larger than maximum supported(25)
DSP Report: Generating DSP p_1_out, operation Mode is: A*B.
DSP Report: operator p_1_out is absorbed into DSP p_1_out.
DSP Report: operator p_0_out is absorbed into DSP p_1_out.
DSP Report: Generating DSP p_1_out, operation Mode is: (PCIN>>17)+A*B.
DSP Report: operator p_1_out is absorbed into DSP p_1_out.
DSP Report: operator p_0_out is absorbed into DSP p_1_out.
DSP Report: Generating DSP p_1_out, operation Mode is: A*B.
DSP Report: operator p_1_out is absorbed into DSP p_1_out.
DSP Report: operator p_0_out is absorbed into DSP p_1_out.
DSP Report: Generating DSP p_1_out, operation Mode is: (PCIN>>17)+A*B.
DSP Report: operator p_1_out is absorbed into DSP p_1_out.
DSP Report: operator p_0_out is absorbed into DSP p_1_out.
INFO: [Synth 8-5545] ROM "divider_inst/counter" won't be mapped to RAM because address size (32) is larger than maximum supported(25)
INFO: [Synth 8-5545] ROM "divider_inst/clk_out" won't be mapped to RAM because address size (32) is larger than maximum supported(25)
WARNING: [Synth 8-3331] design CPO has unconnected port intr
WARNING: [Synth 8-3331] design DMEM_with_LDP has unconnected port rst
WARNING: [Synth 8-3331] design DMEM_with_LDP has unconnected port addr[31]
WARNING: [Synth 8-3331] design DMEM_with_LDP has unconnected port addr[30]
WARNING: [Synth 8-3331] design DMEM_with_LDP has unconnected port addr[29]
INFO: [Common 17-14] Message 'Synth 8-3331' appears 100 times and further instances of the messages will be disabled. Use the Tcl command set_msg_config to change the current settings.
---------------------------------------------------------------------------------
Finished Cross Boundary Optimization : Time (s): cpu = 00:00:10 ; elapsed = 00:00:14 . Memory (MB): peak = 663.641 ; gain = 456.270
---------------------------------------------------------------------------------
Finished Parallel Reinference  : Time (s): cpu = 00:00:10 ; elapsed = 00:00:14 . Memory (MB): peak = 663.641 ; gain = 456.270

Report RTL Partitions: 
+-+--------------+------------+----------+
| |RTL Partition |Replication |Instances |
+-+--------------+------------+----------+
+-+--------------+------------+----------+
---------------------------------------------------------------------------------
Start ROM, RAM, DSP and Shift Register Reporting
---------------------------------------------------------------------------------

Distributed RAM: Preliminary Mapping  Report (see note below)
+--------------+------------+-----------+----------------------+-------------------+
|Module Name   | RTL Object | Inference | Size (Depth x Width) | Primitives        | 
+--------------+------------+-----------+----------------------+-------------------+
|DMEM_with_LDP | mem_reg    | Implied   | 2 K x 32             | RAM256X1S x 256   | 
+--------------+------------+-----------+----------------------+-------------------+

Note: The table above is a preliminary report that shows the Distributed RAMs at the current stage of the synthesis flow. Some Distributed RAMs may be reimplemented as non Distributed RAM primitives later in the synthesis flow. Multiple instantiated RAMs are reported only once.

DSP: Preliminary Mapping  Report (see note below)
+------------+----------------+--------+--------+--------+--------+--------+------+------+------+------+-------+------+------+
|Module Name | DSP Mapping    | A Size | B Size | C Size | D Size | P Size | AREG | BREG | CREG | DREG | ADREG | MREG | PREG | 
+------------+----------------+--------+--------+--------+--------+--------+------+------+------+------+-------+------+------+
|MDU         | A*B            | 18     | 16     | -      | -      | 48     | 0    | 0    | -    | -    | -     | 0    | 0    | 
|MDU         | (PCIN>>17)+A*B | 16     | 16     | -      | -      | 30     | 0    | 0    | -    | -    | -     | 0    | 0    | 
|MDU         | A*B            | 18     | 18     | -      | -      | 48     | 0    | 0    | -    | -    | -     | 0    | 0    | 
|MDU         | (PCIN>>17)+A*B | 18     | 16     | -      | -      | 47     | 0    | 0    | -    | -    | -     | 0    | 0    | 
+------------+----------------+--------+--------+--------+--------+--------+------+------+------+------+-------+------+------+

Note: The table above is a preliminary report that shows the DSPs inferred at the current stage of the synthesis flow. Some DSP may be reimplemented as non DSP primitives later in the synthesis flow. Multiple instantiated DSPs are reported only once.
---------------------------------------------------------------------------------
Finished ROM, RAM, DSP and Shift Register Reporting
---------------------------------------------------------------------------------
---------------------------------------------------------------------------------
Start Area Optimization
---------------------------------------------------------------------------------
INFO: [Synth 8-3333] propagating constant 1 across sequential element (\print/o_seg_r_reg[7] )
WARNING: [Synth 8-3332] Sequential element (array_reg_reg[0][31]) is unused and will be removed from module RegFile.
WARNING: [Synth 8-3332] Sequential element (array_reg_reg[0][30]) is unused and will be removed from module RegFile.
WARNING: [Synth 8-3332] Sequential element (array_reg_reg[0][29]) is unused and will be removed from module RegFile.
WARNING: [Synth 8-3332] Sequential element (array_reg_reg[0][28]) is unused and will be removed from module RegFile.
WARNING: [Synth 8-3332] Sequential element (array_reg_reg[0][27]) is unused and will be removed from module RegFile.
WARNING: [Synth 8-3332] Sequential element (array_reg_reg[0][26]) is unused and will be removed from module RegFile.
WARNING: [Synth 8-3332] Sequential element (array_reg_reg[0][25]) is unused and will be removed from module RegFile.
WARNING: [Synth 8-3332] Sequential element (array_reg_reg[0][24]) is unused and will be removed from module RegFile.
WARNING: [Synth 8-3332] Sequential element (array_reg_reg[0][23]) is unused and will be removed from module RegFile.
WARNING: [Synth 8-3332] Sequential element (array_reg_reg[0][22]) is unused and will be removed from module RegFile.
WARNING: [Synth 8-3332] Sequential element (array_reg_reg[0][21]) is unused and will be removed from module RegFile.
WARNING: [Synth 8-3332] Sequential element (array_reg_reg[0][20]) is unused and will be removed from module RegFile.
WARNING: [Synth 8-3332] Sequential element (array_reg_reg[0][19]) is unused and will be removed from module RegFile.
WARNING: [Synth 8-3332] Sequential element (array_reg_reg[0][18]) is unused and will be removed from module RegFile.
WARNING: [Synth 8-3332] Sequential element (array_reg_reg[0][17]) is unused and will be removed from module RegFile.
WARNING: [Synth 8-3332] Sequential element (array_reg_reg[0][16]) is unused and will be removed from module RegFile.
WARNING: [Synth 8-3332] Sequential element (array_reg_reg[0][15]) is unused and will be removed from module RegFile.
WARNING: [Synth 8-3332] Sequential element (array_reg_reg[0][14]) is unused and will be removed from module RegFile.
WARNING: [Synth 8-3332] Sequential element (array_reg_reg[0][13]) is unused and will be removed from module RegFile.
WARNING: [Synth 8-3332] Sequential element (array_reg_reg[0][12]) is unused and will be removed from module RegFile.
WARNING: [Synth 8-3332] Sequential element (array_reg_reg[0][11]) is unused and will be removed from module RegFile.
WARNING: [Synth 8-3332] Sequential element (array_reg_reg[0][10]) is unused and will be removed from module RegFile.
WARNING: [Synth 8-3332] Sequential element (array_reg_reg[0][9]) is unused and will be removed from module RegFile.
WARNING: [Synth 8-3332] Sequential element (array_reg_reg[0][8]) is unused and will be removed from module RegFile.
WARNING: [Synth 8-3332] Sequential element (array_reg_reg[0][7]) is unused and will be removed from module RegFile.
WARNING: [Synth 8-3332] Sequential element (array_reg_reg[0][6]) is unused and will be removed from module RegFile.
WARNING: [Synth 8-3332] Sequential element (array_reg_reg[0][5]) is unused and will be removed from module RegFile.
WARNING: [Synth 8-3332] Sequential element (array_reg_reg[0][4]) is unused and will be removed from module RegFile.
WARNING: [Synth 8-3332] Sequential element (array_reg_reg[0][3]) is unused and will be removed from module RegFile.
WARNING: [Synth 8-3332] Sequential element (array_reg_reg[0][2]) is unused and will be removed from module RegFile.
WARNING: [Synth 8-3332] Sequential element (array_reg_reg[0][1]) is unused and will be removed from module RegFile.
WARNING: [Synth 8-3332] Sequential element (array_reg_reg[0][0]) is unused and will be removed from module RegFile.
WARNING: [Synth 8-3332] Sequential element (r_reg[31]) is unused and will be removed from module ALU.
WARNING: [Synth 8-3332] Sequential element (r_reg[30]) is unused and will be removed from module ALU.
WARNING: [Synth 8-3332] Sequential element (r_reg[29]) is unused and will be removed from module ALU.
WARNING: [Synth 8-3332] Sequential element (r_reg[28]) is unused and will be removed from module ALU.
WARNING: [Synth 8-3332] Sequential element (r_reg[27]) is unused and will be removed from module ALU.
WARNING: [Synth 8-3332] Sequential element (r_reg[26]) is unused and will be removed from module ALU.
WARNING: [Synth 8-3332] Sequential element (r_reg[25]) is unused and will be removed from module ALU.
WARNING: [Synth 8-3332] Sequential element (r_reg[24]) is unused and will be removed from module ALU.
WARNING: [Synth 8-3332] Sequential element (r_reg[23]) is unused and will be removed from module ALU.
WARNING: [Synth 8-3332] Sequential element (r_reg[22]) is unused and will be removed from module ALU.
WARNING: [Synth 8-3332] Sequential element (r_reg[21]) is unused and will be removed from module ALU.
WARNING: [Synth 8-3332] Sequential element (r_reg[20]) is unused and will be removed from module ALU.
WARNING: [Synth 8-3332] Sequential element (r_reg[19]) is unused and will be removed from module ALU.
WARNING: [Synth 8-3332] Sequential element (r_reg[18]) is unused and will be removed from module ALU.
WARNING: [Synth 8-3332] Sequential element (r_reg[17]) is unused and will be removed from module ALU.
WARNING: [Synth 8-3332] Sequential element (r_reg[16]) is unused and will be removed from module ALU.
WARNING: [Synth 8-3332] Sequential element (r_reg[15]) is unused and will be removed from module ALU.
WARNING: [Synth 8-3332] Sequential element (r_reg[14]) is unused and will be removed from module ALU.
WARNING: [Synth 8-3332] Sequential element (r_reg[13]) is unused and will be removed from module ALU.
WARNING: [Synth 8-3332] Sequential element (r_reg[12]) is unused and will be removed from module ALU.
WARNING: [Synth 8-3332] Sequential element (r_reg[11]) is unused and will be removed from module ALU.
WARNING: [Synth 8-3332] Sequential element (r_reg[10]) is unused and will be removed from module ALU.
WARNING: [Synth 8-3332] Sequential element (r_reg[9]) is unused and will be removed from module ALU.
WARNING: [Synth 8-3332] Sequential element (r_reg[8]) is unused and will be removed from module ALU.
WARNING: [Synth 8-3332] Sequential element (r_reg[7]) is unused and will be removed from module ALU.
WARNING: [Synth 8-3332] Sequential element (r_reg[6]) is unused and will be removed from module ALU.
WARNING: [Synth 8-3332] Sequential element (r_reg[5]) is unused and will be removed from module ALU.
WARNING: [Synth 8-3332] Sequential element (r_reg[4]) is unused and will be removed from module ALU.
WARNING: [Synth 8-3332] Sequential element (r_reg[3]) is unused and will be removed from module ALU.
WARNING: [Synth 8-3332] Sequential element (r_reg[2]) is unused and will be removed from module ALU.
WARNING: [Synth 8-3332] Sequential element (r_reg[1]) is unused and will be removed from module ALU.
WARNING: [Synth 8-3332] Sequential element (r_reg[0]) is unused and will be removed from module ALU.
WARNING: [Synth 8-3332] Sequential element (zero_reg) is unused and will be removed from module ALU.
WARNING: [Synth 8-3332] Sequential element (carry_reg) is unused and will be removed from module ALU.
WARNING: [Synth 8-3332] Sequential element (negative_reg) is unused and will be removed from module ALU.
WARNING: [Synth 8-3332] Sequential element (overflow_reg) is unused and will be removed from module ALU.
WARNING: [Synth 8-3332] Sequential element (timer_int_reg) is unused and will be removed from module CPO.
WARNING: [Synth 8-3332] Sequential element (print/o_seg_r_reg[7]) is unused and will be removed from module top.
---------------------------------------------------------------------------------
Finished Area Optimization : Time (s): cpu = 00:00:20 ; elapsed = 00:00:24 . Memory (MB): peak = 663.641 ; gain = 456.270
---------------------------------------------------------------------------------
Finished Parallel Area Optimization  : Time (s): cpu = 00:00:20 ; elapsed = 00:00:24 . Memory (MB): peak = 663.641 ; gain = 456.270

Report RTL Partitions: 
+-+--------------+------------+----------+
| |RTL Partition |Replication |Instances |
+-+--------------+------------+----------+
+-+--------------+------------+----------+
---------------------------------------------------------------------------------
Start Timing Optimization
---------------------------------------------------------------------------------
---------------------------------------------------------------------------------
Start Applying XDC Timing Constraints
---------------------------------------------------------------------------------
---------------------------------------------------------------------------------
Finished Applying XDC Timing Constraints : Time (s): cpu = 00:00:27 ; elapsed = 00:00:31 . Memory (MB): peak = 713.387 ; gain = 506.016
---------------------------------------------------------------------------------
---------------------------------------------------------------------------------
Finished Timing Optimization : Time (s): cpu = 00:00:28 ; elapsed = 00:00:33 . Memory (MB): peak = 732.836 ; gain = 525.465
---------------------------------------------------------------------------------

Report RTL Partitions: 
+-+--------------+------------+----------+
| |RTL Partition |Replication |Instances |
+-+--------------+------------+----------+
+-+--------------+------------+----------+
---------------------------------------------------------------------------------
Start Technology Mapping
---------------------------------------------------------------------------------
---------------------------------------------------------------------------------
Finished Technology Mapping : Time (s): cpu = 00:00:30 ; elapsed = 00:00:35 . Memory (MB): peak = 849.109 ; gain = 641.738
---------------------------------------------------------------------------------
Finished Parallel Technology Mapping Optimization  : Time (s): cpu = 00:00:30 ; elapsed = 00:00:35 . Memory (MB): peak = 849.109 ; gain = 641.738

Report RTL Partitions: 
+-+--------------+------------+----------+
| |RTL Partition |Replication |Instances |
+-+--------------+------------+----------+
+-+--------------+------------+----------+
Finished Parallel Synthesis Optimization  : Time (s): cpu = 00:00:30 ; elapsed = 00:00:35 . Memory (MB): peak = 849.109 ; gain = 641.738
---------------------------------------------------------------------------------
Start IO Insertion
---------------------------------------------------------------------------------
---------------------------------------------------------------------------------
Start Flattening Before IO Insertion
---------------------------------------------------------------------------------
---------------------------------------------------------------------------------
Finished Flattening Before IO Insertion
---------------------------------------------------------------------------------
---------------------------------------------------------------------------------
Start Final Netlist Cleanup
---------------------------------------------------------------------------------
---------------------------------------------------------------------------------
Finished Final Netlist Cleanup
---------------------------------------------------------------------------------
---------------------------------------------------------------------------------
Finished IO Insertion : Time (s): cpu = 00:00:31 ; elapsed = 00:00:36 . Memory (MB): peak = 849.109 ; gain = 641.738
---------------------------------------------------------------------------------

Report Check Netlist: 
+------+------------------+-------+---------+-------+------------------+
|      |Item              |Errors |Warnings |Status |Description       |
+------+------------------+-------+---------+-------+------------------+
|1     |multi_driven_nets |      0|        0|Passed |Multi driven nets |
+------+------------------+-------+---------+-------+------------------+
---------------------------------------------------------------------------------
Start Renaming Generated Instances
---------------------------------------------------------------------------------
---------------------------------------------------------------------------------
Finished Renaming Generated Instances : Time (s): cpu = 00:00:31 ; elapsed = 00:00:36 . Memory (MB): peak = 849.109 ; gain = 641.738
---------------------------------------------------------------------------------

Report RTL Partitions: 
+-+--------------+------------+----------+
| |RTL Partition |Replication |Instances |
+-+--------------+------------+----------+
+-+--------------+------------+----------+
---------------------------------------------------------------------------------
Start Rebuilding User Hierarchy
---------------------------------------------------------------------------------
---------------------------------------------------------------------------------
Finished Rebuilding User Hierarchy : Time (s): cpu = 00:00:32 ; elapsed = 00:00:37 . Memory (MB): peak = 849.109 ; gain = 641.738
---------------------------------------------------------------------------------
---------------------------------------------------------------------------------
Start Renaming Generated Ports
---------------------------------------------------------------------------------
---------------------------------------------------------------------------------
Finished Renaming Generated Ports : Time (s): cpu = 00:00:32 ; elapsed = 00:00:37 . Memory (MB): peak = 849.109 ; gain = 641.738
---------------------------------------------------------------------------------
---------------------------------------------------------------------------------
Start Handling Custom Attributes
---------------------------------------------------------------------------------
---------------------------------------------------------------------------------
Finished Handling Custom Attributes : Time (s): cpu = 00:00:32 ; elapsed = 00:00:37 . Memory (MB): peak = 849.109 ; gain = 641.738
---------------------------------------------------------------------------------
---------------------------------------------------------------------------------
Start Renaming Generated Nets
---------------------------------------------------------------------------------
---------------------------------------------------------------------------------
Finished Renaming Generated Nets : Time (s): cpu = 00:00:32 ; elapsed = 00:00:37 . Memory (MB): peak = 849.109 ; gain = 641.738
---------------------------------------------------------------------------------
---------------------------------------------------------------------------------
Start Writing Synthesis Report
---------------------------------------------------------------------------------

Report BlackBoxes: 
+------+---------------+----------+
|      |BlackBox name  |Instances |
+------+---------------+----------+
|1     |dist_mem_gen_0 |         1|
+------+---------------+----------+

Report Cell Usage: 
+------+---------------+------+
|      |Cell           |Count |
+------+---------------+------+
|1     |dist_mem_gen_0 |     1|
|2     |BUFG           |     2|
|3     |CARRY4         |  1259|
|4     |DSP48E1        |     4|
|5     |LUT1           |   356|
|6     |LUT2           |   373|
|7     |LUT3           |  2504|
|8     |LUT4           |   319|
|9     |LUT5           |  2449|
|10    |LUT6           |  1757|
|11    |MUXF7          |   418|
|12    |MUXF8          |    32|
|13    |RAM256X1S      |   256|
|14    |FDCE           |  2646|
|15    |FDPE           |     9|
|16    |IBUF           |     2|
|17    |OBUF           |    16|
+------+---------------+------+

Report Instance Areas: 
+------+----------------+----------------+------+
|      |Instance        |Module          |Cells |
+------+----------------+----------------+------+
|1     |top             |                | 12434|
|2     |  divider_inst  |Divider         |   113|
|3     |  print         |seg7x16         |   150|
|4     |  sd            |sccomp_dataflow | 12151|
|5     |    cu_inst     |CU              |   107|
|6     |    sccpu       |datapath        | 12044|
|7     |      cp0_inst  |CPO             |  1558|
|8     |      cpu_ref   |RegFile         |  1920|
|9     |      dmem_inst |DMEM_with_LDP   |   467|
|10    |      imem_inst |IMEM            |    32|
|11    |      mdu_inst  |MDU             |  6263|
|12    |      mux4_inst |MUX4            |    97|
|13    |      mux5_inst |MUX5            |    64|
|14    |      pc_inst   |PC              |   890|
+------+----------------+----------------+------+
---------------------------------------------------------------------------------
Finished Writing Synthesis Report : Time (s): cpu = 00:00:32 ; elapsed = 00:00:37 . Memory (MB): peak = 849.109 ; gain = 641.738
---------------------------------------------------------------------------------
Synthesis finished with 0 errors, 0 critical warnings and 96 warnings.
Synthesis Optimization Runtime : Time (s): cpu = 00:00:25 ; elapsed = 00:00:29 . Memory (MB): peak = 849.109 ; gain = 298.844
Synthesis Optimization Complete : Time (s): cpu = 00:00:32 ; elapsed = 00:00:37 . Memory (MB): peak = 849.109 ; gain = 641.738
INFO: [Project 1-571] Translating synthesized netlist
INFO: [Netlist 29-17] Analyzing 1521 Unisim elements for replacement
INFO: [Netlist 29-28] Unisim Transformation completed in 0 CPU seconds
INFO: [Project 1-570] Preparing netlist for logic optimization
INFO: [Opt 31-138] Pushed 0 inverter(s) to 0 load pin(s).
INFO: [Project 1-111] Unisim Transformation Summary:
  A total of 256 instances were transformed.
  RAM256X1S => RAM256X1S (MUXF7, MUXF7, MUXF8, RAMS64E, RAMS64E, RAMS64E, RAMS64E): 256 instances

INFO: [Common 17-83] Releasing license: Synthesis
181 Infos, 177 Warnings, 0 Critical Warnings and 0 Errors encountered.
synth_design completed successfully
synth_design: Time (s): cpu = 00:00:32 ; elapsed = 00:00:34 . Memory (MB): peak = 849.109 ; gain = 617.785
report_utilization: Time (s): cpu = 00:00:00 ; elapsed = 00:00:00.039 . Memory (MB): peak = 849.109 ; gain = 0.000
INFO: [Common 17-206] Exiting Vivado at Fri Jul 11 01:37:57 2025...
