Unable to capture context for thread 8740 in process 27472, can not generate back trace
Unable to capture context for thread 20744 in process 27472, can not generate back trace
Exception at PC 0x00007FFC354DFA4C
Unable to capture context for thread 8740 in process 27472, can not generate back trace
Unable to capture context for thread 20744 in process 27472, can not generate back trace
Exception at PC 0x00007FFBACF4BB93
Printing stacktrace...

Unable to capture context for thread 4660 in process 27472, can not generate back trace
Exception at PC 0x00007FFC354DFA4C
Exception at PC 0x00007FFC354DFA4C
Exception at PC 0x00007FFC354DFA4C
Exception at PC 0x00007FFC354DFA4C
Exception at PC 0x00007FFC354DFA4C
Exception at PC 0x00007FFC354DFA4C
Exception at PC 0x00007FFC354DFA4C
Exception at PC 0x00007FFC354DFA4C
Exception at PC 0x00007FFC354DFA4C
Exception at PC 0x00007FFC354DFA4C
[0]  [0x00007FFBACF4BB93]
[1]  [0x00007FFBACF4BB93]
[2]  [0x00007FFBACF4B4A1]
[3]  [0x00007FFBACF4B3EF]
[4]  [0x00007FFBACF319FE]
[5]  [0x00007FFBACF30ED1]
[6]  [0x00007FFBACF30D76]
[7]  [0x00007FFBACED79F6]
[8]  [0x00007FFBACEC7AFB]
[9]  [0x00007FFBACFEE90A]
[10]  [0x00007FFBAD009F87]
[11]  [0x00007FFBAD00A05F]
[12] (BaseThreadInitThunk+0x1d) [0x00007FFC3615259D]
[13] (RtlUserThreadStart+0x28) [0x00007FFC37BAAF38]
Done
Exception at PC 0x00007FFC354DFA4C
Exception at PC 0x00007FFC354DFA4C
Exception at PC 0x00007FFC354DFA4C
Exception at PC 0x00007FFC354DFA4C
Exception at PC 0x00007FFC354DFA4C
Exception at PC 0x00007FFC354DFA4C
Exception at PC 0x00007FFC354DFA4C
