
*** Running vivado
    with args -log top_board.vds -m64 -product Vivado -mode batch -messageDb vivado.pb -notrace -source top_board.tcl


****** Vivado v2018.3 (64-bit)
  **** SW Build 2405991 on Thu Dec  6 23:38:27 MST 2018
  **** IP Build 2404404 on Fri Dec  7 01:43:56 MST 2018
    ** Copyright 1986-2018 Xilinx, Inc. All Rights Reserved.

source top_board.tcl -notrace
Command: synth_design -top top_board -part xc7a100tcsg324-1
Starting synth_design
Attempting to get a license for feature 'Synthesis' and/or device 'xc7a100t'
INFO: [Common 17-349] Got license for feature 'Synthesis' and/or device 'xc7a100t'
INFO: Launching helper process for spawning children vivado processes
INFO: Helper process launched with PID 33724 
---------------------------------------------------------------------------------
Starting RTL Elaboration : Time (s): cpu = 00:00:00 ; elapsed = 00:00:01 . Memory (MB): peak = 393.215 ; gain = 100.137
---------------------------------------------------------------------------------
INFO: [Synth 8-6157] synthesizing module 'top_board' [D:/vivado_projects/EP1-89Inst/EP1-89Inst.srcs/sources_1/new/top_borad.v:3]
INFO: [Synth 8-6157] synthesizing module 'Divider' [D:/vivado_projects/EP1-89Inst/EP1-89Inst.srcs/sources_1/new/Divider.v:1]
	Parameter HALF_PERIOD_COUNT bound to: 50000 - type: integer 
INFO: [Synth 8-6155] done synthesizing module 'Divider' (1#1) [D:/vivado_projects/EP1-89Inst/EP1-89Inst.srcs/sources_1/new/Divider.v:1]
INFO: [Synth 8-6157] synthesizing module 'DCPU' [D:/vivado_projects/EP1-89Inst/EP1-89Inst.srcs/sources_1/new/DCPU.v:12]
	Parameter OP_RTYPE bound to: 6'b000000 
	Parameter OP_SPECIAL2 bound to: 6'b011100 
	Parameter OP_LL bound to: 6'b110000 
	Parameter OP_LWL bound to: 6'b100010 
	Parameter OP_LWR bound to: 6'b100110 
	Parameter OP_SC bound to: 6'b111000 
	Parameter OP_SWL bound to: 6'b101010 
	Parameter OP_SWR bound to: 6'b101110 
	Parameter FUNC_SLL bound to: 6'b000000 
	Parameter FUNC_SRL bound to: 6'b000010 
	Parameter FUNC_SRA bound to: 6'b000011 
	Parameter FUNC_MUL bound to: 6'b000010 
INFO: [Synth 8-6157] synthesizing module 'IMEM' [D:/vivado_projects/EP1-89Inst/EP1-89Inst.srcs/sources_1/new/IMEM.v:3]
INFO: [Synth 8-6157] synthesizing module 'dist_mem_gen_0' [D:/vivado_projects/EP1-89Inst/EP1-89Inst.runs/synth_1/.Xil/Vivado-6952-LAPTOP-V0AHCU9H/realtime/dist_mem_gen_0_stub.v:6]
INFO: [Synth 8-6155] done synthesizing module 'dist_mem_gen_0' (2#1) [D:/vivado_projects/EP1-89Inst/EP1-89Inst.runs/synth_1/.Xil/Vivado-6952-LAPTOP-V0AHCU9H/realtime/dist_mem_gen_0_stub.v:6]
INFO: [Synth 8-6155] done synthesizing module 'IMEM' (3#1) [D:/vivado_projects/EP1-89Inst/EP1-89Inst.srcs/sources_1/new/IMEM.v:3]
INFO: [Synth 8-6157] synthesizing module 'Controller' [D:/vivado_projects/EP1-89Inst/EP1-89Inst.srcs/sources_1/new/Controller.v:3]
	Parameter OP_RTYPE bound to: 6'b000000 
	Parameter OP_ADDI bound to: 6'b001000 
	Parameter OP_ADDIU bound to: 6'b001001 
	Parameter OP_ANDI bound to: 6'b001100 
	Parameter OP_ORI bound to: 6'b001101 
	Parameter OP_XORI bound to: 6'b001110 
	Parameter OP_SLTI bound to: 6'b001010 
	Parameter OP_SLTIU bound to: 6'b001011 
	Parameter OP_LUI bound to: 6'b001111 
	Parameter OP_PREF bound to: 6'b110011 
	Parameter OP_BEQ bound to: 6'b000100 
	Parameter OP_BNE bound to: 6'b000101 
	Parameter OP_BLEZ bound to: 6'b000110 
	Parameter OP_BGTZ bound to: 6'b000111 
	Parameter OP_BGEZ bound to: 6'b000001 
	Parameter OP_J bound to: 6'b000010 
	Parameter OP_JAL bound to: 6'b000011 
	Parameter OP_LW bound to: 6'b100011 
	Parameter OP_LWL bound to: 6'b100010 
	Parameter OP_LWR bound to: 6'b100110 
	Parameter OP_LL bound to: 6'b110000 
	Parameter OP_LH bound to: 6'b100001 
	Parameter OP_LHU bound to: 6'b100101 
	Parameter OP_LB bound to: 6'b100000 
	Parameter OP_LBU bound to: 6'b100100 
	Parameter OP_SW bound to: 6'b101011 
	Parameter OP_SWL bound to: 6'b101010 
	Parameter OP_SWR bound to: 6'b101110 
	Parameter OP_SC bound to: 6'b111000 
	Parameter OP_SH bound to: 6'b101001 
	Parameter OP_SB bound to: 6'b101000 
	Parameter OP_COP0 bound to: 6'b010000 
	Parameter OP_SPECIAL2 bound to: 6'b011100 
	Parameter FUNC_ADD bound to: 6'b100000 
	Parameter FUNC_ADDU bound to: 6'b100001 
	Parameter FUNC_SUB bound to: 6'b100010 
	Parameter FUNC_SUBU bound to: 6'b100011 
	Parameter FUNC_AND bound to: 6'b100100 
	Parameter FUNC_OR bound to: 6'b100101 
	Parameter FUNC_XOR bound to: 6'b100110 
	Parameter FUNC_NOR bound to: 6'b100111 
	Parameter FUNC_SLT bound to: 6'b101010 
	Parameter FUNC_SLTU bound to: 6'b101011 
	Parameter FUNC_SLL bound to: 6'b000000 
	Parameter FUNC_SRL bound to: 6'b000010 
	Parameter FUNC_SRA bound to: 6'b000011 
	Parameter FUNC_SLLV bound to: 6'b000100 
	Parameter FUNC_SRLV bound to: 6'b000110 
	Parameter FUNC_SRAV bound to: 6'b000111 
	Parameter FUNC_JR bound to: 6'b001000 
	Parameter FUNC_JALR bound to: 6'b001001 
	Parameter FUNC_MOVZ bound to: 6'b001010 
	Parameter FUNC_MOVN bound to: 6'b001011 
	Parameter FUNC_MULT bound to: 6'b011000 
	Parameter FUNC_MULTU bound to: 6'b011001 
	Parameter FUNC_DIV bound to: 6'b011010 
	Parameter FUNC_DIVU bound to: 6'b011011 
	Parameter FUNC_MFHI bound to: 6'b010000 
	Parameter FUNC_MFLO bound to: 6'b010010 
	Parameter FUNC_MTHI bound to: 6'b010001 
	Parameter FUNC_MTLO bound to: 6'b010011 
	Parameter FUNC_SYSCALL bound to: 6'b001100 
	Parameter FUNC_BREAK bound to: 6'b001101 
	Parameter FUNC_SYNC bound to: 6'b001111 
	Parameter FUNC_TGE bound to: 6'b110000 
	Parameter FUNC_TGEU bound to: 6'b110001 
	Parameter FUNC_TLT bound to: 6'b110010 
	Parameter FUNC_TLTU bound to: 6'b110011 
	Parameter FUNC_TEQ bound to: 6'b110100 
	Parameter FUNC_TNE bound to: 6'b110110 
	Parameter FUNC_MADD bound to: 6'b000000 
	Parameter FUNC_MADDU bound to: 6'b000001 
	Parameter FUNC_MUL bound to: 6'b000010 
	Parameter FUNC_MSUB bound to: 6'b000100 
	Parameter FUNC_MSUBU bound to: 6'b000101 
	Parameter FUNC_CLZ bound to: 6'b100000 
	Parameter FUNC_CLO bound to: 6'b100001 
	Parameter FUNC_ERET bound to: 6'b011000 
	Parameter ALU_ADD bound to: 4'b0010 
	Parameter ALU_ADDU bound to: 4'b0000 
	Parameter ALU_SUB bound to: 4'b0011 
	Parameter ALU_SUBU bound to: 4'b0001 
	Parameter ALU_AND bound to: 4'b0100 
	Parameter ALU_OR bound to: 4'b0101 
	Parameter ALU_XOR bound to: 4'b0110 
	Parameter ALU_NOR bound to: 4'b0111 
	Parameter ALU_SLT bound to: 4'b1011 
	Parameter ALU_SLTU bound to: 4'b1010 
	Parameter ALU_SLL bound to: 4'b1110 
	Parameter ALU_SRL bound to: 4'b1101 
	Parameter ALU_SRA bound to: 4'b1100 
	Parameter ALU_LUI bound to: 4'b1000 
	Parameter ALU_CLZ bound to: 4'b1111 
	Parameter ALU_CLO bound to: 4'b1001 
	Parameter BR_BEQ bound to: 3'b000 
	Parameter BR_BNE bound to: 3'b001 
	Parameter BR_BGEZ bound to: 3'b010 
	Parameter BR_BGTZ bound to: 3'b011 
	Parameter BR_BLEZ bound to: 3'b100 
	Parameter BR_BLTZ bound to: 3'b101 
	Parameter BR_NONE bound to: 3'b111 
	Parameter TRAP_EQ bound to: 3'b000 
	Parameter TRAP_NE bound to: 3'b001 
	Parameter TRAP_LT bound to: 3'b010 
	Parameter TRAP_LTU bound to: 3'b011 
	Parameter TRAP_GE bound to: 3'b100 
	Parameter TRAP_GEU bound to: 3'b101 
	Parameter TRAP_NONE bound to: 3'b111 
	Parameter RT_BLTZ bound to: 5'b00000 
	Parameter RT_BGEZ bound to: 5'b00001 
	Parameter RT_TGEI bound to: 5'b01000 
	Parameter RT_TGEIU bound to: 5'b01001 
	Parameter RT_TLTI bound to: 5'b01010 
	Parameter RT_TLTIU bound to: 5'b01011 
	Parameter RT_TEQI bound to: 5'b01100 
	Parameter RT_TNEI bound to: 5'b01110 
	Parameter RT_BLTZAL bound to: 5'b10000 
	Parameter RT_BGEZAL bound to: 5'b10001 
INFO: [Synth 8-6155] done synthesizing module 'Controller' (4#1) [D:/vivado_projects/EP1-89Inst/EP1-89Inst.srcs/sources_1/new/Controller.v:3]
INFO: [Synth 8-6157] synthesizing module 'ALU' [D:/vivado_projects/EP1-89Inst/EP1-89Inst.srcs/sources_1/new/ALU.v:3]
INFO: [Synth 8-226] default block is never used [D:/vivado_projects/EP1-89Inst/EP1-89Inst.srcs/sources_1/new/ALU.v:22]
INFO: [Synth 8-6155] done synthesizing module 'ALU' (5#1) [D:/vivado_projects/EP1-89Inst/EP1-89Inst.srcs/sources_1/new/ALU.v:3]
INFO: [Synth 8-6157] synthesizing module 'MDU' [D:/vivado_projects/EP1-89Inst/EP1-89Inst.srcs/sources_1/new/MDU.v:1]
	Parameter MDU_MULT bound to: 3'b000 
	Parameter MDU_MULTU bound to: 3'b001 
	Parameter MDU_DIV bound to: 3'b010 
	Parameter MDU_DIVU bound to: 3'b011 
	Parameter MDU_MADD bound to: 3'b100 
	Parameter MDU_MADDU bound to: 3'b101 
	Parameter MDU_MSUB bound to: 3'b110 
	Parameter MDU_MSUBU bound to: 3'b111 
INFO: [Synth 8-226] default block is never used [D:/vivado_projects/EP1-89Inst/EP1-89Inst.srcs/sources_1/new/MDU.v:50]
INFO: [Synth 8-6155] done synthesizing module 'MDU' (6#1) [D:/vivado_projects/EP1-89Inst/EP1-89Inst.srcs/sources_1/new/MDU.v:1]
INFO: [Synth 8-6157] synthesizing module 'DMEM' [D:/vivado_projects/EP1-89Inst/EP1-89Inst.srcs/sources_1/new/DMEM.v:1]
INFO: [Synth 8-5534] Detected attribute (* ram_style = "distributed" *) [D:/vivado_projects/EP1-89Inst/EP1-89Inst.srcs/sources_1/new/DMEM.v:12]
INFO: [Synth 8-5534] Detected attribute (* ram_style = "distributed" *) [D:/vivado_projects/EP1-89Inst/EP1-89Inst.srcs/sources_1/new/DMEM.v:13]
INFO: [Synth 8-5534] Detected attribute (* ram_style = "distributed" *) [D:/vivado_projects/EP1-89Inst/EP1-89Inst.srcs/sources_1/new/DMEM.v:14]
INFO: [Synth 8-5534] Detected attribute (* ram_style = "distributed" *) [D:/vivado_projects/EP1-89Inst/EP1-89Inst.srcs/sources_1/new/DMEM.v:15]
INFO: [Synth 8-6155] done synthesizing module 'DMEM' (7#1) [D:/vivado_projects/EP1-89Inst/EP1-89Inst.srcs/sources_1/new/DMEM.v:1]
INFO: [Synth 8-6157] synthesizing module 'CPO' [D:/vivado_projects/EP1-89Inst/EP1-89Inst.srcs/sources_1/new/CP0.v:1]
INFO: [Synth 8-6155] done synthesizing module 'CPO' (8#1) [D:/vivado_projects/EP1-89Inst/EP1-89Inst.srcs/sources_1/new/CP0.v:1]
INFO: [Synth 8-6157] synthesizing module 'RegFile' [D:/vivado_projects/EP1-89Inst/EP1-89Inst.srcs/sources_1/new/RegFile.v:3]
INFO: [Synth 8-6155] done synthesizing module 'RegFile' (9#1) [D:/vivado_projects/EP1-89Inst/EP1-89Inst.srcs/sources_1/new/RegFile.v:3]
INFO: [Synth 8-6157] synthesizing module 'ForwardUnit' [D:/vivado_projects/EP1-89Inst/EP1-89Inst.srcs/sources_1/new/ForwardUnit.v:9]
INFO: [Synth 8-6155] done synthesizing module 'ForwardUnit' (10#1) [D:/vivado_projects/EP1-89Inst/EP1-89Inst.srcs/sources_1/new/ForwardUnit.v:9]
INFO: [Synth 8-6157] synthesizing module 'HazardUnit' [D:/vivado_projects/EP1-89Inst/EP1-89Inst.srcs/sources_1/new/HazardUnit.v:11]
INFO: [Synth 8-6155] done synthesizing module 'HazardUnit' (11#1) [D:/vivado_projects/EP1-89Inst/EP1-89Inst.srcs/sources_1/new/HazardUnit.v:11]
WARNING: [Synth 8-6014] Unused sequential element ID_EX_is_teq_reg was removed.  [D:/vivado_projects/EP1-89Inst/EP1-89Inst.srcs/sources_1/new/DCPU.v:535]
WARNING: [Synth 8-6014] Unused sequential element EX_MEM_is_teq_reg was removed.  [D:/vivado_projects/EP1-89Inst/EP1-89Inst.srcs/sources_1/new/DCPU.v:638]
WARNING: [Synth 8-6014] Unused sequential element MEM_WB_PC_reg was removed.  [D:/vivado_projects/EP1-89Inst/EP1-89Inst.srcs/sources_1/new/DCPU.v:696]
INFO: [Synth 8-6155] done synthesizing module 'DCPU' (12#1) [D:/vivado_projects/EP1-89Inst/EP1-89Inst.srcs/sources_1/new/DCPU.v:12]
INFO: [Synth 8-6157] synthesizing module 'seg7x16' [D:/vivado_projects/EP1-89Inst/EP1-89Inst.srcs/sources_1/new/seg7x16.v:21]
INFO: [Synth 8-155] case statement is not full and has no default [D:/vivado_projects/EP1-89Inst/EP1-89Inst.srcs/sources_1/new/seg7x16.v:86]
INFO: [Synth 8-6155] done synthesizing module 'seg7x16' (13#1) [D:/vivado_projects/EP1-89Inst/EP1-89Inst.srcs/sources_1/new/seg7x16.v:21]
INFO: [Synth 8-6155] done synthesizing module 'top_board' (14#1) [D:/vivado_projects/EP1-89Inst/EP1-89Inst.srcs/sources_1/new/top_borad.v:3]
WARNING: [Synth 8-3331] design HazardUnit has unconnected port ID_is_mdu_op
WARNING: [Synth 8-3331] design HazardUnit has unconnected port ID_is_mfhi
WARNING: [Synth 8-3331] design HazardUnit has unconnected port ID_is_mflo
WARNING: [Synth 8-3331] design HazardUnit has unconnected port ID_EX_is_mdu_op
WARNING: [Synth 8-3331] design HazardUnit has unconnected port MDU_busy
WARNING: [Synth 8-3331] design CPO has unconnected port intr
WARNING: [Synth 8-3331] design DMEM has unconnected port addr[31]
WARNING: [Synth 8-3331] design DMEM has unconnected port addr[30]
WARNING: [Synth 8-3331] design DMEM has unconnected port addr[29]
WARNING: [Synth 8-3331] design DMEM has unconnected port addr[28]
WARNING: [Synth 8-3331] design DMEM has unconnected port addr[27]
WARNING: [Synth 8-3331] design DMEM has unconnected port addr[26]
WARNING: [Synth 8-3331] design DMEM has unconnected port addr[25]
WARNING: [Synth 8-3331] design DMEM has unconnected port addr[24]
WARNING: [Synth 8-3331] design DMEM has unconnected port addr[23]
WARNING: [Synth 8-3331] design DMEM has unconnected port addr[22]
WARNING: [Synth 8-3331] design DMEM has unconnected port addr[21]
WARNING: [Synth 8-3331] design DMEM has unconnected port addr[20]
WARNING: [Synth 8-3331] design DMEM has unconnected port addr[19]
WARNING: [Synth 8-3331] design DMEM has unconnected port addr[18]
WARNING: [Synth 8-3331] design DMEM has unconnected port addr[17]
WARNING: [Synth 8-3331] design DMEM has unconnected port addr[16]
WARNING: [Synth 8-3331] design DMEM has unconnected port addr[15]
WARNING: [Synth 8-3331] design DMEM has unconnected port addr[14]
WARNING: [Synth 8-3331] design DMEM has unconnected port addr[13]
WARNING: [Synth 8-3331] design DMEM has unconnected port addr[12]
WARNING: [Synth 8-3331] design DMEM has unconnected port addr[11]
WARNING: [Synth 8-3331] design DMEM has unconnected port addr[10]
WARNING: [Synth 8-3331] design MDU has unconnected port clk
WARNING: [Synth 8-3331] design MDU has unconnected port rst
WARNING: [Synth 8-3331] design IMEM has unconnected port PC[31]
WARNING: [Synth 8-3331] design IMEM has unconnected port PC[30]
WARNING: [Synth 8-3331] design IMEM has unconnected port PC[29]
WARNING: [Synth 8-3331] design IMEM has unconnected port PC[28]
WARNING: [Synth 8-3331] design IMEM has unconnected port PC[27]
WARNING: [Synth 8-3331] design IMEM has unconnected port PC[26]
WARNING: [Synth 8-3331] design IMEM has unconnected port PC[25]
WARNING: [Synth 8-3331] design IMEM has unconnected port PC[24]
WARNING: [Synth 8-3331] design IMEM has unconnected port PC[23]
WARNING: [Synth 8-3331] design IMEM has unconnected port PC[22]
WARNING: [Synth 8-3331] design IMEM has unconnected port PC[21]
WARNING: [Synth 8-3331] design IMEM has unconnected port PC[20]
WARNING: [Synth 8-3331] design IMEM has unconnected port PC[19]
WARNING: [Synth 8-3331] design IMEM has unconnected port PC[18]
WARNING: [Synth 8-3331] design IMEM has unconnected port PC[17]
WARNING: [Synth 8-3331] design IMEM has unconnected port PC[16]
WARNING: [Synth 8-3331] design IMEM has unconnected port PC[15]
WARNING: [Synth 8-3331] design IMEM has unconnected port PC[14]
WARNING: [Synth 8-3331] design IMEM has unconnected port PC[13]
WARNING: [Synth 8-3331] design IMEM has unconnected port PC[1]
WARNING: [Synth 8-3331] design IMEM has unconnected port PC[0]
WARNING: [Synth 8-3331] design top_board has unconnected port switch[1]
---------------------------------------------------------------------------------
Finished RTL Elaboration : Time (s): cpu = 00:00:13 ; elapsed = 00:00:15 . Memory (MB): peak = 930.898 ; gain = 637.820
---------------------------------------------------------------------------------

Report Check Netlist: 
+------+------------------+-------+---------+-------+------------------+
|      |Item              |Errors |Warnings |Status |Description       |
+------+------------------+-------+---------+-------+------------------+
|1     |multi_driven_nets |      0|        0|Passed |Multi driven nets |
+------+------------------+-------+---------+-------+------------------+
---------------------------------------------------------------------------------
Start Handling Custom Attributes
---------------------------------------------------------------------------------
---------------------------------------------------------------------------------
Finished Handling Custom Attributes : Time (s): cpu = 00:00:16 ; elapsed = 00:00:17 . Memory (MB): peak = 930.898 ; gain = 637.820
---------------------------------------------------------------------------------
---------------------------------------------------------------------------------
Finished RTL Optimization Phase 1 : Time (s): cpu = 00:00:16 ; elapsed = 00:00:17 . Memory (MB): peak = 930.898 ; gain = 637.820
---------------------------------------------------------------------------------
INFO: [Device 21-403] Loading part xc7a100tcsg324-1
INFO: [Project 1-570] Preparing netlist for logic optimization

Processing XDC Constraints
Initializing timing engine
Parsing XDC File [d:/vivado_projects/EP1-89Inst/EP1-89Inst.srcs/sources_1/ip/dist_mem_gen_0/dist_mem_gen_0/dist_mem_gen_0_in_context.xdc] for cell 'cpu/imem/Instr_mem'
Finished Parsing XDC File [d:/vivado_projects/EP1-89Inst/EP1-89Inst.srcs/sources_1/ip/dist_mem_gen_0/dist_mem_gen_0/dist_mem_gen_0_in_context.xdc] for cell 'cpu/imem/Instr_mem'
Parsing XDC File [D:/vivado_projects/EP1-89Inst/EP1-89Inst.srcs/constrs_1/new/DCPU.xdc]
Finished Parsing XDC File [D:/vivado_projects/EP1-89Inst/EP1-89Inst.srcs/constrs_1/new/DCPU.xdc]
INFO: [Project 1-236] Implementation specific constraints were found while reading constraint file [D:/vivado_projects/EP1-89Inst/EP1-89Inst.srcs/constrs_1/new/DCPU.xdc]. These constraints will be ignored for synthesis but will be used in implementation. Impacted constraints are listed in the file [.Xil/top_board_propImpl.xdc].
Resolution: To avoid this warning, move constraints listed in [.Xil/top_board_propImpl.xdc] to another XDC file and exclude this new file from synthesis with the used_in_synthesis property (File Properties dialog in GUI) and re-run elaboration/synthesis.
Netlist sorting complete. Time (s): cpu = 00:00:00 ; elapsed = 00:00:00.004 . Memory (MB): peak = 1223.641 ; gain = 0.066
Completed Processing XDC Constraints

Netlist sorting complete. Time (s): cpu = 00:00:00 ; elapsed = 00:00:00.004 . Memory (MB): peak = 1224.105 ; gain = 0.066
INFO: [Project 1-111] Unisim Transformation Summary:
No Unisim elements were transformed.

Netlist sorting complete. Time (s): cpu = 00:00:00 ; elapsed = 00:00:00.003 . Memory (MB): peak = 1224.105 ; gain = 0.000
Constraint Validation Runtime : Time (s): cpu = 00:00:00 ; elapsed = 00:00:00.026 . Memory (MB): peak = 1224.105 ; gain = 0.000
---------------------------------------------------------------------------------
Finished Constraint Validation : Time (s): cpu = 00:00:24 ; elapsed = 00:00:27 . Memory (MB): peak = 1224.105 ; gain = 931.027
---------------------------------------------------------------------------------
INFO: [Synth 8-5580] Multithreading enabled for synth_design using a maximum of 2 processes.
---------------------------------------------------------------------------------
Start Loading Part and Timing Information
---------------------------------------------------------------------------------
Loading part: xc7a100tcsg324-1
INFO: [Synth 8-5546] ROM "mem_b3_reg[0]" won't be mapped to RAM because it is too sparse
INFO: [Synth 8-5546] ROM "mem_b3_reg[1]" won't be mapped to RAM because it is too sparse
INFO: [Synth 8-5546] ROM "mem_b3_reg[2]" won't be mapped to RAM because it is too sparse
INFO: [Synth 8-5546] ROM "mem_b3_reg[3]" won't be mapped to RAM because it is too sparse
INFO: [Synth 8-5546] ROM "mem_b3_reg[4]" won't be mapped to RAM because it is too sparse
INFO: [Synth 8-5546] ROM "mem_b3_reg[5]" won't be mapped to RAM because it is too sparse
INFO: [Synth 8-5546] ROM "mem_b3_reg[6]" won't be mapped to RAM because it is too sparse
INFO: [Synth 8-5546] ROM "mem_b3_reg[7]" won't be mapped to RAM because it is too sparse
INFO: [Synth 8-5546] ROM "mem_b3_reg[8]" won't be mapped to RAM because it is too sparse
INFO: [Synth 8-5546] ROM "mem_b3_reg[9]" won't be mapped to RAM because it is too sparse
INFO: [Synth 8-5546] ROM "mem_b3_reg[10]" won't be mapped to RAM because it is too sparse
INFO: [Synth 8-5546] ROM "mem_b3_reg[11]" won't be mapped to RAM because it is too sparse
INFO: [Synth 8-5546] ROM "mem_b3_reg[12]" won't be mapped to RAM because it is too sparse
INFO: [Synth 8-5546] ROM "mem_b3_reg[13]" won't be mapped to RAM because it is too sparse
INFO: [Synth 8-5546] ROM "mem_b3_reg[14]" won't be mapped to RAM because it is too sparse
INFO: [Synth 8-5546] ROM "mem_b3_reg[15]" won't be mapped to RAM because it is too sparse
INFO: [Synth 8-5546] ROM "mem_b3_reg[16]" won't be mapped to RAM because it is too sparse
INFO: [Synth 8-5546] ROM "mem_b3_reg[17]" won't be mapped to RAM because it is too sparse
INFO: [Synth 8-5546] ROM "mem_b3_reg[18]" won't be mapped to RAM because it is too sparse
INFO: [Synth 8-5546] ROM "mem_b3_reg[19]" won't be mapped to RAM because it is too sparse
INFO: [Synth 8-5546] ROM "mem_b3_reg[20]" won't be mapped to RAM because it is too sparse
INFO: [Synth 8-5546] ROM "mem_b3_reg[21]" won't be mapped to RAM because it is too sparse
INFO: [Synth 8-5546] ROM "mem_b3_reg[22]" won't be mapped to RAM because it is too sparse
INFO: [Synth 8-5546] ROM "mem_b3_reg[23]" won't be mapped to RAM because it is too sparse
INFO: [Synth 8-5546] ROM "mem_b3_reg[24]" won't be mapped to RAM because it is too sparse
INFO: [Synth 8-5546] ROM "mem_b3_reg[25]" won't be mapped to RAM because it is too sparse
INFO: [Synth 8-5546] ROM "mem_b3_reg[26]" won't be mapped to RAM because it is too sparse
INFO: [Synth 8-5546] ROM "mem_b3_reg[27]" won't be mapped to RAM because it is too sparse
INFO: [Synth 8-5546] ROM "mem_b3_reg[28]" won't be mapped to RAM because it is too sparse
INFO: [Synth 8-5546] ROM "mem_b3_reg[29]" won't be mapped to RAM because it is too sparse
INFO: [Synth 8-5546] ROM "mem_b3_reg[30]" won't be mapped to RAM because it is too sparse
INFO: [Synth 8-5546] ROM "mem_b3_reg[31]" won't be mapped to RAM because it is too sparse
INFO: [Synth 8-5546] ROM "mem_b3_reg[32]" won't be mapped to RAM because it is too sparse
INFO: [Synth 8-5546] ROM "mem_b3_reg[33]" won't be mapped to RAM because it is too sparse
INFO: [Synth 8-5546] ROM "mem_b3_reg[34]" won't be mapped to RAM because it is too sparse
INFO: [Synth 8-5546] ROM "mem_b3_reg[35]" won't be mapped to RAM because it is too sparse
INFO: [Synth 8-5546] ROM "mem_b3_reg[36]" won't be mapped to RAM because it is too sparse
INFO: [Synth 8-5546] ROM "mem_b3_reg[37]" won't be mapped to RAM because it is too sparse
INFO: [Synth 8-5546] ROM "mem_b3_reg[38]" won't be mapped to RAM because it is too sparse
INFO: [Synth 8-5546] ROM "mem_b3_reg[39]" won't be mapped to RAM because it is too sparse
INFO: [Synth 8-5546] ROM "mem_b3_reg[40]" won't be mapped to RAM because it is too sparse
INFO: [Synth 8-5546] ROM "mem_b3_reg[41]" won't be mapped to RAM because it is too sparse
INFO: [Synth 8-5546] ROM "mem_b3_reg[42]" won't be mapped to RAM because it is too sparse
INFO: [Synth 8-5546] ROM "mem_b3_reg[43]" won't be mapped to RAM because it is too sparse
INFO: [Synth 8-5546] ROM "mem_b3_reg[44]" won't be mapped to RAM because it is too sparse
INFO: [Synth 8-5546] ROM "mem_b3_reg[45]" won't be mapped to RAM because it is too sparse
INFO: [Synth 8-5546] ROM "mem_b3_reg[46]" won't be mapped to RAM because it is too sparse
INFO: [Synth 8-5546] ROM "mem_b3_reg[47]" won't be mapped to RAM because it is too sparse
INFO: [Synth 8-5546] ROM "mem_b3_reg[48]" won't be mapped to RAM because it is too sparse
INFO: [Synth 8-5546] ROM "mem_b3_reg[49]" won't be mapped to RAM because it is too sparse
INFO: [Synth 8-5546] ROM "mem_b3_reg[50]" won't be mapped to RAM because it is too sparse
INFO: [Synth 8-5546] ROM "mem_b3_reg[51]" won't be mapped to RAM because it is too sparse
INFO: [Synth 8-5546] ROM "mem_b3_reg[52]" won't be mapped to RAM because it is too sparse
INFO: [Synth 8-5546] ROM "mem_b3_reg[53]" won't be mapped to RAM because it is too sparse
INFO: [Synth 8-5546] ROM "mem_b3_reg[54]" won't be mapped to RAM because it is too sparse
INFO: [Synth 8-5546] ROM "mem_b3_reg[55]" won't be mapped to RAM because it is too sparse
INFO: [Synth 8-5546] ROM "mem_b3_reg[56]" won't be mapped to RAM because it is too sparse
INFO: [Synth 8-5546] ROM "mem_b3_reg[57]" won't be mapped to RAM because it is too sparse
INFO: [Synth 8-5546] ROM "mem_b3_reg[58]" won't be mapped to RAM because it is too sparse
INFO: [Synth 8-5546] ROM "mem_b3_reg[59]" won't be mapped to RAM because it is too sparse
INFO: [Synth 8-5546] ROM "mem_b3_reg[60]" won't be mapped to RAM because it is too sparse
INFO: [Synth 8-5546] ROM "mem_b3_reg[61]" won't be mapped to RAM because it is too sparse
INFO: [Synth 8-5546] ROM "mem_b3_reg[62]" won't be mapped to RAM because it is too sparse
INFO: [Synth 8-5546] ROM "mem_b3_reg[63]" won't be mapped to RAM because it is too sparse
INFO: [Synth 8-5546] ROM "mem_b3_reg[64]" won't be mapped to RAM because it is too sparse
INFO: [Synth 8-5546] ROM "mem_b3_reg[65]" won't be mapped to RAM because it is too sparse
INFO: [Synth 8-5546] ROM "mem_b3_reg[66]" won't be mapped to RAM because it is too sparse
INFO: [Synth 8-5546] ROM "mem_b3_reg[67]" won't be mapped to RAM because it is too sparse
INFO: [Synth 8-5546] ROM "mem_b3_reg[68]" won't be mapped to RAM because it is too sparse
INFO: [Synth 8-5546] ROM "mem_b3_reg[69]" won't be mapped to RAM because it is too sparse
INFO: [Synth 8-5546] ROM "mem_b3_reg[70]" won't be mapped to RAM because it is too sparse
INFO: [Synth 8-5546] ROM "mem_b3_reg[71]" won't be mapped to RAM because it is too sparse
INFO: [Synth 8-5546] ROM "mem_b3_reg[72]" won't be mapped to RAM because it is too sparse
INFO: [Synth 8-5546] ROM "mem_b3_reg[73]" won't be mapped to RAM because it is too sparse
INFO: [Synth 8-5546] ROM "mem_b3_reg[74]" won't be mapped to RAM because it is too sparse
INFO: [Synth 8-5546] ROM "mem_b3_reg[75]" won't be mapped to RAM because it is too sparse
INFO: [Synth 8-5546] ROM "mem_b3_reg[76]" won't be mapped to RAM because it is too sparse
INFO: [Synth 8-5546] ROM "mem_b3_reg[77]" won't be mapped to RAM because it is too sparse
INFO: [Synth 8-5546] ROM "mem_b3_reg[78]" won't be mapped to RAM because it is too sparse
INFO: [Synth 8-5546] ROM "mem_b3_reg[79]" won't be mapped to RAM because it is too sparse
INFO: [Synth 8-5546] ROM "mem_b3_reg[80]" won't be mapped to RAM because it is too sparse
INFO: [Synth 8-5546] ROM "mem_b3_reg[81]" won't be mapped to RAM because it is too sparse
INFO: [Synth 8-5546] ROM "mem_b3_reg[82]" won't be mapped to RAM because it is too sparse
INFO: [Synth 8-5546] ROM "mem_b3_reg[83]" won't be mapped to RAM because it is too sparse
INFO: [Synth 8-5546] ROM "mem_b3_reg[84]" won't be mapped to RAM because it is too sparse
INFO: [Synth 8-5546] ROM "mem_b3_reg[85]" won't be mapped to RAM because it is too sparse
INFO: [Synth 8-5546] ROM "mem_b3_reg[86]" won't be mapped to RAM because it is too sparse
INFO: [Synth 8-5546] ROM "mem_b3_reg[87]" won't be mapped to RAM because it is too sparse
INFO: [Synth 8-5546] ROM "mem_b3_reg[88]" won't be mapped to RAM because it is too sparse
INFO: [Synth 8-5546] ROM "mem_b3_reg[89]" won't be mapped to RAM because it is too sparse
INFO: [Synth 8-5546] ROM "mem_b3_reg[90]" won't be mapped to RAM because it is too sparse
INFO: [Synth 8-5546] ROM "mem_b3_reg[91]" won't be mapped to RAM because it is too sparse
INFO: [Synth 8-5546] ROM "mem_b3_reg[92]" won't be mapped to RAM because it is too sparse
INFO: [Synth 8-5546] ROM "mem_b3_reg[93]" won't be mapped to RAM because it is too sparse
INFO: [Synth 8-5546] ROM "mem_b3_reg[94]" won't be mapped to RAM because it is too sparse
INFO: [Synth 8-5546] ROM "mem_b3_reg[95]" won't be mapped to RAM because it is too sparse
INFO: [Synth 8-5546] ROM "mem_b3_reg[96]" won't be mapped to RAM because it is too sparse
INFO: [Synth 8-5546] ROM "mem_b3_reg[97]" won't be mapped to RAM because it is too sparse
INFO: [Synth 8-5546] ROM "mem_b3_reg[98]" won't be mapped to RAM because it is too sparse
INFO: [Synth 8-5546] ROM "mem_b3_reg[99]" won't be mapped to RAM because it is too sparse
INFO: [Common 17-14] Message 'Synth 8-5546' appears 100 times and further instances of the messages will be disabled. Use the Tcl command set_msg_config to change the current settings.
INFO: [Synth 8-5544] ROM "mem_op10" won't be mapped to Block RAM because address size (1) smaller than threshold (5)
---------------------------------------------------------------------------------
Finished RTL Optimization Phase 2 : Time (s): cpu = 00:00:36 ; elapsed = 00:00:40 . Memory (MB): peak = 1224.105 ; gain = 931.027
---------------------------------------------------------------------------------

Report RTL Partitions: 
+------+---------------+------------+----------+
|      |RTL Partition  |Replication |Instances |
+------+---------------+------------+----------+
|1     |DCPU__GB0      |           1|     20589|
|2     |DCPU__GB1      |           1|     14183|
|3     |DMEM           |           1|     41093|
|4     |top_board__GC0 |           1|      1468|
+------+---------------+------------+----------+
---------------------------------------------------------------------------------
Start RTL Component Statistics 
---------------------------------------------------------------------------------
Detailed RTL Component Info : 
+---Adders : 
	   2 Input     64 Bit       Adders := 4     
	   3 Input     64 Bit       Adders := 2     
	   2 Input     32 Bit       Adders := 9     
	   3 Input     32 Bit       Adders := 2     
	   2 Input      5 Bit       Adders := 1     
	   2 Input      3 Bit       Adders := 1     
+---XORs : 
	   2 Input     32 Bit         XORs := 1     
+---Registers : 
	               32 Bit    Registers := 80    
	                8 Bit    Registers := 1025  
	                6 Bit    Registers := 3     
	                5 Bit    Registers := 8     
	                4 Bit    Registers := 1     
	                3 Bit    Registers := 4     
	                1 Bit    Registers := 37    
+---Multipliers : 
	                32x32  Multipliers := 1     
+---Muxes : 
	   4 Input     32 Bit        Muxes := 4     
	   2 Input     32 Bit        Muxes := 36    
	   3 Input     32 Bit        Muxes := 4     
	   2 Input     16 Bit        Muxes := 1     
	   4 Input      8 Bit        Muxes := 10    
	   2 Input      8 Bit        Muxes := 4     
	   8 Input      8 Bit        Muxes := 1     
	   2 Input      6 Bit        Muxes := 29    
	   6 Input      6 Bit        Muxes := 1     
	  32 Input      6 Bit        Muxes := 1     
	   3 Input      5 Bit        Muxes := 1     
	   2 Input      5 Bit        Muxes := 7     
	   2 Input      4 Bit        Muxes := 9     
	  44 Input      4 Bit        Muxes := 1     
	   5 Input      4 Bit        Muxes := 1     
	   3 Input      4 Bit        Muxes := 1     
	   4 Input      4 Bit        Muxes := 1     
	   7 Input      3 Bit        Muxes := 2     
	   8 Input      3 Bit        Muxes := 1     
	   2 Input      3 Bit        Muxes := 3     
	   2 Input      2 Bit        Muxes := 5     
	   2 Input      1 Bit        Muxes := 2379  
	   4 Input      1 Bit        Muxes := 1536  
	   3 Input      1 Bit        Muxes := 3     
	  16 Input      1 Bit        Muxes := 2     
---------------------------------------------------------------------------------
Finished RTL Component Statistics 
---------------------------------------------------------------------------------
---------------------------------------------------------------------------------
Start RTL Hierarchical Component Statistics 
---------------------------------------------------------------------------------
Hierarchical RTL Component report 
Module DMEM 
Detailed RTL Component Info : 
+---Registers : 
	                8 Bit    Registers := 1024  
+---Muxes : 
	   4 Input     32 Bit        Muxes := 3     
	   2 Input     32 Bit        Muxes := 3     
	   2 Input     16 Bit        Muxes := 1     
	   4 Input      8 Bit        Muxes := 10    
	   2 Input      8 Bit        Muxes := 4     
	   2 Input      1 Bit        Muxes := 2304  
	   4 Input      1 Bit        Muxes := 1536  
Module MDU 
Detailed RTL Component Info : 
+---Adders : 
	   2 Input     64 Bit       Adders := 4     
	   3 Input     64 Bit       Adders := 2     
	   2 Input     32 Bit       Adders := 4     
+---Muxes : 
	   2 Input     32 Bit        Muxes := 6     
Module ForwardUnit 
Detailed RTL Component Info : 
+---Muxes : 
	   3 Input     32 Bit        Muxes := 4     
	   2 Input      2 Bit        Muxes := 4     
	   2 Input      1 Bit        Muxes := 4     
Module RegFile 
Detailed RTL Component Info : 
+---Registers : 
	               32 Bit    Registers := 32    
+---Muxes : 
	   2 Input     32 Bit        Muxes := 2     
	   2 Input      1 Bit        Muxes := 32    
Module CPO 
Detailed RTL Component Info : 
+---Adders : 
	   2 Input     32 Bit       Adders := 1     
+---Registers : 
	               32 Bit    Registers := 31    
	                1 Bit    Registers := 1     
+---Muxes : 
	   2 Input     32 Bit        Muxes := 6     
	   4 Input     32 Bit        Muxes := 1     
	   2 Input      1 Bit        Muxes := 32    
	   3 Input      1 Bit        Muxes := 3     
Module ALU 
Detailed RTL Component Info : 
+---Adders : 
	   2 Input     32 Bit       Adders := 1     
	   3 Input     32 Bit       Adders := 1     
	   2 Input      5 Bit       Adders := 1     
+---XORs : 
	   2 Input     32 Bit         XORs := 1     
+---Muxes : 
	   2 Input      6 Bit        Muxes := 26    
	   6 Input      6 Bit        Muxes := 1     
	  32 Input      6 Bit        Muxes := 1     
	  16 Input      1 Bit        Muxes := 2     
Module Controller 
Detailed RTL Component Info : 
+---Muxes : 
	   3 Input      5 Bit        Muxes := 1     
	  44 Input      4 Bit        Muxes := 1     
	   7 Input      3 Bit        Muxes := 2     
	   8 Input      3 Bit        Muxes := 1     
	   2 Input      2 Bit        Muxes := 1     
	   2 Input      1 Bit        Muxes := 1     
Module DCPU 
Detailed RTL Component Info : 
+---Adders : 
	   2 Input     32 Bit       Adders := 2     
	   3 Input     32 Bit       Adders := 1     
+---Registers : 
	               32 Bit    Registers := 15    
	                6 Bit    Registers := 3     
	                5 Bit    Registers := 8     
	                4 Bit    Registers := 1     
	                3 Bit    Registers := 3     
	                1 Bit    Registers := 35    
+---Multipliers : 
	                32x32  Multipliers := 1     
+---Muxes : 
	   2 Input     32 Bit        Muxes := 18    
	   2 Input      6 Bit        Muxes := 3     
	   2 Input      5 Bit        Muxes := 7     
	   2 Input      4 Bit        Muxes := 9     
	   5 Input      4 Bit        Muxes := 1     
	   3 Input      4 Bit        Muxes := 1     
	   4 Input      4 Bit        Muxes := 1     
	   2 Input      3 Bit        Muxes := 3     
	   2 Input      1 Bit        Muxes := 5     
Module Divider 
Detailed RTL Component Info : 
+---Adders : 
	   2 Input     32 Bit       Adders := 1     
+---Registers : 
	               32 Bit    Registers := 1     
	                1 Bit    Registers := 1     
+---Muxes : 
	   2 Input     32 Bit        Muxes := 1     
	   2 Input      1 Bit        Muxes := 1     
Module seg7x16 
Detailed RTL Component Info : 
+---Adders : 
	   2 Input      3 Bit       Adders := 1     
+---Registers : 
	               32 Bit    Registers := 1     
	                8 Bit    Registers := 1     
	                3 Bit    Registers := 1     
+---Muxes : 
	   8 Input      8 Bit        Muxes := 1     
---------------------------------------------------------------------------------
Finished RTL Hierarchical Component Statistics
---------------------------------------------------------------------------------
---------------------------------------------------------------------------------
Start Part Resource Summary
---------------------------------------------------------------------------------
Part Resources:
DSPs: 240 (col length:80)
BRAMs: 270 (col length: RAMB18 80 RAMB36 40)
---------------------------------------------------------------------------------
Finished Part Resource Summary
---------------------------------------------------------------------------------
---------------------------------------------------------------------------------
Start Cross Boundary and Area Optimization
---------------------------------------------------------------------------------
Warning: Parallel synthesis criteria is not met 
DSP Report: Generating DSP mult_res_s, operation Mode is: A*B.
DSP Report: operator mult_res_s is absorbed into DSP mult_res_s.
DSP Report: operator mult_res_s is absorbed into DSP mult_res_s.
DSP Report: Generating DSP mult_res_s, operation Mode is: (PCIN>>17)+A*B.
DSP Report: operator mult_res_s is absorbed into DSP mult_res_s.
DSP Report: operator mult_res_s is absorbed into DSP mult_res_s.
DSP Report: Generating DSP mult_res_s, operation Mode is: A*B.
DSP Report: operator mult_res_s is absorbed into DSP mult_res_s.
DSP Report: operator mult_res_s is absorbed into DSP mult_res_s.
DSP Report: Generating DSP mult_res_s, operation Mode is: C+A*B.
DSP Report: operator mult_res_s is absorbed into DSP mult_res_s.
DSP Report: operator mult_res_s is absorbed into DSP mult_res_s.
DSP Report: Generating DSP mult_res_u, operation Mode is: A*B.
DSP Report: operator mult_res_u is absorbed into DSP mult_res_u.
DSP Report: operator mult_res_u is absorbed into DSP mult_res_u.
DSP Report: Generating DSP mult_res_u, operation Mode is: (PCIN>>17)+A*B.
DSP Report: operator mult_res_u is absorbed into DSP mult_res_u.
DSP Report: operator mult_res_u is absorbed into DSP mult_res_u.
DSP Report: Generating DSP mult_res_u, operation Mode is: C+A*B.
DSP Report: operator mult_res_u is absorbed into DSP mult_res_u.
DSP Report: operator mult_res_u is absorbed into DSP mult_res_u.
INFO: [Synth 8-5845] Not enough pipeline registers after wide multiplier. Recommended levels of pipeline registers is 4 [D:/vivado_projects/EP1-89Inst/EP1-89Inst.srcs/sources_1/new/DCPU.v:240]
DSP Report: Generating DSP EX_mul_res, operation Mode is: A*B.
DSP Report: operator EX_mul_res is absorbed into DSP EX_mul_res.
DSP Report: operator EX_mul_res is absorbed into DSP EX_mul_res.
DSP Report: Generating DSP EX_mul_res, operation Mode is: (PCIN>>17)+A*B.
DSP Report: operator EX_mul_res is absorbed into DSP EX_mul_res.
DSP Report: operator EX_mul_res is absorbed into DSP EX_mul_res.
DSP Report: Generating DSP EX_mul_res, operation Mode is: A*B.
DSP Report: operator EX_mul_res is absorbed into DSP EX_mul_res.
DSP Report: operator EX_mul_res is absorbed into DSP EX_mul_res.
DSP Report: Generating DSP EX_mul_res, operation Mode is: (PCIN>>17)+A*B.
DSP Report: operator EX_mul_res is absorbed into DSP EX_mul_res.
DSP Report: operator EX_mul_res is absorbed into DSP EX_mul_res.
INFO: [Synth 8-5545] ROM "divider_cpu/counter" won't be mapped to RAM because address size (32) is larger than maximum supported(25)
INFO: [Synth 8-5545] ROM "divider_cpu/clk_out" won't be mapped to RAM because address size (32) is larger than maximum supported(25)
WARNING: [Synth 8-3331] design top_board has unconnected port switch[1]
INFO: [Synth 8-3886] merging instance 'cpui_2/ID_EX_imm_ext_reg[16]' (FDCE) to 'cpui_2/ID_EX_imm_ext_reg[17]'
INFO: [Synth 8-3886] merging instance 'cpui_2/ID_EX_imm_ext_reg[17]' (FDCE) to 'cpui_2/ID_EX_imm_ext_reg[18]'
INFO: [Synth 8-3886] merging instance 'cpui_2/ID_EX_imm_ext_reg[18]' (FDCE) to 'cpui_2/ID_EX_imm_ext_reg[19]'
INFO: [Synth 8-3886] merging instance 'cpui_2/ID_EX_imm_ext_reg[19]' (FDCE) to 'cpui_2/ID_EX_imm_ext_reg[20]'
INFO: [Synth 8-3886] merging instance 'cpui_2/ID_EX_imm_ext_reg[20]' (FDCE) to 'cpui_2/ID_EX_imm_ext_reg[21]'
INFO: [Synth 8-3886] merging instance 'cpui_2/ID_EX_imm_ext_reg[21]' (FDCE) to 'cpui_2/ID_EX_imm_ext_reg[22]'
INFO: [Synth 8-3886] merging instance 'cpui_2/ID_EX_imm_ext_reg[22]' (FDCE) to 'cpui_2/ID_EX_imm_ext_reg[23]'
INFO: [Synth 8-3886] merging instance 'cpui_2/ID_EX_imm_ext_reg[23]' (FDCE) to 'cpui_2/ID_EX_imm_ext_reg[24]'
INFO: [Synth 8-3886] merging instance 'cpui_2/ID_EX_imm_ext_reg[24]' (FDCE) to 'cpui_2/ID_EX_imm_ext_reg[25]'
INFO: [Synth 8-3886] merging instance 'cpui_2/ID_EX_imm_ext_reg[25]' (FDCE) to 'cpui_2/ID_EX_imm_ext_reg[26]'
INFO: [Synth 8-3886] merging instance 'cpui_2/ID_EX_imm_ext_reg[26]' (FDCE) to 'cpui_2/ID_EX_imm_ext_reg[27]'
INFO: [Synth 8-3886] merging instance 'cpui_2/ID_EX_imm_ext_reg[27]' (FDCE) to 'cpui_2/ID_EX_imm_ext_reg[28]'
INFO: [Synth 8-3886] merging instance 'cpui_2/ID_EX_imm_ext_reg[28]' (FDCE) to 'cpui_2/ID_EX_imm_ext_reg[29]'
INFO: [Synth 8-3886] merging instance 'cpui_2/ID_EX_imm_ext_reg[29]' (FDCE) to 'cpui_2/ID_EX_imm_ext_reg[30]'
INFO: [Synth 8-3886] merging instance 'cpui_2/ID_EX_imm_ext_reg[30]' (FDCE) to 'cpui_2/ID_EX_imm_ext_reg[31]'
INFO: [Synth 8-3333] propagating constant 1 across sequential element (i_0/\seg7_display/o_seg_r_reg[7] )
INFO: [Synth 8-3886] merging instance 'cpui_2/ID_EX_rd_reg[0]' (FDCE) to 'cpui_2/ID_EX_imm_ext_reg[11]'
INFO: [Synth 8-3886] merging instance 'cpui_2/ID_EX_rd_reg[1]' (FDCE) to 'cpui_2/ID_EX_imm_ext_reg[12]'
INFO: [Synth 8-3886] merging instance 'cpui_2/ID_EX_rd_reg[2]' (FDCE) to 'cpui_2/ID_EX_imm_ext_reg[13]'
INFO: [Synth 8-3886] merging instance 'cpui_2/ID_EX_rd_reg[3]' (FDCE) to 'cpui_2/ID_EX_imm_ext_reg[14]'
INFO: [Synth 8-3886] merging instance 'cpui_2/ID_EX_rd_reg[4]' (FDCE) to 'cpui_2/ID_EX_imm_ext_reg[15]'
INFO: [Synth 8-3886] merging instance 'cpui_2/ID_EX_imm_ext_reg[2]' (FDCE) to 'cpui_2/ID_EX_funct_reg[2]'
INFO: [Synth 8-3886] merging instance 'cpui_2/ID_EX_imm_ext_reg[10]' (FDCE) to 'cpui_2/ID_EX_shamt_reg[4]'
INFO: [Synth 8-3886] merging instance 'cpui_2/ID_EX_imm_ext_reg[6]' (FDCE) to 'cpui_2/ID_EX_shamt_reg[0]'
INFO: [Synth 8-3886] merging instance 'cpui_2/ID_EX_imm_ext_reg[8]' (FDCE) to 'cpui_2/ID_EX_shamt_reg[2]'
INFO: [Synth 8-3886] merging instance 'cpui_2/ID_EX_imm_ext_reg[0]' (FDCE) to 'cpui_2/ID_EX_funct_reg[0]'
INFO: [Synth 8-3886] merging instance 'cpui_2/ID_EX_imm_ext_reg[4]' (FDCE) to 'cpui_2/ID_EX_funct_reg[4]'
INFO: [Synth 8-3886] merging instance 'cpui_2/ID_EX_imm_ext_reg[9]' (FDCE) to 'cpui_2/ID_EX_shamt_reg[3]'
INFO: [Synth 8-3886] merging instance 'cpui_2/ID_EX_imm_ext_reg[1]' (FDCE) to 'cpui_2/ID_EX_funct_reg[1]'
INFO: [Synth 8-3886] merging instance 'cpui_2/ID_EX_imm_ext_reg[5]' (FDCE) to 'cpui_2/ID_EX_funct_reg[5]'
INFO: [Synth 8-3886] merging instance 'cpui_2/ID_EX_imm_ext_reg[3]' (FDCE) to 'cpui_2/ID_EX_funct_reg[3]'
INFO: [Synth 8-3886] merging instance 'cpui_2/ID_EX_imm_ext_reg[7]' (FDCE) to 'cpui_2/ID_EX_shamt_reg[1]'
---------------------------------------------------------------------------------
Finished Cross Boundary and Area Optimization : Time (s): cpu = 00:01:03 ; elapsed = 00:01:10 . Memory (MB): peak = 1224.105 ; gain = 931.027
---------------------------------------------------------------------------------
---------------------------------------------------------------------------------
Start ROM, RAM, DSP and Shift Register Reporting
---------------------------------------------------------------------------------

DSP: Preliminary Mapping  Report (see note below)
+------------+----------------+--------+--------+--------+--------+--------+------+------+------+------+-------+------+------+
|Module Name | DSP Mapping    | A Size | B Size | C Size | D Size | P Size | AREG | BREG | CREG | DREG | ADREG | MREG | PREG | 
+------------+----------------+--------+--------+--------+--------+--------+------+------+------+------+-------+------+------+
|MDU         | A*B            | 18     | 15     | -      | -      | 48     | 0    | 0    | -    | -    | -     | 0    | 0    | 
|MDU         | (PCIN>>17)+A*B | 15     | 15     | -      | -      | 30     | 0    | 0    | -    | -    | -     | 0    | 0    | 
|MDU         | A*B            | 18     | 18     | -      | -      | 48     | 0    | 0    | -    | -    | -     | 0    | 0    | 
|MDU         | C+A*B          | 18     | 15     | 31     | -      | 47     | 0    | 0    | 0    | -    | -     | 0    | 0    | 
|MDU         | A*B            | 18     | 16     | -      | -      | 48     | 0    | 0    | -    | -    | -     | 0    | 0    | 
|MDU         | (PCIN>>17)+A*B | 16     | 16     | -      | -      | 30     | 0    | 0    | -    | -    | -     | 0    | 0    | 
|MDU         | C+A*B          | 18     | 16     | 31     | -      | 47     | 0    | 0    | 0    | -    | -     | 0    | 0    | 
|top_board   | A*B            | 18     | 15     | -      | -      | 48     | 0    | 0    | -    | -    | -     | 0    | 0    | 
|top_board   | (PCIN>>17)+A*B | 15     | 15     | -      | -      | 48     | 0    | 0    | -    | -    | -     | 0    | 0    | 
|top_board   | A*B            | 18     | 18     | -      | -      | 48     | 0    | 0    | -    | -    | -     | 0    | 0    | 
|top_board   | (PCIN>>17)+A*B | 18     | 15     | -      | -      | 48     | 0    | 0    | -    | -    | -     | 0    | 0    | 
+------------+----------------+--------+--------+--------+--------+--------+------+------+------+------+-------+------+------+

Note: The table above is a preliminary report that shows the DSPs inferred at the current stage of the synthesis flow. Some DSP may be reimplemented as non DSP primitives later in the synthesis flow. Multiple instantiated DSPs are reported only once.
---------------------------------------------------------------------------------
Finished ROM, RAM, DSP and Shift Register Reporting
---------------------------------------------------------------------------------

Report RTL Partitions: 
+------+---------------+------------+----------+
|      |RTL Partition  |Replication |Instances |
+------+---------------+------------+----------+
|1     |DCPU__GB0      |           1|     12153|
|2     |DCPU__GB1      |           1|     10712|
|3     |DMEM           |           1|     20627|
|4     |top_board__GC0 |           1|       249|
+------+---------------+------------+----------+
---------------------------------------------------------------------------------
Start Applying XDC Timing Constraints
---------------------------------------------------------------------------------
---------------------------------------------------------------------------------
Finished Applying XDC Timing Constraints : Time (s): cpu = 00:01:09 ; elapsed = 00:01:16 . Memory (MB): peak = 1224.105 ; gain = 931.027
---------------------------------------------------------------------------------
---------------------------------------------------------------------------------
Start Timing Optimization
---------------------------------------------------------------------------------
---------------------------------------------------------------------------------
Finished Timing Optimization : Time (s): cpu = 00:01:11 ; elapsed = 00:01:18 . Memory (MB): peak = 1224.105 ; gain = 931.027
---------------------------------------------------------------------------------

Report RTL Partitions: 
+------+---------------+------------+----------+
|      |RTL Partition  |Replication |Instances |
+------+---------------+------------+----------+
|1     |DCPU__GB0      |           1|     12153|
|2     |DCPU__GB1      |           1|     10712|
|3     |DMEM           |           1|     20627|
|4     |top_board__GC0 |           1|       249|
+------+---------------+------------+----------+
---------------------------------------------------------------------------------
Start Technology Mapping
---------------------------------------------------------------------------------
---------------------------------------------------------------------------------
Finished Technology Mapping : Time (s): cpu = 00:01:16 ; elapsed = 00:01:23 . Memory (MB): peak = 1224.105 ; gain = 931.027
---------------------------------------------------------------------------------

Report RTL Partitions: 
+-+--------------+------------+----------+
| |RTL Partition |Replication |Instances |
+-+--------------+------------+----------+
+-+--------------+------------+----------+
---------------------------------------------------------------------------------
Start IO Insertion
---------------------------------------------------------------------------------
---------------------------------------------------------------------------------
Start Flattening Before IO Insertion
---------------------------------------------------------------------------------
---------------------------------------------------------------------------------
Finished Flattening Before IO Insertion
---------------------------------------------------------------------------------
---------------------------------------------------------------------------------
Start Final Netlist Cleanup
---------------------------------------------------------------------------------
---------------------------------------------------------------------------------
Finished Final Netlist Cleanup
---------------------------------------------------------------------------------
---------------------------------------------------------------------------------
Finished IO Insertion : Time (s): cpu = 00:01:17 ; elapsed = 00:01:25 . Memory (MB): peak = 1224.105 ; gain = 931.027
---------------------------------------------------------------------------------

Report Check Netlist: 
+------+------------------+-------+---------+-------+------------------+
|      |Item              |Errors |Warnings |Status |Description       |
+------+------------------+-------+---------+-------+------------------+
|1     |multi_driven_nets |      0|        0|Passed |Multi driven nets |
+------+------------------+-------+---------+-------+------------------+
---------------------------------------------------------------------------------
Start Renaming Generated Instances
---------------------------------------------------------------------------------
---------------------------------------------------------------------------------
Finished Renaming Generated Instances : Time (s): cpu = 00:01:17 ; elapsed = 00:01:25 . Memory (MB): peak = 1224.105 ; gain = 931.027
---------------------------------------------------------------------------------

Report RTL Partitions: 
+-+--------------+------------+----------+
| |RTL Partition |Replication |Instances |
+-+--------------+------------+----------+
+-+--------------+------------+----------+
---------------------------------------------------------------------------------
Start Rebuilding User Hierarchy
---------------------------------------------------------------------------------
---------------------------------------------------------------------------------
Finished Rebuilding User Hierarchy : Time (s): cpu = 00:01:18 ; elapsed = 00:01:25 . Memory (MB): peak = 1224.105 ; gain = 931.027
---------------------------------------------------------------------------------
---------------------------------------------------------------------------------
Start Renaming Generated Ports
---------------------------------------------------------------------------------
---------------------------------------------------------------------------------
Finished Renaming Generated Ports : Time (s): cpu = 00:01:18 ; elapsed = 00:01:25 . Memory (MB): peak = 1224.105 ; gain = 931.027
---------------------------------------------------------------------------------
---------------------------------------------------------------------------------
Start Handling Custom Attributes
---------------------------------------------------------------------------------
---------------------------------------------------------------------------------
Finished Handling Custom Attributes : Time (s): cpu = 00:01:18 ; elapsed = 00:01:26 . Memory (MB): peak = 1224.105 ; gain = 931.027
---------------------------------------------------------------------------------
---------------------------------------------------------------------------------
Start Renaming Generated Nets
---------------------------------------------------------------------------------
---------------------------------------------------------------------------------
Finished Renaming Generated Nets : Time (s): cpu = 00:01:18 ; elapsed = 00:01:26 . Memory (MB): peak = 1224.105 ; gain = 931.027
---------------------------------------------------------------------------------
---------------------------------------------------------------------------------
Start Writing Synthesis Report
---------------------------------------------------------------------------------

Report BlackBoxes: 
+------+---------------+----------+
|      |BlackBox name  |Instances |
+------+---------------+----------+
|1     |dist_mem_gen_0 |         1|
+------+---------------+----------+

Report Cell Usage: 
+------+---------------+------+
|      |Cell           |Count |
+------+---------------+------+
|1     |dist_mem_gen_0 |     1|
|2     |BUFG           |     2|
|3     |CARRY4         |  1358|
|4     |DSP48E1        |     8|
|5     |DSP48E1_1      |     2|
|6     |LUT1           |   237|
|7     |LUT2           |  1206|
|8     |LUT3           |  2487|
|9     |LUT4           |   941|
|10    |LUT5           |  2822|
|11    |LUT6           |  5263|
|12    |MUXF7          |   983|
|13    |MUXF8          |   313|
|14    |FDCE           |  2697|
|15    |FDPE           |    17|
|16    |FDRE           |  8192|
|17    |IBUF           |     3|
|18    |OBUF           |    16|
+------+---------------+------+

Report Instance Areas: 
+------+---------------+--------+------+
|      |Instance       |Module  |Cells |
+------+---------------+--------+------+
|1     |top            |        | 26579|
|2     |  cpu          |DCPU    | 21342|
|3     |    cp0        |CPO     |  2015|
|4     |    dmem       |DMEM    | 13773|
|5     |    imem       |IMEM    |    73|
|6     |    mdu        |MDU     |  1334|
|7     |    regfile    |RegFile |  2108|
|8     |  divider_cpu  |Divider |    82|
|9     |  seg7_display |seg7x16 |    92|
+------+---------------+--------+------+
---------------------------------------------------------------------------------
Finished Writing Synthesis Report : Time (s): cpu = 00:01:18 ; elapsed = 00:01:26 . Memory (MB): peak = 1224.105 ; gain = 931.027
---------------------------------------------------------------------------------
Synthesis finished with 0 errors, 0 critical warnings and 1 warnings.
Synthesis Optimization Runtime : Time (s): cpu = 00:00:57 ; elapsed = 00:01:19 . Memory (MB): peak = 1224.105 ; gain = 637.820
Synthesis Optimization Complete : Time (s): cpu = 00:01:19 ; elapsed = 00:01:26 . Memory (MB): peak = 1224.105 ; gain = 931.027
INFO: [Project 1-571] Translating synthesized netlist
INFO: [Netlist 29-17] Analyzing 2664 Unisim elements for replacement
INFO: [Netlist 29-28] Unisim Transformation completed in 0 CPU seconds
INFO: [Project 1-570] Preparing netlist for logic optimization
INFO: [Opt 31-138] Pushed 0 inverter(s) to 0 load pin(s).
Netlist sorting complete. Time (s): cpu = 00:00:00 ; elapsed = 00:00:00.003 . Memory (MB): peak = 1224.105 ; gain = 0.000
INFO: [Project 1-111] Unisim Transformation Summary:
No Unisim elements were transformed.

INFO: [Common 17-83] Releasing license: Synthesis
193 Infos, 56 Warnings, 0 Critical Warnings and 0 Errors encountered.
synth_design completed successfully
synth_design: Time (s): cpu = 00:01:22 ; elapsed = 00:01:29 . Memory (MB): peak = 1224.105 ; gain = 942.520
Netlist sorting complete. Time (s): cpu = 00:00:00 ; elapsed = 00:00:00.003 . Memory (MB): peak = 1224.105 ; gain = 0.000
WARNING: [Constraints 18-5210] No constraints selected for write.
Resolution: This message can indicate that there are no constraints for the design, or it can indicate that the used_in flags are set such that the constraints are ignored. This later case is used when running synth_design to not write synthesis constraints to the resulting checkpoint. Instead, project constraints are read when the synthesized design is opened.
INFO: [Common 17-1381] The checkpoint 'D:/vivado_projects/EP1-89Inst/EP1-89Inst.runs/synth_1/top_board.dcp' has been generated.
INFO: [runtcl-4] Executing : report_utilization -file top_board_utilization_synth.rpt -pb top_board_utilization_synth.pb
INFO: [Common 17-206] Exiting Vivado at Fri Apr 10 17:46:34 2026...
