Copyright 1986-2016 Xilinx, Inc. All Rights Reserved.
--------------------------------------------------------------------------------------
| Tool Version : Vivado v.2016.2 (win64) Build 1577090 Thu Jun  2 16:32:40 MDT 2016
| Date         : Wed Dec 24 09:57:37 2025
| Host         : LAPTOP-V0AHCU9H running 64-bit major release  (build 9200)
| Command      : report_control_sets -verbose -file top_board_control_sets_placed.rpt
| Design       : top_board
| Device       : xc7a100t
--------------------------------------------------------------------------------------

Control Set Information

Table of Contents
-----------------
1. Summary
2. Flip-Flop Distribution
3. Detailed Control Set Information

1. Summary
----------

+----------------------------------------------------------+-------+
|                          Status                          | Count |
+----------------------------------------------------------+-------+
| Number of unique control sets                            |    43 |
| Unused register locations in slices containing registers |    22 |
+----------------------------------------------------------+-------+


2. Flip-Flop Distribution
-------------------------

+--------------+-----------------------+------------------------+-----------------+--------------+
| Clock Enable | Synchronous Set/Reset | Asynchronous Set/Reset | Total Registers | Total Slices |
+--------------+-----------------------+------------------------+-----------------+--------------+
| No           | No                    | No                     |               0 |            0 |
| No           | No                    | Yes                    |              90 |           27 |
| No           | Yes                   | No                     |               0 |            0 |
| Yes          | No                    | No                     |               0 |            0 |
| Yes          | No                    | Yes                    |            1496 |          838 |
| Yes          | Yes                   | No                     |               0 |            0 |
+--------------+-----------------------+------------------------+-----------------+--------------+


3. Detailed Control Set Information
-----------------------------------

+------------------------+--------------------------------------+------------------+------------------+----------------+
|      Clock Signal      |             Enable Signal            | Set/Reset Signal | Slice Load Count | Bel Load Count |
+------------------------+--------------------------------------+------------------+------------------+----------------+
|  seg7_display/seg7_clk |                                      | rst_IBUF         |                1 |              3 |
|  clk_cpu_BUFG          | cpu/regfile/regs[7][31]_i_1_n_0      | rst_IBUF         |               23 |             32 |
|  clk_cpu_BUFG          | cpu/dmem/mem_reg_0_255_0_0_i_1_n_0   |                  |                8 |             32 |
|  clk_cpu_BUFG          | cpu/dmem/mem_reg_0_255_16_16_i_2_n_0 |                  |                8 |             32 |
|  clk_cpu_BUFG          | cpu/dmem/mem_reg_0_255_24_24_i_2_n_0 |                  |                8 |             32 |
|  clk_cpu_BUFG          | cpu/dmem/mem_reg_0_255_8_8_i_2_n_0   |                  |                8 |             32 |
|  clk_cpu_BUFG          | cpu/regfile/regs[8][31]_i_1_n_0      | rst_IBUF         |               21 |             32 |
|  clk_cpu_BUFG          | cpu/regfile/regs[9][31]_i_1_n_0      | rst_IBUF         |               21 |             32 |
|  clk_cpu_BUFG          | cpu/LO_reg[31]_i_1_n_0               | rst_IBUF         |               26 |             32 |
|  clk_cpu_BUFG          | cpu/HI_reg[31]_i_1_n_0               | rst_IBUF         |               18 |             32 |
|  clk_cpu_BUFG          | cpu/regfile/regs[0][31]_i_1_n_0      | rst_IBUF         |               18 |             32 |
|  clk_cpu_BUFG          | cpu/regfile/regs[10][31]_i_1_n_0     | rst_IBUF         |               15 |             32 |
|  clk_cpu_BUFG          | cpu/regfile/regs[11][31]_i_1_n_0     | rst_IBUF         |               15 |             32 |
|  clk_cpu_BUFG          | cpu/regfile/regs[12][31]_i_1_n_0     | rst_IBUF         |               16 |             32 |
|  clk_cpu_BUFG          | cpu/regfile/regs[13][31]_i_1_n_0     | rst_IBUF         |               18 |             32 |
|  clk_cpu_BUFG          | cpu/regfile/regs[14][31]_i_1_n_0     | rst_IBUF         |               18 |             32 |
|  clk_cpu_BUFG          | cpu/regfile/regs[15][31]_i_1_n_0     | rst_IBUF         |               18 |             32 |
|  clk_cpu_BUFG          | cpu/regfile/regs[16][31]_i_1_n_0     | rst_IBUF         |               16 |             32 |
|  clk_cpu_BUFG          | cpu/regfile/regs[17][31]_i_1_n_0     | rst_IBUF         |               16 |             32 |
|  clk_cpu_BUFG          | cpu/regfile/regs[18][31]_i_1_n_0     | rst_IBUF         |               17 |             32 |
|  clk_cpu_BUFG          | cpu/regfile/regs[19][31]_i_1_n_0     | rst_IBUF         |               20 |             32 |
|  clk_cpu_BUFG          | cpu/regfile/regs[1][31]_i_1_n_0      | rst_IBUF         |               16 |             32 |
|  clk_cpu_BUFG          | cpu/regfile/regs[20][31]_i_1_n_0     | rst_IBUF         |               21 |             32 |
|  clk_cpu_BUFG          | cpu/regfile/regs[21][31]_i_1_n_0     | rst_IBUF         |               19 |             32 |
|  clk_cpu_BUFG          | cpu/regfile/regs[22][31]_i_1_n_0     | rst_IBUF         |               22 |             32 |
|  clk_cpu_BUFG          | cpu/regfile/regs[23][31]_i_1_n_0     | rst_IBUF         |               23 |             32 |
|  clk_cpu_BUFG          | cpu/regfile/regs[24][31]_i_1_n_0     | rst_IBUF         |               18 |             32 |
|  clk_cpu_BUFG          | cpu/regfile/regs[25][31]_i_1_n_0     | rst_IBUF         |               16 |             32 |
|  clk_cpu_BUFG          | cpu/regfile/regs[26][31]_i_1_n_0     | rst_IBUF         |               21 |             32 |
|  clk_cpu_BUFG          | cpu/regfile/regs[27][31]_i_1_n_0     | rst_IBUF         |               15 |             32 |
|  clk_cpu_BUFG          | cpu/regfile/regs[28][31]_i_1_n_0     | rst_IBUF         |               18 |             32 |
|  clk_cpu_BUFG          | cpu/regfile/regs[29][31]_i_1_n_0     | rst_IBUF         |               19 |             32 |
|  clk_cpu_BUFG          | cpu/regfile/regs[2][31]_i_1_n_0      | rst_IBUF         |               17 |             32 |
|  clk_cpu_BUFG          | cpu/regfile/regs[30][31]_i_1_n_0     | rst_IBUF         |               22 |             32 |
|  clk_cpu_BUFG          | cpu/regfile/regs[31][31]_i_1_n_0     | rst_IBUF         |               23 |             32 |
|  clk_cpu_BUFG          | cpu/regfile/regs[3][31]_i_1_n_0      | rst_IBUF         |               17 |             32 |
|  clk_cpu_BUFG          | cpu/regfile/regs[4][31]_i_1_n_0      | rst_IBUF         |               13 |             32 |
|  clk_cpu_BUFG          | cpu/regfile/regs[5][31]_i_1_n_0      | rst_IBUF         |               16 |             32 |
|  clk_cpu_BUFG          | cpu/regfile/regs[6][31]_i_1_n_0      | rst_IBUF         |               21 |             32 |
|  clk_IBUF_BUFG         |                                      | rst_IBUF         |               26 |             87 |
|  clk_cpu_BUFG          | cpu/IF_ID_instr[31]_i_1_n_0          | rst_IBUF         |               47 |             99 |
|  clk_cpu_BUFG          | cpu/ID_EX_is_mthi_i_1_n_0            | rst_IBUF         |               69 |            145 |
|  clk_cpu_BUFG          | cpu/ena                              | rst_IBUF         |               89 |            164 |
+------------------------+--------------------------------------+------------------+------------------+----------------+


