Copyright 1986-2022 Xilinx, Inc. All Rights Reserved.
-----------------------------------------------------------------------------------------------
| Tool Version : Vivado v.2022.2 (win64) Build 3671981 Fri Oct 14 05:00:03 MDT 2022
| Date         : Sat Jun 20 14:06:15 2026
| Host         : LAPTOP-V0AHCU9H running 64-bit major release  (build 9200)
| Command      : report_clock_utilization -file openmips_min_sopc_clock_utilization_routed.rpt
| Design       : openmips_min_sopc
| Device       : 7a100t-csg324
| Speed File   : -1  PRODUCTION 1.23 2018-06-13
| Design State : Routed
-----------------------------------------------------------------------------------------------

Clock Utilization Report

Table of Contents
-----------------
1. Clock Primitive Utilization
2. Global Clock Resources
3. Global Clock Source Details
4. Local Clock Details
5. Clock Regions: Key Resource Utilization
6. Clock Regions : Global Clock Summary
7. Device Cell Placement Summary for Global Clock g0
8. Device Cell Placement Summary for Global Clock g1
9. Device Cell Placement Summary for Global Clock g2
10. Device Cell Placement Summary for Global Clock g3
11. Device Cell Placement Summary for Global Clock g4
12. Device Cell Placement Summary for Global Clock g5
13. Device Cell Placement Summary for Global Clock g6
14. Device Cell Placement Summary for Global Clock g7
15. Device Cell Placement Summary for Global Clock g8
16. Device Cell Placement Summary for Global Clock g9
17. Device Cell Placement Summary for Global Clock g10
18. Device Cell Placement Summary for Global Clock g11
19. Device Cell Placement Summary for Global Clock g12
20. Clock Region Cell Placement per Global Clock: Region X0Y0
21. Clock Region Cell Placement per Global Clock: Region X1Y0
22. Clock Region Cell Placement per Global Clock: Region X0Y1
23. Clock Region Cell Placement per Global Clock: Region X1Y1
24. Clock Region Cell Placement per Global Clock: Region X1Y2

1. Clock Primitive Utilization
------------------------------

+----------+------+-----------+-----+--------------+--------+
| Type     | Used | Available | LOC | Clock Region | Pblock |
+----------+------+-----------+-----+--------------+--------+
| BUFGCTRL |   12 |        32 |   0 |            0 |      0 |
| BUFH     |    1 |        96 |   0 |            0 |      0 |
| BUFIO    |    0 |        24 |   0 |            0 |      0 |
| BUFMR    |    0 |        12 |   0 |            0 |      0 |
| BUFR     |    0 |        24 |   0 |            0 |      0 |
| MMCM     |    2 |         6 |   1 |            0 |      0 |
| PLL      |    1 |         6 |   1 |            0 |      0 |
+----------+------+-----------+-----+--------------+--------+


2. Global Clock Resources
-------------------------

+-----------+-----------+-----------------+------------+----------------+--------------+-------------------+-------------+-----------------+--------------+--------------------+-------------------------------------------------------------------------------+----------------------------------------------------------------------+
| Global Id | Source Id | Driver Type/Pin | Constraint | Site           | Clock Region | Load Clock Region | Clock Loads | Non-Clock Loads | Clock Period | Clock              | Driver Pin                                                                    | Net                                                                  |
+-----------+-----------+-----------------+------------+----------------+--------------+-------------------+-------------+-----------------+--------------+--------------------+-------------------------------------------------------------------------------+----------------------------------------------------------------------+
| g0        | src0      | BUFG/O          | None       | BUFGCTRL_X0Y0  | n/a          |                 2 |        3418 |               0 |       13.333 | clk_pll_i          | DDR2/Ram/Inst_DDR/u_mig_7series_0_mig/u_ddr2_infrastructure/u_bufg_clkdiv0/O  | DDR2/Ram/Inst_DDR/u_mig_7series_0_mig/u_ddr2_infrastructure/CLK      |
| g1        | src1      | BUFG/O          | None       | BUFGCTRL_X0Y1  | n/a          |                 1 |          66 |               0 |              |                    | n_0_939_BUFG_inst/O                                                           | n_0_939_BUFG                                                         |
| g2        | src2      | BUFG/O          | None       | BUFGCTRL_X0Y2  | n/a          |                 1 |          64 |               0 |              |                    | hilo_temp1_reg[63]_i_2/O                                                      | ex0/hilo_temp1__0                                                    |
| g3        | src3      | BUFG/O          | None       | BUFGCTRL_X0Y3  | n/a          |                 2 |          32 |               0 |              |                    | n_1_4575_BUFG_inst/O                                                          | n_1_4575_BUFG                                                        |
| g4        | src4      | BUFG/O          | None       | BUFGCTRL_X0Y4  | n/a          |                 2 |          32 |               0 |              |                    | n_2_4569_BUFG_inst/O                                                          | n_2_4569_BUFG                                                        |
| g5        | src5      | BUFG/O          | None       | BUFGCTRL_X0Y5  | n/a          |                 1 |          32 |               0 |              |                    | n_3_2079_BUFG_inst/O                                                          | n_3_2079_BUFG                                                        |
| g6        | src6      | BUFG/O          | None       | BUFGCTRL_X0Y6  | n/a          |                 1 |          32 |               0 |              |                    | n_4_2332_BUFG_inst/O                                                          | n_4_2332_BUFG                                                        |
| g7        | src7      | BUFG/O          | None       | BUFGCTRL_X0Y7  | n/a          |                 1 |          32 |               0 |              |                    | n_5_2825_BUFG_inst/O                                                          | n_5_2825_BUFG                                                        |
| g8        | src8      | BUFG/O          | None       | BUFGCTRL_X0Y8  | n/a          |                 2 |          32 |               0 |              |                    | n_6_2953_BUFG_inst/O                                                          | n_6_2953_BUFG                                                        |
| g9        | src9      | BUFG/O          | None       | BUFGCTRL_X0Y9  | n/a          |                 2 |          32 |               0 |              |                    | n_7_3053_BUFG_inst/O                                                          | n_7_3053_BUFG                                                        |
| g10       | src10     | BUFG/O          | None       | BUFGCTRL_X0Y16 | n/a          |                 3 |          20 |               0 |        5.000 | clk_out2_clk_wiz_0 | DDR2/clk_1/inst/clkout2_buf/O                                                 | DDR2/clk_1/inst/clk_out2                                             |
| g11       | src11     | BUFH/O          | None       | BUFHCE_X1Y12   | X1Y1         |                 1 |           1 |               0 |       13.333 | pll_clk3_out       | DDR2/Ram/Inst_DDR/u_mig_7series_0_mig/u_ddr2_infrastructure/u_bufh_pll_clk3/O | DDR2/Ram/Inst_DDR/u_mig_7series_0_mig/u_ddr2_infrastructure/pll_clk3 |
| g12       | src12     | BUFG/O          | None       | BUFGCTRL_X0Y17 | n/a          |                 1 |           1 |               0 |       10.000 | clkfbout_clk_wiz_0 | DDR2/clk_1/inst/clkf_buf/O                                                    | DDR2/clk_1/inst/clkfbout_buf_clk_wiz_0                               |
+-----------+-----------+-----------------+------------+----------------+--------------+-------------------+-------------+-----------------+--------------+--------------------+-------------------------------------------------------------------------------+----------------------------------------------------------------------+
* Clock Loads column represents cell count of net connects that connect to a clock pin. Internal cell leaf pins are not considered
** Non-Clock Loads column represents cell count of non-clock pin loads


3. Global Clock Source Details
------------------------------

+-----------+-----------+---------------------+-----------------+-----------------+--------------+-------------+-----------------+---------------------+--------------------+--------------------------------------------------------------------------------------+--------------------------------------------------------------------------+
| Source Id | Global Id | Driver Type/Pin     | Constraint      | Site            | Clock Region | Clock Loads | Non-Clock Loads | Source Clock Period | Source Clock       | Driver Pin                                                                           | Net                                                                      |
+-----------+-----------+---------------------+-----------------+-----------------+--------------+-------------+-----------------+---------------------+--------------------+--------------------------------------------------------------------------------------+--------------------------------------------------------------------------+
| src0      | g0        | MMCME2_ADV/CLKFBOUT | MMCME2_ADV_X1Y1 | MMCME2_ADV_X1Y1 | X1Y1         |           1 |               0 |              13.333 | clk_pll_i          | DDR2/Ram/Inst_DDR/u_mig_7series_0_mig/u_ddr2_infrastructure/gen_mmcm.mmcm_i/CLKFBOUT | DDR2/Ram/Inst_DDR/u_mig_7series_0_mig/u_ddr2_infrastructure/clk_pll_i    |
| src1      | g1        | LUT6/O              | None            | SLICE_X51Y94    | X0Y1         |           1 |               0 |                     |                    | openmips0/id_ex0/n_0_939_BUFG_inst_i_1/O                                             | openmips0/id_ex0/n_0_939_BUFG_inst_n_1                                   |
| src2      | g2        | LUT6/O              | None            | SLICE_X51Y94    | X0Y1         |           1 |               0 |                     |                    | openmips0/id_ex0/hilo_temp1_reg[63]_i_4/O                                            | openmips0/id_ex0/cnt_o_reg[0]                                            |
| src3      | g3        | LUT6/O              | None            | SLICE_X53Y87    | X1Y1         |           1 |               1 |                     |                    | openmips0/if_id0/n_1_4575_BUFG_inst_i_1/O                                            | openmips0/if_id0/n_1_4575_BUFG_inst_n_2                                  |
| src4      | g4        | LUT6/O              | None            | SLICE_X53Y87    | X1Y1         |           1 |               1 |                     |                    | openmips0/if_id0/n_2_4569_BUFG_inst_i_1/O                                            | openmips0/if_id0/n_2_4569_BUFG_inst_n_3                                  |
| src5      | g5        | LUT5/O              | None            | SLICE_X52Y94    | X1Y1         |           1 |               0 |                     |                    | openmips0/ex_mem0/n_3_2079_BUFG_inst_i_1/O                                           | openmips0/ex_mem0/n_3_2079_BUFG_inst_n_4                                 |
| src6      | g6        | LUT5/O              | None            | SLICE_X52Y95    | X1Y1         |           1 |               0 |                     |                    | openmips0/ex_mem0/n_4_2332_BUFG_inst_i_1/O                                           | openmips0/ex_mem0/n_4_2332_BUFG_inst_n_5                                 |
| src7      | g7        | LUT5/O              | None            | SLICE_X51Y94    | X0Y1         |           1 |               0 |                     |                    | openmips0/ex0/n_5_2825_BUFG_inst_i_1/O                                               | openmips0/ex0/n_5_2825_BUFG_inst_n_6                                     |
| src8      | g8        | LUT3/O              | None            | SLICE_X52Y94    | X1Y1         |           1 |               0 |                     |                    | openmips0/dwishbone_bus_if/n_6_2953_BUFG_inst_i_1/O                                  | openmips0/dwishbone_bus_if/n_6_2953_BUFG_inst_n_7                        |
| src9      | g9        | LUT4/O              | None            | SLICE_X52Y94    | X1Y1         |           1 |               0 |                     |                    | openmips0/iwishbone_bus_if/n_7_3053_BUFG_inst_i_1/O                                  | openmips0/iwishbone_bus_if/n_7_3053_BUFG_inst_n_8                        |
| src10     | g10       | MMCME2_ADV/CLKOUT1  | None            | MMCME2_ADV_X1Y2 | X1Y2         |           1 |               0 |               5.000 | clk_out2_clk_wiz_0 | DDR2/clk_1/inst/mmcm_adv_inst/CLKOUT1                                                | DDR2/clk_1/inst/clk_out2_clk_wiz_0                                       |
| src11     | g11       | PLLE2_ADV/CLKOUT3   | PLLE2_ADV_X1Y1  | PLLE2_ADV_X1Y1  | X1Y1         |           1 |               0 |              13.333 | pll_clk3_out       | DDR2/Ram/Inst_DDR/u_mig_7series_0_mig/u_ddr2_infrastructure/plle2_i/CLKOUT3          | DDR2/Ram/Inst_DDR/u_mig_7series_0_mig/u_ddr2_infrastructure/pll_clk3_out |
| src12     | g12       | MMCME2_ADV/CLKFBOUT | None            | MMCME2_ADV_X1Y2 | X1Y2         |           1 |               0 |              10.000 | clkfbout_clk_wiz_0 | DDR2/clk_1/inst/mmcm_adv_inst/CLKFBOUT                                               | DDR2/clk_1/inst/clkfbout_clk_wiz_0                                       |
+-----------+-----------+---------------------+-----------------+-----------------+--------------+-------------+-----------------+---------------------+--------------------+--------------------------------------------------------------------------------------+--------------------------------------------------------------------------+
* Clock Loads column represents cell count of net connects that connect to a clock pin. Internal cell leaf pins are not considered
** Non-Clock Loads column represents cell count of non-clock pin loads


4. Local Clock Details
----------------------

+----------+----------------------------+---------------------+------------------------------------+--------------+-------------+-----------------+--------------+---------------+------------------------------------------------------------------------------------------------------------------------------------------------------------------------------------------------------------+---------------------------------------------------------------------------------------------------------------------------------------------------------------------------------------------------------+
| Local Id | Driver Type/Pin            | Constraint          | Site/BEL                           | Clock Region | Clock Loads | Non-Clock Loads | Clock Period | Clock         | Driver Pin                                                                                                                                                                                                 | Net                                                                                                                                                                                                     |
+----------+----------------------------+---------------------+------------------------------------+--------------+-------------+-----------------+--------------+---------------+------------------------------------------------------------------------------------------------------------------------------------------------------------------------------------------------------------+---------------------------------------------------------------------------------------------------------------------------------------------------------------------------------------------------------+
| 0        | PLLE2_ADV/CLKOUT0          | PLLE2_ADV_X1Y1      | PLLE2_ADV_X1Y1/PLLE2_ADV           | X1Y1         |           5 |               2 |        1.667 | freq_refclk   | DDR2/Ram/Inst_DDR/u_mig_7series_0_mig/u_ddr2_infrastructure/plle2_i/CLKOUT0                                                                                                                                | DDR2/Ram/Inst_DDR/u_mig_7series_0_mig/u_ddr2_infrastructure/freq_refclk                                                                                                                                 |
| 1        | PHASER_OUT_PHY/OCLKDELAYED | PHASER_OUT_PHY_X1Y4 | PHASER_OUT_PHY_X1Y4/PHASER_OUT_PHY | X1Y1         |           2 |               0 |        3.333 | oserdes_clk   | DDR2/Ram/Inst_DDR/u_mig_7series_0_mig/u_memc_ui_top_std/mem_intfc0/ddr_phy_top0/u_ddr_mc_phy_wrapper/u_ddr_mc_phy/ddr_phy_4lanes_0.u_ddr_phy_4lanes/ddr_byte_lane_A.ddr_byte_lane_A/phaser_out/OCLKDELAYED | DDR2/Ram/Inst_DDR/u_mig_7series_0_mig/u_memc_ui_top_std/mem_intfc0/ddr_phy_top0/u_ddr_mc_phy_wrapper/u_ddr_mc_phy/ddr_phy_4lanes_0.u_ddr_phy_4lanes/ddr_byte_lane_A.ddr_byte_lane_A/oserdes_clk_delayed |
| 2        | PHASER_OUT_PHY/OCLKDELAYED | PHASER_OUT_PHY_X1Y6 | PHASER_OUT_PHY_X1Y6/PHASER_OUT_PHY | X1Y1         |           2 |               0 |        3.333 | oserdes_clk_2 | DDR2/Ram/Inst_DDR/u_mig_7series_0_mig/u_memc_ui_top_std/mem_intfc0/ddr_phy_top0/u_ddr_mc_phy_wrapper/u_ddr_mc_phy/ddr_phy_4lanes_0.u_ddr_phy_4lanes/ddr_byte_lane_C.ddr_byte_lane_C/phaser_out/OCLKDELAYED | DDR2/Ram/Inst_DDR/u_mig_7series_0_mig/u_memc_ui_top_std/mem_intfc0/ddr_phy_top0/u_ddr_mc_phy_wrapper/u_ddr_mc_phy/ddr_phy_4lanes_0.u_ddr_phy_4lanes/ddr_byte_lane_C.ddr_byte_lane_C/oserdes_clk_delayed |
| 3        | PLLE2_ADV/CLKOUT1          | PLLE2_ADV_X1Y1      | PLLE2_ADV_X1Y1/PLLE2_ADV           | X1Y1         |           1 |               6 |        3.333 | mem_refclk    | DDR2/Ram/Inst_DDR/u_mig_7series_0_mig/u_ddr2_infrastructure/plle2_i/CLKOUT1                                                                                                                                | DDR2/Ram/Inst_DDR/u_mig_7series_0_mig/u_ddr2_infrastructure/mem_refclk                                                                                                                                  |
+----------+----------------------------+---------------------+------------------------------------+--------------+-------------+-----------------+--------------+---------------+------------------------------------------------------------------------------------------------------------------------------------------------------------------------------------------------------------+---------------------------------------------------------------------------------------------------------------------------------------------------------------------------------------------------------+
* Local Clocks in this context represents only clocks driven by non-global buffers
** Clock Loads column represents cell count of net connects that connect to a clock pin. Internal cell leaf pins are not considered
*** Non-Clock Loads column represents cell count of non-clock pin loads


5. Clock Regions: Key Resource Utilization
------------------------------------------

+-------------------+--------------+--------------+--------------+--------------+--------------+--------------+--------------+--------------+--------------+--------------+--------------+--------------+--------------+--------------+--------------+
|                   | Global Clock |     BUFRs    |    BUFMRs    |    BUFIOs    |     MMCM     |      PLL     |      GT      |      PCI     |    ILOGIC    |    OLOGIC    |      FF      |     LUTM     |    RAMB18    |    RAMB36    |    DSP48E2   |
+-------------------+------+-------+------+-------+------+-------+------+-------+------+-------+------+-------+------+-------+------+-------+------+-------+------+-------+------+-------+------+-------+------+-------+------+-------+------+-------+
| Clock Region Name | Used | Avail | Used | Avail | Used | Avail | Used | Avail | Used | Avail | Used | Avail | Used | Avail | Used | Avail | Used | Avail | Used | Avail | Used | Avail | Used | Avail | Used | Avail | Used | Avail | Used | Avail |
+-------------------+------+-------+------+-------+------+-------+------+-------+------+-------+------+-------+------+-------+------+-------+------+-------+------+-------+------+-------+------+-------+------+-------+------+-------+------+-------+
| X0Y0              |    1 |    12 |    0 |     4 |    0 |     2 |    0 |     4 |    0 |     1 |    0 |     1 |    0 |     0 |    0 |     0 |    0 |    50 |    0 |    50 |   15 |  2600 |    8 |   600 |    0 |    20 |    0 |    10 |    0 |    20 |
| X1Y0              |    2 |    12 |    0 |     0 |    0 |     0 |    0 |     0 |    0 |     0 |    0 |     0 |    0 |     4 |    0 |     0 |    0 |     0 |    0 |     0 |  695 |  1500 |  265 |   550 |    0 |    40 |    0 |    20 |    0 |    40 |
| X0Y1              |    8 |    12 |    0 |     4 |    0 |     2 |    0 |     4 |    0 |     1 |    0 |     1 |    0 |     0 |    0 |     0 |    0 |    50 |    0 |    50 |    0 |  2000 |   72 |   600 |    0 |    20 |    0 |    10 |    0 |    20 |
| X1Y1              |    8 |    12 |    0 |     4 |    0 |     2 |    0 |     4 |    1 |     1 |    1 |     1 |    0 |     0 |    0 |     0 |    0 |    50 |    4 |    50 | 2576 |  1900 |  898 |   650 |    0 |    60 |    0 |    30 |    0 |    40 |
| X0Y2              |    0 |    12 |    0 |     4 |    0 |     2 |    0 |     4 |    0 |     1 |    0 |     1 |    0 |     0 |    0 |     0 |    0 |    50 |    0 |    50 |    0 |  2000 |    0 |   600 |    0 |    20 |    0 |    10 |    0 |    20 |
| X1Y2              |    1 |    12 |    0 |     4 |    0 |     2 |    0 |     4 |    1 |     1 |    0 |     1 |    0 |     0 |    0 |     0 |    0 |    50 |    0 |    50 |    0 |  1900 |    0 |   650 |    0 |    60 |    0 |    30 |    0 |    40 |
| X0Y3              |    0 |    12 |    0 |     4 |    0 |     2 |    0 |     4 |    0 |     1 |    0 |     1 |    0 |     0 |    0 |     0 |    0 |    50 |    0 |    50 |    0 |  2600 |    0 |   600 |    0 |    20 |    0 |    10 |    0 |    20 |
| X1Y3              |    0 |    12 |    0 |     0 |    0 |     0 |    0 |     0 |    0 |     0 |    0 |     0 |    0 |     4 |    0 |     1 |    0 |     0 |    0 |     0 |    0 |  1350 |    0 |   500 |    0 |    30 |    0 |    15 |    0 |    40 |
+-------------------+------+-------+------+-------+------+-------+------+-------+------+-------+------+-------+------+-------+------+-------+------+-------+------+-------+------+-------+------+-------+------+-------+------+-------+------+-------+
* Global Clock column represents track count; while other columns represents cell counts


6. Clock Regions : Global Clock Summary
---------------------------------------

All Modules
+----+----+----+
|    | X0 | X1 |
+----+----+----+
| Y3 |  0 |  0 |
| Y2 |  0 |  1 |
| Y1 |  8 |  8 |
| Y0 |  1 |  2 |
+----+----+----+


7. Device Cell Placement Summary for Global Clock g0
----------------------------------------------------

+-----------+-----------------+-------------------+-----------+-------------+---------------+-------------+----------+----------------+----------+-----------------------------------------------------------------+
| Global Id | Driver Type/Pin | Driver Region (D) | Clock     | Period (ns) | Waveform (ns) | Slice Loads | IO Loads | Clocking Loads | GT Loads | Net                                                             |
+-----------+-----------------+-------------------+-----------+-------------+---------------+-------------+----------+----------------+----------+-----------------------------------------------------------------+
| g0        | BUFG/O          | n/a               | clk_pll_i |      13.333 | {0.000 6.667} |        3313 |        0 |              1 |        0 | DDR2/Ram/Inst_DDR/u_mig_7series_0_mig/u_ddr2_infrastructure/CLK |
+-----------+-----------------+-------------------+-----------+-------------+---------------+-------------+----------+----------------+----------+-----------------------------------------------------------------+
* Slice Loads column represents load cell count of all cell types other than IO, GT and clock resources
** IO Loads column represents load cell count of IO types
*** Clocking Loads column represents load cell count that are clock resources (global clock buffer, MMCM, PLL, etc)
**** GT Loads column represents load cell count of GT types


+----+----+-------+-----------------------+
|    | X0 | X1    | HORIZONTAL PROG DELAY |
+----+----+-------+-----------------------+
| Y3 |  0 |     0 |                     - |
| Y2 |  0 |     0 |                     - |
| Y1 |  0 |  2622 |                     0 |
| Y0 |  0 |   692 |                     0 |
+----+----+-------+-----------------------+


8. Device Cell Placement Summary for Global Clock g1
----------------------------------------------------

+-----------+-----------------+-------------------+-------+-------------+---------------+-------------+----------+----------------+----------+--------------+
| Global Id | Driver Type/Pin | Driver Region (D) | Clock | Period (ns) | Waveform (ns) | Slice Loads | IO Loads | Clocking Loads | GT Loads | Net          |
+-----------+-----------------+-------------------+-------+-------------+---------------+-------------+----------+----------------+----------+--------------+
| g1        | BUFG/O          | n/a               |       |             |               |          66 |        0 |              0 |        0 | n_0_939_BUFG |
+-----------+-----------------+-------------------+-------+-------------+---------------+-------------+----------+----------------+----------+--------------+
* Slice Loads column represents load cell count of all cell types other than IO, GT and clock resources
** IO Loads column represents load cell count of IO types
*** Clocking Loads column represents load cell count that are clock resources (global clock buffer, MMCM, PLL, etc)
**** GT Loads column represents load cell count of GT types


+----+-----+----+-----------------------+
|    | X0  | X1 | HORIZONTAL PROG DELAY |
+----+-----+----+-----------------------+
| Y3 |   0 |  0 |                     - |
| Y2 |   0 |  0 |                     - |
| Y1 |  66 |  0 |                     0 |
| Y0 |   0 |  0 |                     - |
+----+-----+----+-----------------------+


9. Device Cell Placement Summary for Global Clock g2
----------------------------------------------------

+-----------+-----------------+-------------------+-------+-------------+---------------+-------------+----------+----------------+----------+-------------------+
| Global Id | Driver Type/Pin | Driver Region (D) | Clock | Period (ns) | Waveform (ns) | Slice Loads | IO Loads | Clocking Loads | GT Loads | Net               |
+-----------+-----------------+-------------------+-------+-------------+---------------+-------------+----------+----------------+----------+-------------------+
| g2        | BUFG/O          | n/a               |       |             |               |          64 |        0 |              0 |        0 | ex0/hilo_temp1__0 |
+-----------+-----------------+-------------------+-------+-------------+---------------+-------------+----------+----------------+----------+-------------------+
* Slice Loads column represents load cell count of all cell types other than IO, GT and clock resources
** IO Loads column represents load cell count of IO types
*** Clocking Loads column represents load cell count that are clock resources (global clock buffer, MMCM, PLL, etc)
**** GT Loads column represents load cell count of GT types


+----+-----+----+-----------------------+
|    | X0  | X1 | HORIZONTAL PROG DELAY |
+----+-----+----+-----------------------+
| Y3 |   0 |  0 |                     - |
| Y2 |   0 |  0 |                     - |
| Y1 |  64 |  0 |                     0 |
| Y0 |   0 |  0 |                     - |
+----+-----+----+-----------------------+


10. Device Cell Placement Summary for Global Clock g3
-----------------------------------------------------

+-----------+-----------------+-------------------+-------+-------------+---------------+-------------+----------+----------------+----------+---------------+
| Global Id | Driver Type/Pin | Driver Region (D) | Clock | Period (ns) | Waveform (ns) | Slice Loads | IO Loads | Clocking Loads | GT Loads | Net           |
+-----------+-----------------+-------------------+-------+-------------+---------------+-------------+----------+----------------+----------+---------------+
| g3        | BUFG/O          | n/a               |       |             |               |          32 |        0 |              0 |        0 | n_1_4575_BUFG |
+-----------+-----------------+-------------------+-------+-------------+---------------+-------------+----------+----------------+----------+---------------+
* Slice Loads column represents load cell count of all cell types other than IO, GT and clock resources
** IO Loads column represents load cell count of IO types
*** Clocking Loads column represents load cell count that are clock resources (global clock buffer, MMCM, PLL, etc)
**** GT Loads column represents load cell count of GT types


+----+----+-----+-----------------------+
|    | X0 | X1  | HORIZONTAL PROG DELAY |
+----+----+-----+-----------------------+
| Y3 |  0 |   0 |                     - |
| Y2 |  0 |   0 |                     - |
| Y1 |  2 |  30 |                     0 |
| Y0 |  0 |   0 |                     - |
+----+----+-----+-----------------------+


11. Device Cell Placement Summary for Global Clock g4
-----------------------------------------------------

+-----------+-----------------+-------------------+-------+-------------+---------------+-------------+----------+----------------+----------+---------------+
| Global Id | Driver Type/Pin | Driver Region (D) | Clock | Period (ns) | Waveform (ns) | Slice Loads | IO Loads | Clocking Loads | GT Loads | Net           |
+-----------+-----------------+-------------------+-------+-------------+---------------+-------------+----------+----------------+----------+---------------+
| g4        | BUFG/O          | n/a               |       |             |               |          32 |        0 |              0 |        0 | n_2_4569_BUFG |
+-----------+-----------------+-------------------+-------+-------------+---------------+-------------+----------+----------------+----------+---------------+
* Slice Loads column represents load cell count of all cell types other than IO, GT and clock resources
** IO Loads column represents load cell count of IO types
*** Clocking Loads column represents load cell count that are clock resources (global clock buffer, MMCM, PLL, etc)
**** GT Loads column represents load cell count of GT types


+----+----+-----+-----------------------+
|    | X0 | X1  | HORIZONTAL PROG DELAY |
+----+----+-----+-----------------------+
| Y3 |  0 |   0 |                     - |
| Y2 |  0 |   0 |                     - |
| Y1 |  6 |  26 |                     0 |
| Y0 |  0 |   0 |                     - |
+----+----+-----+-----------------------+


12. Device Cell Placement Summary for Global Clock g5
-----------------------------------------------------

+-----------+-----------------+-------------------+-------+-------------+---------------+-------------+----------+----------------+----------+---------------+
| Global Id | Driver Type/Pin | Driver Region (D) | Clock | Period (ns) | Waveform (ns) | Slice Loads | IO Loads | Clocking Loads | GT Loads | Net           |
+-----------+-----------------+-------------------+-------+-------------+---------------+-------------+----------+----------------+----------+---------------+
| g5        | BUFG/O          | n/a               |       |             |               |          32 |        0 |              0 |        0 | n_3_2079_BUFG |
+-----------+-----------------+-------------------+-------+-------------+---------------+-------------+----------+----------------+----------+---------------+
* Slice Loads column represents load cell count of all cell types other than IO, GT and clock resources
** IO Loads column represents load cell count of IO types
*** Clocking Loads column represents load cell count that are clock resources (global clock buffer, MMCM, PLL, etc)
**** GT Loads column represents load cell count of GT types


+----+----+-----+-----------------------+
|    | X0 | X1  | HORIZONTAL PROG DELAY |
+----+----+-----+-----------------------+
| Y3 |  0 |   0 |                     - |
| Y2 |  0 |   0 |                     - |
| Y1 |  0 |  32 |                     0 |
| Y0 |  0 |   0 |                     - |
+----+----+-----+-----------------------+


13. Device Cell Placement Summary for Global Clock g6
-----------------------------------------------------

+-----------+-----------------+-------------------+-------+-------------+---------------+-------------+----------+----------------+----------+---------------+
| Global Id | Driver Type/Pin | Driver Region (D) | Clock | Period (ns) | Waveform (ns) | Slice Loads | IO Loads | Clocking Loads | GT Loads | Net           |
+-----------+-----------------+-------------------+-------+-------------+---------------+-------------+----------+----------------+----------+---------------+
| g6        | BUFG/O          | n/a               |       |             |               |          32 |        0 |              0 |        0 | n_4_2332_BUFG |
+-----------+-----------------+-------------------+-------+-------------+---------------+-------------+----------+----------------+----------+---------------+
* Slice Loads column represents load cell count of all cell types other than IO, GT and clock resources
** IO Loads column represents load cell count of IO types
*** Clocking Loads column represents load cell count that are clock resources (global clock buffer, MMCM, PLL, etc)
**** GT Loads column represents load cell count of GT types


+----+-----+----+-----------------------+
|    | X0  | X1 | HORIZONTAL PROG DELAY |
+----+-----+----+-----------------------+
| Y3 |   0 |  0 |                     - |
| Y2 |   0 |  0 |                     - |
| Y1 |  32 |  0 |                     0 |
| Y0 |   0 |  0 |                     - |
+----+-----+----+-----------------------+


14. Device Cell Placement Summary for Global Clock g7
-----------------------------------------------------

+-----------+-----------------+-------------------+-------+-------------+---------------+-------------+----------+----------------+----------+---------------+
| Global Id | Driver Type/Pin | Driver Region (D) | Clock | Period (ns) | Waveform (ns) | Slice Loads | IO Loads | Clocking Loads | GT Loads | Net           |
+-----------+-----------------+-------------------+-------+-------------+---------------+-------------+----------+----------------+----------+---------------+
| g7        | BUFG/O          | n/a               |       |             |               |          32 |        0 |              0 |        0 | n_5_2825_BUFG |
+-----------+-----------------+-------------------+-------+-------------+---------------+-------------+----------+----------------+----------+---------------+
* Slice Loads column represents load cell count of all cell types other than IO, GT and clock resources
** IO Loads column represents load cell count of IO types
*** Clocking Loads column represents load cell count that are clock resources (global clock buffer, MMCM, PLL, etc)
**** GT Loads column represents load cell count of GT types


+----+-----+----+-----------------------+
|    | X0  | X1 | HORIZONTAL PROG DELAY |
+----+-----+----+-----------------------+
| Y3 |   0 |  0 |                     - |
| Y2 |   0 |  0 |                     - |
| Y1 |  32 |  0 |                     0 |
| Y0 |   0 |  0 |                     - |
+----+-----+----+-----------------------+


15. Device Cell Placement Summary for Global Clock g8
-----------------------------------------------------

+-----------+-----------------+-------------------+-------+-------------+---------------+-------------+----------+----------------+----------+---------------+
| Global Id | Driver Type/Pin | Driver Region (D) | Clock | Period (ns) | Waveform (ns) | Slice Loads | IO Loads | Clocking Loads | GT Loads | Net           |
+-----------+-----------------+-------------------+-------+-------------+---------------+-------------+----------+----------------+----------+---------------+
| g8        | BUFG/O          | n/a               |       |             |               |          32 |        0 |              0 |        0 | n_6_2953_BUFG |
+-----------+-----------------+-------------------+-------+-------------+---------------+-------------+----------+----------------+----------+---------------+
* Slice Loads column represents load cell count of all cell types other than IO, GT and clock resources
** IO Loads column represents load cell count of IO types
*** Clocking Loads column represents load cell count that are clock resources (global clock buffer, MMCM, PLL, etc)
**** GT Loads column represents load cell count of GT types


+----+----+-----+-----------------------+
|    | X0 | X1  | HORIZONTAL PROG DELAY |
+----+----+-----+-----------------------+
| Y3 |  0 |   0 |                     - |
| Y2 |  0 |   0 |                     - |
| Y1 |  9 |  23 |                     0 |
| Y0 |  0 |   0 |                     - |
+----+----+-----+-----------------------+


16. Device Cell Placement Summary for Global Clock g9
-----------------------------------------------------

+-----------+-----------------+-------------------+-------+-------------+---------------+-------------+----------+----------------+----------+---------------+
| Global Id | Driver Type/Pin | Driver Region (D) | Clock | Period (ns) | Waveform (ns) | Slice Loads | IO Loads | Clocking Loads | GT Loads | Net           |
+-----------+-----------------+-------------------+-------+-------------+---------------+-------------+----------+----------------+----------+---------------+
| g9        | BUFG/O          | n/a               |       |             |               |          32 |        0 |              0 |        0 | n_7_3053_BUFG |
+-----------+-----------------+-------------------+-------+-------------+---------------+-------------+----------+----------------+----------+---------------+
* Slice Loads column represents load cell count of all cell types other than IO, GT and clock resources
** IO Loads column represents load cell count of IO types
*** Clocking Loads column represents load cell count that are clock resources (global clock buffer, MMCM, PLL, etc)
**** GT Loads column represents load cell count of GT types


+----+-----+-----+-----------------------+
|    | X0  | X1  | HORIZONTAL PROG DELAY |
+----+-----+-----+-----------------------+
| Y3 |   0 |   0 |                     - |
| Y2 |   0 |   0 |                     - |
| Y1 |  18 |  14 |                     0 |
| Y0 |   0 |   0 |                     - |
+----+-----+-----+-----------------------+


17. Device Cell Placement Summary for Global Clock g10
------------------------------------------------------

+-----------+-----------------+-------------------+--------------------+-------------+---------------+-------------+----------+----------------+----------+--------------------------+
| Global Id | Driver Type/Pin | Driver Region (D) | Clock              | Period (ns) | Waveform (ns) | Slice Loads | IO Loads | Clocking Loads | GT Loads | Net                      |
+-----------+-----------------+-------------------+--------------------+-------------+---------------+-------------+----------+----------------+----------+--------------------------+
| g10       | BUFG/O          | n/a               | clk_out2_clk_wiz_0 |       5.000 | {0.000 2.500} |          19 |        0 |              1 |        0 | DDR2/clk_1/inst/clk_out2 |
+-----------+-----------------+-------------------+--------------------+-------------+---------------+-------------+----------+----------------+----------+--------------------------+
* Slice Loads column represents load cell count of all cell types other than IO, GT and clock resources
** IO Loads column represents load cell count of IO types
*** Clocking Loads column represents load cell count that are clock resources (global clock buffer, MMCM, PLL, etc)
**** GT Loads column represents load cell count of GT types


+----+-----+----+-----------------------+
|    | X0  | X1 | HORIZONTAL PROG DELAY |
+----+-----+----+-----------------------+
| Y3 |   0 |  0 |                     - |
| Y2 |   0 |  0 |                     - |
| Y1 |   0 |  2 |                     0 |
| Y0 |  15 |  3 |                     0 |
+----+-----+----+-----------------------+


18. Device Cell Placement Summary for Global Clock g11
------------------------------------------------------

+-----------+-----------------+-------------------+--------------+-------------+---------------+-------------+----------+----------------+----------+----------------------------------------------------------------------+
| Global Id | Driver Type/Pin | Driver Region (D) | Clock        | Period (ns) | Waveform (ns) | Slice Loads | IO Loads | Clocking Loads | GT Loads | Net                                                                  |
+-----------+-----------------+-------------------+--------------+-------------+---------------+-------------+----------+----------------+----------+----------------------------------------------------------------------+
| g11       | BUFH/O          | X1Y1              | pll_clk3_out |      13.333 | {0.000 6.667} |           0 |        0 |              1 |        0 | DDR2/Ram/Inst_DDR/u_mig_7series_0_mig/u_ddr2_infrastructure/pll_clk3 |
+-----------+-----------------+-------------------+--------------+-------------+---------------+-------------+----------+----------------+----------+----------------------------------------------------------------------+
* Slice Loads column represents load cell count of all cell types other than IO, GT and clock resources
** IO Loads column represents load cell count of IO types
*** Clocking Loads column represents load cell count that are clock resources (global clock buffer, MMCM, PLL, etc)
**** GT Loads column represents load cell count of GT types


+----+----+--------+-----------------------+
|    | X0 | X1     | HORIZONTAL PROG DELAY |
+----+----+--------+-----------------------+
| Y3 |  0 |      0 |                     - |
| Y2 |  0 |      0 |                     - |
| Y1 |  0 |  (D) 1 |                     0 |
| Y0 |  0 |      0 |                     - |
+----+----+--------+-----------------------+


19. Device Cell Placement Summary for Global Clock g12
------------------------------------------------------

+-----------+-----------------+-------------------+--------------------+-------------+---------------+-------------+----------+----------------+----------+----------------------------------------+
| Global Id | Driver Type/Pin | Driver Region (D) | Clock              | Period (ns) | Waveform (ns) | Slice Loads | IO Loads | Clocking Loads | GT Loads | Net                                    |
+-----------+-----------------+-------------------+--------------------+-------------+---------------+-------------+----------+----------------+----------+----------------------------------------+
| g12       | BUFG/O          | n/a               | clkfbout_clk_wiz_0 |      10.000 | {0.000 5.000} |           0 |        0 |              1 |        0 | DDR2/clk_1/inst/clkfbout_buf_clk_wiz_0 |
+-----------+-----------------+-------------------+--------------------+-------------+---------------+-------------+----------+----------------+----------+----------------------------------------+
* Slice Loads column represents load cell count of all cell types other than IO, GT and clock resources
** IO Loads column represents load cell count of IO types
*** Clocking Loads column represents load cell count that are clock resources (global clock buffer, MMCM, PLL, etc)
**** GT Loads column represents load cell count of GT types


+----+----+----+-----------------------+
|    | X0 | X1 | HORIZONTAL PROG DELAY |
+----+----+----+-----------------------+
| Y3 |  0 |  0 |                     - |
| Y2 |  0 |  1 |                     0 |
| Y1 |  0 |  0 |                     - |
| Y0 |  0 |  0 |                     - |
+----+----+----+-----------------------+


20. Clock Region Cell Placement per Global Clock: Region X0Y0
-------------------------------------------------------------

+-----------+-------+-----------------+------------+-------------+-----------------+----+-------------+------+-----+----+------+-----+---------+--------------------------+
| Global Id | Track | Driver Type/Pin | Constraint | Clock Loads | Non-Clock Loads | FF | Memory LUTs | RAMB | DSP | GT | MMCM | PLL | Hard IP | Net                      |
+-----------+-------+-----------------+------------+-------------+-----------------+----+-------------+------+-----+----+------+-----+---------+--------------------------+
| g10       | n/a   | BUFG/O          | None       |          15 |               0 | 15 |           0 |    0 |   0 |  0 |    0 |   0 |       0 | DDR2/clk_1/inst/clk_out2 |
+-----------+-------+-----------------+------------+-------------+-----------------+----+-------------+------+-----+----+------+-----+---------+--------------------------+
* Clock Loads column represents cell count of net connects that connect to a clock pin. Internal cell leaf pins are not considered
** Non-Clock Loads column represents cell count of non-clock pin loads
*** Columns FF, LUTRAM, RAMB through 'Hard IP' represents load cell counts


21. Clock Region Cell Placement per Global Clock: Region X1Y0
-------------------------------------------------------------

+-----------+-------+-----------------+------------+-------------+-----------------+-----+-------------+------+-----+----+------+-----+---------+-----------------------------------------------------------------+
| Global Id | Track | Driver Type/Pin | Constraint | Clock Loads | Non-Clock Loads | FF  | Memory LUTs | RAMB | DSP | GT | MMCM | PLL | Hard IP | Net                                                             |
+-----------+-------+-----------------+------------+-------------+-----------------+-----+-------------+------+-----+----+------+-----+---------+-----------------------------------------------------------------+
| g0        | n/a   | BUFG/O          | None       |         692 |               0 | 692 |           0 |    0 |   0 |  0 |    0 |   0 |       0 | DDR2/Ram/Inst_DDR/u_mig_7series_0_mig/u_ddr2_infrastructure/CLK |
| g10       | n/a   | BUFG/O          | None       |           3 |               0 |   3 |           0 |    0 |   0 |  0 |    0 |   0 |       0 | DDR2/clk_1/inst/clk_out2                                        |
+-----------+-------+-----------------+------------+-------------+-----------------+-----+-------------+------+-----+----+------+-----+---------+-----------------------------------------------------------------+
* Clock Loads column represents cell count of net connects that connect to a clock pin. Internal cell leaf pins are not considered
** Non-Clock Loads column represents cell count of non-clock pin loads
*** Columns FF, LUTRAM, RAMB through 'Hard IP' represents load cell counts


22. Clock Region Cell Placement per Global Clock: Region X0Y1
-------------------------------------------------------------

+-----------+-------+-----------------+------------+-------------+-----------------+----+-------------+------+-----+----+------+-----+---------+-------------------+
| Global Id | Track | Driver Type/Pin | Constraint | Clock Loads | Non-Clock Loads | FF | Memory LUTs | RAMB | DSP | GT | MMCM | PLL | Hard IP | Net               |
+-----------+-------+-----------------+------------+-------------+-----------------+----+-------------+------+-----+----+------+-----+---------+-------------------+
| g1        | n/a   | BUFG/O          | None       |          66 |               0 |  0 |           0 |    0 |   0 |  0 |    0 |   0 |       0 | n_0_939_BUFG      |
| g2        | n/a   | BUFG/O          | None       |          64 |               0 |  0 |           0 |    0 |   0 |  0 |    0 |   0 |       0 | ex0/hilo_temp1__0 |
| g3        | n/a   | BUFG/O          | None       |           2 |               0 |  0 |           0 |    0 |   0 |  0 |    0 |   0 |       0 | n_1_4575_BUFG     |
| g4        | n/a   | BUFG/O          | None       |           6 |               0 |  0 |           0 |    0 |   0 |  0 |    0 |   0 |       0 | n_2_4569_BUFG     |
| g6        | n/a   | BUFG/O          | None       |          32 |               0 |  0 |           0 |    0 |   0 |  0 |    0 |   0 |       0 | n_4_2332_BUFG     |
| g7        | n/a   | BUFG/O          | None       |          32 |               0 |  0 |           0 |    0 |   0 |  0 |    0 |   0 |       0 | n_5_2825_BUFG     |
| g8        | n/a   | BUFG/O          | None       |           9 |               0 |  0 |           0 |    0 |   0 |  0 |    0 |   0 |       0 | n_6_2953_BUFG     |
| g9        | n/a   | BUFG/O          | None       |          18 |               0 |  0 |           0 |    0 |   0 |  0 |    0 |   0 |       0 | n_7_3053_BUFG     |
+-----------+-------+-----------------+------------+-------------+-----------------+----+-------------+------+-----+----+------+-----+---------+-------------------+
* Clock Loads column represents cell count of net connects that connect to a clock pin. Internal cell leaf pins are not considered
** Non-Clock Loads column represents cell count of non-clock pin loads
*** Columns FF, LUTRAM, RAMB through 'Hard IP' represents load cell counts


23. Clock Region Cell Placement per Global Clock: Region X1Y1
-------------------------------------------------------------

+-----------+-------+-----------------+------------+-------------+-----------------+------+-------------+------+-----+----+------+-----+---------+----------------------------------------------------------------------+
| Global Id | Track | Driver Type/Pin | Constraint | Clock Loads | Non-Clock Loads | FF   | Memory LUTs | RAMB | DSP | GT | MMCM | PLL | Hard IP | Net                                                                  |
+-----------+-------+-----------------+------------+-------------+-----------------+------+-------------+------+-----+----+------+-----+---------+----------------------------------------------------------------------+
| g0        | n/a   | BUFG/O          | None       |        2622 |               0 | 2576 |          16 |    0 |   0 |  0 |    1 |   0 |       0 | DDR2/Ram/Inst_DDR/u_mig_7series_0_mig/u_ddr2_infrastructure/CLK      |
| g3        | n/a   | BUFG/O          | None       |          30 |               0 |    0 |           0 |    0 |   0 |  0 |    0 |   0 |       0 | n_1_4575_BUFG                                                        |
| g4        | n/a   | BUFG/O          | None       |          26 |               0 |    0 |           0 |    0 |   0 |  0 |    0 |   0 |       0 | n_2_4569_BUFG                                                        |
| g5        | n/a   | BUFG/O          | None       |          32 |               0 |    0 |           0 |    0 |   0 |  0 |    0 |   0 |       0 | n_3_2079_BUFG                                                        |
| g8        | n/a   | BUFG/O          | None       |          23 |               0 |    0 |           0 |    0 |   0 |  0 |    0 |   0 |       0 | n_6_2953_BUFG                                                        |
| g9        | n/a   | BUFG/O          | None       |          14 |               0 |    0 |           0 |    0 |   0 |  0 |    0 |   0 |       0 | n_7_3053_BUFG                                                        |
| g10       | n/a   | BUFG/O          | None       |           2 |               0 |    0 |           0 |    0 |   0 |  0 |    0 |   1 |       0 | DDR2/clk_1/inst/clk_out2                                             |
| g11       | n/a   | BUFH/O          | None       |           1 |               0 |    0 |           0 |    0 |   0 |  0 |    1 |   0 |       0 | DDR2/Ram/Inst_DDR/u_mig_7series_0_mig/u_ddr2_infrastructure/pll_clk3 |
+-----------+-------+-----------------+------------+-------------+-----------------+------+-------------+------+-----+----+------+-----+---------+----------------------------------------------------------------------+
* Clock Loads column represents cell count of net connects that connect to a clock pin. Internal cell leaf pins are not considered
** Non-Clock Loads column represents cell count of non-clock pin loads
*** Columns FF, LUTRAM, RAMB through 'Hard IP' represents load cell counts


24. Clock Region Cell Placement per Global Clock: Region X1Y2
-------------------------------------------------------------

+-----------+-------+-----------------+------------+-------------+-----------------+----+-------------+------+-----+----+------+-----+---------+----------------------------------------+
| Global Id | Track | Driver Type/Pin | Constraint | Clock Loads | Non-Clock Loads | FF | Memory LUTs | RAMB | DSP | GT | MMCM | PLL | Hard IP | Net                                    |
+-----------+-------+-----------------+------------+-------------+-----------------+----+-------------+------+-----+----+------+-----+---------+----------------------------------------+
| g12       | n/a   | BUFG/O          | None       |           1 |               0 |  0 |           0 |    0 |   0 |  0 |    1 |   0 |       0 | DDR2/clk_1/inst/clkfbout_buf_clk_wiz_0 |
+-----------+-------+-----------------+------------+-------------+-----------------+----+-------------+------+-----+----+------+-----+---------+----------------------------------------+
* Clock Loads column represents cell count of net connects that connect to a clock pin. Internal cell leaf pins are not considered
** Non-Clock Loads column represents cell count of non-clock pin loads
*** Columns FF, LUTRAM, RAMB through 'Hard IP' represents load cell counts



# Location of BUFG Primitives 
set_property LOC BUFGCTRL_X0Y9 [get_cells n_7_3053_BUFG_inst]
set_property LOC BUFGCTRL_X0Y8 [get_cells n_6_2953_BUFG_inst]
set_property LOC BUFGCTRL_X0Y7 [get_cells n_5_2825_BUFG_inst]
set_property LOC BUFGCTRL_X0Y6 [get_cells n_4_2332_BUFG_inst]
set_property LOC BUFGCTRL_X0Y5 [get_cells n_3_2079_BUFG_inst]
set_property LOC BUFGCTRL_X0Y4 [get_cells n_2_4569_BUFG_inst]
set_property LOC BUFGCTRL_X0Y3 [get_cells n_1_4575_BUFG_inst]
set_property LOC BUFGCTRL_X0Y1 [get_cells n_0_939_BUFG_inst]
set_property LOC BUFGCTRL_X0Y2 [get_cells hilo_temp1_reg[63]_i_2]
set_property LOC BUFGCTRL_X0Y17 [get_cells DDR2/clk_1/inst/clkf_buf]
set_property LOC BUFGCTRL_X0Y16 [get_cells DDR2/clk_1/inst/clkout2_buf]
set_property LOC BUFGCTRL_X0Y0 [get_cells DDR2/Ram/Inst_DDR/u_mig_7series_0_mig/u_ddr2_infrastructure/u_bufg_clkdiv0]

# Location of BUFH Primitives 
set_property LOC BUFHCE_X1Y12 [get_cells DDR2/Ram/Inst_DDR/u_mig_7series_0_mig/u_ddr2_infrastructure/u_bufh_pll_clk3]

# Location of IO Primitives which is load of clock spine

# Location of clock ports
set_property LOC IOB_X1Y126 [get_ports clk_in]

# Clock net "n_7_3053_BUFG" driven by instance "n_7_3053_BUFG_inst" located at site "BUFGCTRL_X0Y9"
#startgroup
create_pblock {CLKAG_n_7_3053_BUFG}
add_cells_to_pblock [get_pblocks  {CLKAG_n_7_3053_BUFG}] [get_cells -filter { PRIMITIVE_GROUP != I/O && IS_PRIMITIVE==1 && PRIMITIVE_LEVEL !=INTERNAL } -of_object [get_pins -filter {DIRECTION==IN} -of_objects [get_nets -hierarchical -filter {PARENT=="n_7_3053_BUFG"}]]]
resize_pblock [get_pblocks {CLKAG_n_7_3053_BUFG}] -add {CLOCKREGION_X0Y1:CLOCKREGION_X0Y1 CLOCKREGION_X1Y1:CLOCKREGION_X1Y1}
#endgroup

# Clock net "n_6_2953_BUFG" driven by instance "n_6_2953_BUFG_inst" located at site "BUFGCTRL_X0Y8"
#startgroup
create_pblock {CLKAG_n_6_2953_BUFG}
add_cells_to_pblock [get_pblocks  {CLKAG_n_6_2953_BUFG}] [get_cells -filter { PRIMITIVE_GROUP != I/O && IS_PRIMITIVE==1 && PRIMITIVE_LEVEL !=INTERNAL } -of_object [get_pins -filter {DIRECTION==IN} -of_objects [get_nets -hierarchical -filter {PARENT=="n_6_2953_BUFG"}]]]
resize_pblock [get_pblocks {CLKAG_n_6_2953_BUFG}] -add {CLOCKREGION_X0Y1:CLOCKREGION_X0Y1 CLOCKREGION_X1Y1:CLOCKREGION_X1Y1}
#endgroup

# Clock net "n_5_2825_BUFG" driven by instance "n_5_2825_BUFG_inst" located at site "BUFGCTRL_X0Y7"
#startgroup
create_pblock {CLKAG_n_5_2825_BUFG}
add_cells_to_pblock [get_pblocks  {CLKAG_n_5_2825_BUFG}] [get_cells -filter { PRIMITIVE_GROUP != I/O && IS_PRIMITIVE==1 && PRIMITIVE_LEVEL !=INTERNAL } -of_object [get_pins -filter {DIRECTION==IN} -of_objects [get_nets -hierarchical -filter {PARENT=="n_5_2825_BUFG"}]]]
resize_pblock [get_pblocks {CLKAG_n_5_2825_BUFG}] -add {CLOCKREGION_X0Y1:CLOCKREGION_X0Y1}
#endgroup

# Clock net "n_4_2332_BUFG" driven by instance "n_4_2332_BUFG_inst" located at site "BUFGCTRL_X0Y6"
#startgroup
create_pblock {CLKAG_n_4_2332_BUFG}
add_cells_to_pblock [get_pblocks  {CLKAG_n_4_2332_BUFG}] [get_cells -filter { PRIMITIVE_GROUP != I/O && IS_PRIMITIVE==1 && PRIMITIVE_LEVEL !=INTERNAL } -of_object [get_pins -filter {DIRECTION==IN} -of_objects [get_nets -hierarchical -filter {PARENT=="n_4_2332_BUFG"}]]]
resize_pblock [get_pblocks {CLKAG_n_4_2332_BUFG}] -add {CLOCKREGION_X0Y1:CLOCKREGION_X0Y1}
#endgroup

# Clock net "n_3_2079_BUFG" driven by instance "n_3_2079_BUFG_inst" located at site "BUFGCTRL_X0Y5"
#startgroup
create_pblock {CLKAG_n_3_2079_BUFG}
add_cells_to_pblock [get_pblocks  {CLKAG_n_3_2079_BUFG}] [get_cells -filter { PRIMITIVE_GROUP != I/O && IS_PRIMITIVE==1 && PRIMITIVE_LEVEL !=INTERNAL } -of_object [get_pins -filter {DIRECTION==IN} -of_objects [get_nets -hierarchical -filter {PARENT=="n_3_2079_BUFG"}]]]
resize_pblock [get_pblocks {CLKAG_n_3_2079_BUFG}] -add {CLOCKREGION_X1Y1:CLOCKREGION_X1Y1}
#endgroup

# Clock net "n_2_4569_BUFG" driven by instance "n_2_4569_BUFG_inst" located at site "BUFGCTRL_X0Y4"
#startgroup
create_pblock {CLKAG_n_2_4569_BUFG}
add_cells_to_pblock [get_pblocks  {CLKAG_n_2_4569_BUFG}] [get_cells -filter { PRIMITIVE_GROUP != I/O && IS_PRIMITIVE==1 && PRIMITIVE_LEVEL !=INTERNAL } -of_object [get_pins -filter {DIRECTION==IN} -of_objects [get_nets -hierarchical -filter {PARENT=="n_2_4569_BUFG"}]]]
resize_pblock [get_pblocks {CLKAG_n_2_4569_BUFG}] -add {CLOCKREGION_X0Y1:CLOCKREGION_X0Y1 CLOCKREGION_X1Y1:CLOCKREGION_X1Y1}
#endgroup

# Clock net "n_1_4575_BUFG" driven by instance "n_1_4575_BUFG_inst" located at site "BUFGCTRL_X0Y3"
#startgroup
create_pblock {CLKAG_n_1_4575_BUFG}
add_cells_to_pblock [get_pblocks  {CLKAG_n_1_4575_BUFG}] [get_cells -filter { PRIMITIVE_GROUP != I/O && IS_PRIMITIVE==1 && PRIMITIVE_LEVEL !=INTERNAL } -of_object [get_pins -filter {DIRECTION==IN} -of_objects [get_nets -hierarchical -filter {PARENT=="n_1_4575_BUFG"}]]]
resize_pblock [get_pblocks {CLKAG_n_1_4575_BUFG}] -add {CLOCKREGION_X0Y1:CLOCKREGION_X0Y1 CLOCKREGION_X1Y1:CLOCKREGION_X1Y1}
#endgroup

# Clock net "n_0_939_BUFG" driven by instance "n_0_939_BUFG_inst" located at site "BUFGCTRL_X0Y1"
#startgroup
create_pblock {CLKAG_n_0_939_BUFG}
add_cells_to_pblock [get_pblocks  {CLKAG_n_0_939_BUFG}] [get_cells -filter { PRIMITIVE_GROUP != I/O && IS_PRIMITIVE==1 && PRIMITIVE_LEVEL !=INTERNAL } -of_object [get_pins -filter {DIRECTION==IN} -of_objects [get_nets -hierarchical -filter {PARENT=="n_0_939_BUFG"}]]]
resize_pblock [get_pblocks {CLKAG_n_0_939_BUFG}] -add {CLOCKREGION_X0Y1:CLOCKREGION_X0Y1}
#endgroup

# Clock net "ex0/hilo_temp1__0" driven by instance "hilo_temp1_reg[63]_i_2" located at site "BUFGCTRL_X0Y2"
#startgroup
create_pblock {CLKAG_ex0/hilo_temp1__0}
add_cells_to_pblock [get_pblocks  {CLKAG_ex0/hilo_temp1__0}] [get_cells -filter { PRIMITIVE_GROUP != I/O && IS_PRIMITIVE==1 && PRIMITIVE_LEVEL !=INTERNAL } -of_object [get_pins -filter {DIRECTION==IN} -of_objects [get_nets -hierarchical -filter {PARENT=="ex0/hilo_temp1__0"}]]]
resize_pblock [get_pblocks {CLKAG_ex0/hilo_temp1__0}] -add {CLOCKREGION_X0Y1:CLOCKREGION_X0Y1}
#endgroup

# Clock net "DDR2/clk_1/inst/clk_out2" driven by instance "DDR2/clk_1/inst/clkout2_buf" located at site "BUFGCTRL_X0Y16"
#startgroup
create_pblock {CLKAG_DDR2/clk_1/inst/clk_out2}
add_cells_to_pblock [get_pblocks  {CLKAG_DDR2/clk_1/inst/clk_out2}] [get_cells -filter { PRIMITIVE_GROUP != I/O && IS_PRIMITIVE==1 && PRIMITIVE_LEVEL !=INTERNAL && NAME!=DDR2/Ram/Inst_DDR/u_mig_7series_0_mig/u_ddr2_infrastructure/plle2_i} -of_object [get_pins -filter {DIRECTION==IN} -of_objects [get_nets -hierarchical -filter {PARENT=="DDR2/clk_1/inst/clk_out2"}]]]
resize_pblock [get_pblocks {CLKAG_DDR2/clk_1/inst/clk_out2}] -add {CLOCKREGION_X0Y0:CLOCKREGION_X0Y0 CLOCKREGION_X1Y0:CLOCKREGION_X1Y0 CLOCKREGION_X1Y1:CLOCKREGION_X1Y1}
#endgroup

# Clock net "DDR2/Ram/Inst_DDR/u_mig_7series_0_mig/u_ddr2_infrastructure/CLK" driven by instance "DDR2/Ram/Inst_DDR/u_mig_7series_0_mig/u_ddr2_infrastructure/u_bufg_clkdiv0" located at site "BUFGCTRL_X0Y0"
#startgroup
create_pblock {CLKAG_DDR2/Ram/Inst_DDR/u_mig_7series_0_mig/u_ddr2_infrastructure/CLK}
add_cells_to_pblock [get_pblocks  {CLKAG_DDR2/Ram/Inst_DDR/u_mig_7series_0_mig/u_ddr2_infrastructure/CLK}] [get_cells -filter { PRIMITIVE_GROUP != I/O && IS_PRIMITIVE==1 && PRIMITIVE_LEVEL !=INTERNAL && NAME!=DDR2/Ram/Inst_DDR/u_mig_7series_0_mig/u_ddr2_infrastructure/gen_mmcm.mmcm_i} -of_object [get_pins -filter {DIRECTION==IN} -of_objects [get_nets -hierarchical -filter {PARENT=="DDR2/Ram/Inst_DDR/u_mig_7series_0_mig/u_ddr2_infrastructure/CLK"}]]]
resize_pblock [get_pblocks {CLKAG_DDR2/Ram/Inst_DDR/u_mig_7series_0_mig/u_ddr2_infrastructure/CLK}] -add {CLOCKREGION_X1Y0:CLOCKREGION_X1Y0 CLOCKREGION_X1Y1:CLOCKREGION_X1Y1}
#endgroup
