
*** Running vivado
    with args -log openmips_min_sopc.vdi -applog -m64 -product Vivado -messageDb vivado.pb -mode batch -source openmips_min_sopc.tcl -notrace



****** Vivado v2022.2 (64-bit)
  **** SW Build 3671981 on Fri Oct 14 05:00:03 MDT 2022
  **** IP Build 3669848 on Fri Oct 14 08:30:02 MDT 2022
    ** Copyright 1986-2022 Xilinx, Inc. All Rights Reserved.

source openmips_min_sopc.tcl -notrace
create_project: Time (s): cpu = 00:00:06 ; elapsed = 00:00:09 . Memory (MB): peak = 1002.598 ; gain = 118.367
Command: link_design -top openmips_min_sopc -part xc7a100tcsg324-1
Design is defaulting to srcset: sources_1
Design is defaulting to constrset: constrs_1
INFO: [Device 21-403] Loading part xc7a100tcsg324-1
INFO: [Project 1-454] Reading design checkpoint 'd:/desktop/OpenMIPS/OpenMIPS.gen/sources_1/ip/clk_wiz_0/clk_wiz_0.dcp' for cell 'DDR2/clk_1'
INFO: [Project 1-454] Reading design checkpoint 'd:/desktop/OpenMIPS/OpenMIPS.gen/sources_1/ip/mig_7series_0/mig_7series_0.dcp' for cell 'DDR2/Ram/Inst_DDR'
Netlist sorting complete. Time (s): cpu = 00:00:00 ; elapsed = 00:00:00.243 . Memory (MB): peak = 1480.422 ; gain = 0.000
INFO: [Netlist 29-17] Analyzing 577 Unisim elements for replacement
INFO: [Netlist 29-28] Unisim Transformation completed in 0 CPU seconds
INFO: [Project 1-479] Netlist was created with Vivado 2019.1
INFO: [Project 1-570] Preparing netlist for logic optimization
WARNING: [Opt 31-35] Removing redundant IBUF, DDR2/clk_1/inst/clkin1_ibufg, from the path connected to top-level port: clk_in 
Resolution: The tool has removed redundant IBUF. To resolve this warning, check for redundant IBUF in the input design.
WARNING: [Constraints 18-550] Could not create 'IBUF_LOW_PWR' constraint because net 'DDR2/clk_1/clk_in1' is not directly connected to top level port. Synthesis is ignored for IBUF_LOW_PWR but preserved for implementation.
Parsing XDC File [d:/desktop/OpenMIPS/OpenMIPS.gen/sources_1/ip/mig_7series_0/mig_7series_0/user_design/constraints/mig_7series_0.xdc] for cell 'DDR2/Ram/Inst_DDR'
Finished Parsing XDC File [d:/desktop/OpenMIPS/OpenMIPS.gen/sources_1/ip/mig_7series_0/mig_7series_0/user_design/constraints/mig_7series_0.xdc] for cell 'DDR2/Ram/Inst_DDR'
Parsing XDC File [d:/desktop/OpenMIPS/OpenMIPS.gen/sources_1/ip/clk_wiz_0/clk_wiz_0_board.xdc] for cell 'DDR2/clk_1/inst'
Finished Parsing XDC File [d:/desktop/OpenMIPS/OpenMIPS.gen/sources_1/ip/clk_wiz_0/clk_wiz_0_board.xdc] for cell 'DDR2/clk_1/inst'
Parsing XDC File [d:/desktop/OpenMIPS/OpenMIPS.gen/sources_1/ip/clk_wiz_0/clk_wiz_0.xdc] for cell 'DDR2/clk_1/inst'
INFO: [Timing 38-35] Done setting XDC timing constraints. [d:/desktop/OpenMIPS/OpenMIPS.gen/sources_1/ip/clk_wiz_0/clk_wiz_0.xdc:57]
INFO: [Timing 38-2] Deriving generated clocks [d:/desktop/OpenMIPS/OpenMIPS.gen/sources_1/ip/clk_wiz_0/clk_wiz_0.xdc:57]
get_clocks: Time (s): cpu = 00:00:09 ; elapsed = 00:00:10 . Memory (MB): peak = 2187.102 ; gain = 532.355
Finished Parsing XDC File [d:/desktop/OpenMIPS/OpenMIPS.gen/sources_1/ip/clk_wiz_0/clk_wiz_0.xdc] for cell 'DDR2/clk_1/inst'
Parsing XDC File [D:/desktop/OpenMIPS/OpenMIPS.srcs/constrs_1/new/nexys4ddr.xdc]
Finished Parsing XDC File [D:/desktop/OpenMIPS/OpenMIPS.srcs/constrs_1/new/nexys4ddr.xdc]
INFO: [Opt 31-138] Pushed 0 inverter(s) to 0 load pin(s).
Netlist sorting complete. Time (s): cpu = 00:00:00 ; elapsed = 00:00:00.003 . Memory (MB): peak = 2187.102 ; gain = 0.000
INFO: [Project 1-111] Unisim Transformation Summary:
  A total of 143 instances were transformed.
  IOBUFDS_INTERMDISABLE => IOBUFDS_INTERMDISABLE (IBUFDS_INTERMDISABLE_INT(x2), INV, OBUFTDS(x2)): 2 instances
  IOBUF_INTERMDISABLE => IOBUF_INTERMDISABLE (IBUF_INTERMDISABLE, OBUFT): 16 instances
  OBUFDS => OBUFDS_DUAL_BUF (INV, OBUFDS(x2)): 1 instance 
  RAM32M => RAM32M (RAMD32(x6), RAMS32(x2)): 116 instances
  RAM32X1D => RAM32X1D (RAMD32(x2)): 8 instances

11 Infos, 2 Warnings, 0 Critical Warnings and 0 Errors encountered.
link_design completed successfully
link_design: Time (s): cpu = 00:00:18 ; elapsed = 00:00:23 . Memory (MB): peak = 2187.102 ; gain = 1124.176
Command: opt_design
Attempting to get a license for feature 'Implementation' and/or device 'xc7a100t'
INFO: [Common 17-349] Got license for feature 'Implementation' and/or device 'xc7a100t'
Running DRC as a precondition to command opt_design

Starting DRC Task
INFO: [DRC 23-27] Running DRC with 2 threads
INFO: [Project 1-461] DRC finished with 0 Errors
INFO: [Project 1-462] Please refer to the DRC report (report_drc) for more information.

Time (s): cpu = 00:00:03 ; elapsed = 00:00:02 . Memory (MB): peak = 2187.102 ; gain = 0.000

Starting Cache Timing Information Task
INFO: [Timing 38-35] Done setting XDC timing constraints.
Ending Cache Timing Information Task | Checksum: 120b34331

Time (s): cpu = 00:00:01 ; elapsed = 00:00:00.673 . Memory (MB): peak = 2206.820 ; gain = 19.719

Starting Logic Optimization Task

Phase 1 Retarget
INFO: [Opt 31-1287] Pulled Inverter DDR2/Ram/Inst_DDR/u_mig_7series_0_mig/u_memc_ui_top_std/mem_intfc0/ddr_phy_top0/u_ddr_calib_top/ddr_phy_tempmon_0/tempmon_state[0]_i_1 into driver instance DDR2/Ram/Inst_DDR/u_mig_7series_0_mig/u_memc_ui_top_std/mem_intfc0/ddr_phy_top0/u_ddr_calib_top/ddr_phy_tempmon_0/tempmon_state[10]_i_6, which resulted in an inversion of 14 pins
INFO: [Opt 31-1287] Pulled Inverter DDR2/Ram/Inst_DDR/u_mig_7series_0_mig/u_memc_ui_top_std/mem_intfc0/mc0/bank_mach0/arb_mux0/arb_row_col0/col_arb0/periodic_rd_generation.read_this_rank_r_i_1 into driver instance DDR2/Ram/Inst_DDR/u_mig_7series_0_mig/u_memc_ui_top_std/mem_intfc0/mc0/bank_mach0/arb_mux0/arb_row_col0/col_arb0/periodic_rd_generation.read_this_rank_r_i_2, which resulted in an inversion of 3 pins
INFO: [Opt 31-1287] Pulled Inverter DDR2/Ram/Inst_DDR/u_mig_7series_0_mig/u_memc_ui_top_std/mem_intfc0/mc0/bank_mach0/arb_mux0/arb_row_col0/row_arb0/inhbt_act_faw.SRLC32E0_i_1 into driver instance DDR2/Ram/Inst_DDR/u_mig_7series_0_mig/u_memc_ui_top_std/mem_intfc0/mc0/bank_mach0/arb_mux0/arb_row_col0/row_arb0/inhbt_act_faw.SRLC32E0_i_2, which resulted in an inversion of 5 pins
INFO: [Opt 31-1287] Pulled Inverter DDR2/Ram/Inst_DDR/u_mig_7series_0_mig/u_memc_ui_top_std/mem_intfc0/mc0/bank_mach0/bank_cntrl[0].bank0/bank_queue0/idle_r_lcl_i_1 into driver instance DDR2/Ram/Inst_DDR/u_mig_7series_0_mig/u_memc_ui_top_std/mem_intfc0/mc0/bank_mach0/bank_cntrl[0].bank0/bank_queue0/accept_internal_r_i_2, which resulted in an inversion of 11 pins
INFO: [Opt 31-1287] Pulled Inverter DDR2/Ram/Inst_DDR/u_mig_7series_0_mig/u_memc_ui_top_std/mem_intfc0/mc0/bank_mach0/bank_cntrl[1].bank0/bank_queue0/idle_r_lcl_i_1__2 into driver instance DDR2/Ram/Inst_DDR/u_mig_7series_0_mig/u_memc_ui_top_std/mem_intfc0/mc0/bank_mach0/bank_cntrl[1].bank0/bank_queue0/accept_internal_r_i_5, which resulted in an inversion of 11 pins
INFO: [Opt 31-1287] Pulled Inverter DDR2/Ram/Inst_DDR/u_mig_7series_0_mig/u_memc_ui_top_std/mem_intfc0/mc0/bank_mach0/bank_cntrl[2].bank0/bank_queue0/idle_r_lcl_i_1__1 into driver instance DDR2/Ram/Inst_DDR/u_mig_7series_0_mig/u_memc_ui_top_std/mem_intfc0/mc0/bank_mach0/bank_cntrl[2].bank0/bank_queue0/accept_internal_r_i_3, which resulted in an inversion of 11 pins
INFO: [Opt 31-1287] Pulled Inverter DDR2/Ram/Inst_DDR/u_mig_7series_0_mig/u_memc_ui_top_std/mem_intfc0/mc0/bank_mach0/bank_cntrl[3].bank0/bank_queue0/idle_r_lcl_i_1__0 into driver instance DDR2/Ram/Inst_DDR/u_mig_7series_0_mig/u_memc_ui_top_std/mem_intfc0/mc0/bank_mach0/bank_cntrl[3].bank0/bank_queue0/accept_internal_r_i_4, which resulted in an inversion of 11 pins
INFO: [Opt 31-1287] Pulled Inverter openmips0/dwishbone_bus_if/mem_wd[4]_i_2 into driver instance openmips0/dwishbone_bus_if/mem_wd[4]_i_5, which resulted in an inversion of 69 pins
INFO: [Opt 31-1287] Pulled Inverter openmips0/dwishbone_bus_if/rf_dout[15]_i_1 into driver instance openmips0/dwishbone_bus_if/rf_we_i_2, which resulted in an inversion of 35 pins
INFO: [Opt 31-1287] Pulled Inverter openmips0/ex0/id_pc[31]_i_1 into driver instance openmips0/ex0/pc[31]_i_5, which resulted in an inversion of 4 pins
INFO: [Opt 31-1287] Pulled Inverter openmips0/if_id0/regs_reg_r1_0_31_0_5_i_2 into driver instance openmips0/if_id0/regs_reg_r1_0_31_0_5_i_8, which resulted in an inversion of 4 pins
INFO: [Opt 31-1287] Pulled Inverter openmips0/if_id0/regs_reg_r1_0_31_0_5_i_3 into driver instance openmips0/if_id0/regs_reg_r1_0_31_0_5_i_9, which resulted in an inversion of 5 pins
INFO: [Opt 31-1287] Pulled Inverter openmips0/if_id0/regs_reg_r1_0_31_0_5_i_5 into driver instance openmips0/if_id0/regs_reg_r1_0_31_0_5_i_11, which resulted in an inversion of 4 pins
INFO: [Opt 31-1287] Pulled Inverter openmips0/if_id0/regs_reg_r1_0_31_0_5_i_6 into driver instance openmips0/if_id0/regs_reg_r1_0_31_0_5_i_12, which resulted in an inversion of 4 pins
INFO: [Opt 31-1287] Pulled Inverter uart_top0/regs/receiver/fifo_rx/lsr2_d_i_1 into driver instance uart_top0/regs/receiver/fifo_rx/lsr2r_i_2, which resulted in an inversion of 2 pins
INFO: [Opt 31-1287] Pulled Inverter uart_top0/regs/receiver/fifo_rx/lsr3_d_i_1 into driver instance uart_top0/regs/receiver/fifo_rx/lsr3r_i_2, which resulted in an inversion of 2 pins
INFO: [Opt 31-1287] Pulled Inverter uart_top0/regs/receiver/fifo_rx/lsr4_d_i_1 into driver instance uart_top0/regs/receiver/fifo_rx/lsr4r_i_2, which resulted in an inversion of 2 pins
INFO: [Opt 31-1287] Pulled Inverter uart_top0/regs/receiver/fifo_rx/lsr7_d_i_1 into driver instance uart_top0/regs/receiver/fifo_rx/lsr7r_i_2, which resulted in an inversion of 2 pins
INFO: [Opt 31-138] Pushed 2 inverter(s) to 3 load pin(s).
INFO: [Opt 31-49] Retargeted 0 cell(s).
Phase 1 Retarget | Checksum: 19958da1c

Time (s): cpu = 00:00:01 ; elapsed = 00:00:00.728 . Memory (MB): peak = 2539.055 ; gain = 0.000
INFO: [Opt 31-389] Phase Retarget created 13 cells and removed 39 cells
INFO: [Opt 31-1021] In phase Retarget, 121 netlist objects are constrained preventing optimization. Please run opt_design with -debug_log to get more detail. 

Phase 2 Constant propagation
INFO: [Opt 31-138] Pushed 1 inverter(s) to 1 load pin(s).
Phase 2 Constant propagation | Checksum: 1b4e83d9d

Time (s): cpu = 00:00:02 ; elapsed = 00:00:00.929 . Memory (MB): peak = 2539.055 ; gain = 0.000
INFO: [Opt 31-389] Phase Constant propagation created 14 cells and removed 45 cells
INFO: [Opt 31-1021] In phase Constant propagation, 105 netlist objects are constrained preventing optimization. Please run opt_design with -debug_log to get more detail. 

Phase 3 Sweep
Phase 3 Sweep | Checksum: 15f9384ee

Time (s): cpu = 00:00:02 ; elapsed = 00:00:01 . Memory (MB): peak = 2539.055 ; gain = 0.000
INFO: [Opt 31-389] Phase Sweep created 0 cells and removed 183 cells
INFO: [Opt 31-1021] In phase Sweep, 239 netlist objects are constrained preventing optimization. Please run opt_design with -debug_log to get more detail. 

Phase 4 BUFG optimization
Phase 4 BUFG optimization | Checksum: 15f9384ee

Time (s): cpu = 00:00:02 ; elapsed = 00:00:01 . Memory (MB): peak = 2539.055 ; gain = 0.000
INFO: [Opt 31-662] Phase BUFG optimization created 0 cells of which 0 are BUFGs and removed 0 cells.

Phase 5 Shift Register Optimization
INFO: [Opt 31-1064] SRL Remap converted 0 SRLs to 0 registers and converted 0 registers of register chains to 0 SRLs
Phase 5 Shift Register Optimization | Checksum: 15f9384ee

Time (s): cpu = 00:00:02 ; elapsed = 00:00:01 . Memory (MB): peak = 2539.055 ; gain = 0.000
INFO: [Opt 31-389] Phase Shift Register Optimization created 0 cells and removed 0 cells

Phase 6 Post Processing Netlist
INFO: [Opt 31-1287] Pulled Inverter DDR2/Ram/Inst_DDR/u_mig_7series_0_mig/u_memc_ui_top_std/u_ui_top/ui_cmd0/req_wr_r_lcl_i_1 into driver instance DDR2/Ram/Inst_DDR/u_mig_7series_0_mig/u_memc_ui_top_std/u_ui_top/ui_cmd0/rd_wr_r_lcl_i_2, which resulted in an inversion of 5 pins
Phase 6 Post Processing Netlist | Checksum: 19c99df0d

Time (s): cpu = 00:00:02 ; elapsed = 00:00:02 . Memory (MB): peak = 2539.055 ; gain = 0.000
INFO: [Opt 31-389] Phase Post Processing Netlist created 0 cells and removed 1 cells
INFO: [Opt 31-1021] In phase Post Processing Netlist, 100 netlist objects are constrained preventing optimization. Please run opt_design with -debug_log to get more detail. 
Opt_design Change Summary
=========================


-------------------------------------------------------------------------------------------------------------------------
|  Phase                        |  #Cells created  |  #Cells Removed  |  #Constrained objects preventing optimizations  |
-------------------------------------------------------------------------------------------------------------------------
|  Retarget                     |              13  |              39  |                                            121  |
|  Constant propagation         |              14  |              45  |                                            105  |
|  Sweep                        |               0  |             183  |                                            239  |
|  BUFG optimization            |               0  |               0  |                                              0  |
|  Shift Register Optimization  |               0  |               0  |                                              0  |
|  Post Processing Netlist      |               0  |               1  |                                            100  |
-------------------------------------------------------------------------------------------------------------------------



Starting Connectivity Check Task

Time (s): cpu = 00:00:00 ; elapsed = 00:00:00.024 . Memory (MB): peak = 2539.055 ; gain = 0.000
Ending Logic Optimization Task | Checksum: 17819c532

Time (s): cpu = 00:00:03 ; elapsed = 00:00:02 . Memory (MB): peak = 2539.055 ; gain = 0.000

Starting Power Optimization Task
INFO: [Pwropt 34-132] Skipping clock gating for clocks with a period < 2.00 ns.
Ending Power Optimization Task | Checksum: 17819c532

Time (s): cpu = 00:00:00 ; elapsed = 00:00:00.033 . Memory (MB): peak = 2539.055 ; gain = 0.000

Starting Final Cleanup Task
Ending Final Cleanup Task | Checksum: 17819c532

Time (s): cpu = 00:00:00 ; elapsed = 00:00:00.003 . Memory (MB): peak = 2539.055 ; gain = 0.000

Starting Netlist Obfuscation Task
Netlist sorting complete. Time (s): cpu = 00:00:00 ; elapsed = 00:00:00.003 . Memory (MB): peak = 2539.055 ; gain = 0.000
Ending Netlist Obfuscation Task | Checksum: 17819c532

Time (s): cpu = 00:00:00 ; elapsed = 00:00:00.006 . Memory (MB): peak = 2539.055 ; gain = 0.000
INFO: [Common 17-83] Releasing license: Implementation
51 Infos, 2 Warnings, 0 Critical Warnings and 0 Errors encountered.
opt_design completed successfully
opt_design: Time (s): cpu = 00:00:09 ; elapsed = 00:00:08 . Memory (MB): peak = 2539.055 ; gain = 351.953
INFO: [Timing 38-35] Done setting XDC timing constraints.
INFO: [Timing 38-480] Writing timing data to binary archive.
Writing XDEF routing.
Writing XDEF routing logical nets.
Writing XDEF routing special nets.
Write XDEF Complete: Time (s): cpu = 00:00:00 ; elapsed = 00:00:00.110 . Memory (MB): peak = 2539.055 ; gain = 0.000
INFO: [Common 17-1381] The checkpoint 'D:/desktop/OpenMIPS/OpenMIPS.runs/impl_1/openmips_min_sopc_opt.dcp' has been generated.
INFO: [runtcl-4] Executing : report_drc -file openmips_min_sopc_drc_opted.rpt -pb openmips_min_sopc_drc_opted.pb -rpx openmips_min_sopc_drc_opted.rpx
Command: report_drc -file openmips_min_sopc_drc_opted.rpt -pb openmips_min_sopc_drc_opted.pb -rpx openmips_min_sopc_drc_opted.rpx
INFO: [IP_Flow 19-1839] IP Catalog is up to date.
INFO: [DRC 23-27] Running DRC with 2 threads
INFO: [Vivado_Tcl 2-168] The results of DRC are in file D:/desktop/OpenMIPS/OpenMIPS.runs/impl_1/openmips_min_sopc_drc_opted.rpt.
report_drc completed successfully
Command: read_checkpoint -auto_incremental -incremental D:/desktop/OpenMIPS/OpenMIPS.srcs/utils_1/imports/impl_1/openmips_min_sopc_routed.dcp
INFO: [Vivado 12-9151] Incremental flow is being run with directive 'RuntimeOptimized'. This will override place_design, post-place phys_opt_design and route_design directives being called in high reuse mode.

Starting Incremental read checkpoint Task

Phase 1 Process Reference Checkpoint Netlist
INFO: [Netlist 29-17] Analyzing 577 Unisim elements for replacement
INFO: [Netlist 29-28] Unisim Transformation completed in 0 CPU seconds

Time (s): cpu = 00:00:02 ; elapsed = 00:00:01 . Memory (MB): peak = 2539.055 ; gain = 0.000

Phase 2 Initialization
Netlist sorting complete. Time (s): cpu = 00:00:00 ; elapsed = 00:00:00.003 . Memory (MB): peak = 2539.055 ; gain = 0.000
Netlist sorting complete. Time (s): cpu = 00:00:00 ; elapsed = 00:00:00.004 . Memory (MB): peak = 2539.055 ; gain = 0.000

Time (s): cpu = 00:00:03 ; elapsed = 00:00:03 . Memory (MB): peak = 2539.055 ; gain = 0.000

Phase 3 Replay Physical Synthesis Transforms
INFO: [Vivado_Tcl 4-521] iPhys_opt_design summary: tried 0 changes and 0 changes are successfully applied

Time (s): cpu = 00:00:03 ; elapsed = 00:00:03 . Memory (MB): peak = 2539.055 ; gain = 0.000

Phase 4 Build Reuse DB
INFO: [Physopt 32-721] Multithreading enabled for phys_opt_design using a maximum of 2 CPUs
Netlist sorting complete. Time (s): cpu = 00:00:00 ; elapsed = 00:00:00.013 . Memory (MB): peak = 2539.055 ; gain = 0.000
Reading placer database...
Read XDEF Files: Time (s): cpu = 00:00:02 ; elapsed = 00:00:03 . Memory (MB): peak = 2539.055 ; gain = 0.000
Finished XDEF File Restore: Time (s): cpu = 00:00:04 ; elapsed = 00:00:06 . Memory (MB): peak = 2539.055 ; gain = 0.000
INFO: [Designutils 20-2297] Reference Design: D:/desktop/OpenMIPS/OpenMIPS.srcs/utils_1/imports/impl_1/openmips_min_sopc_routed.dcp, Summary | WNS = 1.456 | WHS = 0.028 | State = POST_ROUTE |

Time (s): cpu = 00:00:14 ; elapsed = 00:00:15 . Memory (MB): peak = 2559.398 ; gain = 20.344

Phase 5 Checking legality
Phase 5 Checking legality | Checksum: 1c7c3b1cf

Time (s): cpu = 00:00:20 ; elapsed = 00:00:19 . Memory (MB): peak = 2586.176 ; gain = 47.121

Phase 6 Reporting
Copyright 1986-2022 Xilinx, Inc. All Rights Reserved.
------------------------------------------------------------------------------------
| Tool Version : Vivado v.2022.2 (win64) Build 3671981 Fri Oct 14 05:00:03 MDT 2022
| Date         : Sat Jun 20 14:04:12 2026
| Host         : LAPTOP-V0AHCU9H running 64-bit major release  (build 9200)
| Design       : openmips_min_sopc
| Device       : xc7a100t
| Design State : Unknown
------------------------------------------------------------------------------------

Incremental Implementation Information

Table of Contents
-----------------
1. Incremental Flow Summary
2. Reuse Summary
3. Reference Checkpoint Information
4. Comparison with Reference Run
5. Optimization Comparison With Reference Run
5.1 iphys_opt_replay Optimizations
5.2 QoR Suggestion Optimizations
6. Command Comparison with Reference Run
6.1 Reference:
6.2 Incremental:
7. Non Reuse Information

1. Incremental Flow Summary
---------------------------

+-----------------------+------------------+
|    Flow Information   |       Value      |
+-----------------------+------------------+
| Synthesis Flow        |          Default |
| Auto Incremental      |              Yes |
| Incremental Directive | RuntimeOptimized |
| Reuse mode            |             High |
| Target WNS            |              0.0 |
| QoR Suggestions       |                0 |
+-----------------------+------------------+


2. Reuse Summary
----------------

+-------+----------------------+----------------------------+--------------------+-------+
|  Type | Matched % (of Total) | Current Reuse % (of Total) | Fixed % (of Total) | Total |
+-------+----------------------+----------------------------+--------------------+-------+
| Cells |                99.41 |                      99.54 |               1.32 | 16790 |
| Nets  |                99.55 |                      96.72 |               0.00 | 12824 |
| Pins  |                    - |                      95.20 |                  - | 69822 |
| Ports |               100.00 |                     100.00 |             100.00 |   104 |
+-------+----------------------+----------------------------+--------------------+-------+
* Reused % can exceed matched % when unmatched cells take their placement directly from other cells that have been matched


3. Reference Checkpoint Information
-----------------------------------

+----------------+---------------------------------------------------------------------------------------+
| DCP Location:  | D:/desktop/OpenMIPS/OpenMIPS.srcs/utils_1/imports/impl_1/openmips_min_sopc_routed.dcp |
+----------------+---------------------------------------------------------------------------------------+


+--------------------------------+----------------------------+
|         DCP Information        |            Value           |
+--------------------------------+----------------------------+
| Vivado Version                 |                     2022.2 |
| DCP State                      |                 POST_ROUTE |
| Recorded WNS                   |                      1.456 |
| Recorded WHS                   |                      0.028 |
| Reference Speed File Version   | PRODUCTION 1.23 2018-06-13 |
| Incremental Speed File Version | PRODUCTION 1.23 2018-06-13 |
+--------------------------------+----------------------------+
* Recorded WNS/WHS timing numbers are estimated timing numbers. They may vary slightly from sign-off timing numbers.


4. Comparison with Reference Run
--------------------------------

+-----------------+---------------------------+---------------------------+---------------------------+
|                 |          WNS(ns)          |  Runtime(elapsed)(hh:mm)  |    Runtime(cpu)(hh:mm)    |
+-----------------+-------------+-------------+-------------+-------------+-------------+-------------+
|      Stage      |  Reference  | Incremental |  Reference  | Incremental |  Reference  | Incremental |
+-----------------+-------------+-------------+-------------+-------------+-------------+-------------+
| synth_design    |             |             |       00:02 |       00:03 |       00:02 |       00:03 |
| opt_design      |             |             |     < 1 min |     < 1 min |     < 1 min |     < 1 min |
| read_checkpoint |             |             |             |             |             |             |
| place_design    |       1.457 |             |     < 1 min |             |     < 1 min |             |
| route_design    |       1.456 |             |     < 1 min |             |     < 1 min |             |
+-----------------+-------------+-------------+-------------+-------------+-------------+-------------+


5. Optimization Comparison With Reference Run
---------------------------------------------

5.1 iphys_opt_replay Optimizations
----------------------------------

+-------------------------+--------+------------+
| iphys_opt_design replay | Reused | Not Reused |
+-------------------------+--------+------------+


5.2 QoR Suggestion Optimizations
--------------------------------

+-----------------+-------+
| QoR Suggestions | Value |
+-----------------+-------+


6. Command Comparison with Reference Run
----------------------------------------

6.1 Reference:
--------------
synth_design-verilog_define default::[not_specified] -top  openmips_min_sopc -part  xc7a100tcsg324-1 
opt_design
read_checkpoint -incremental -auto_incremental D:/desktop/OpenMIPS/OpenMIPS.srcs/utils_1/imports/impl_1/openmips_min_sopc_routed.dcp
place_design
route_design

6.2 Incremental:
----------------
synth_design-verilog_define default::[not_specified] -top  openmips_min_sopc -part  xc7a100tcsg324-1 
opt_design
read_checkpoint -directive RuntimeOptimized  -incremental -auto_incremental D:/desktop/OpenMIPS/OpenMIPS.srcs/utils_1/imports/impl_1/openmips_min_sopc_routed.dcp

7. Non Reuse Information
------------------------

+------------------------------------------------------+------+
|                         Type                         |   %  |
+------------------------------------------------------+------+
| Non-Reused Cells                                     | 0.45 |
|   New                                                | 0.39 |
|   Discarded illegal placement due to netlist changes | 0.05 |
|   Discarded to improve timing                        | 0.01 |
| Partially reused nets                                | 1.94 |
| Non-Reused nets                                      | 1.32 |
| Non-Reused Ports                                     | 0.00 |
+------------------------------------------------------+------+



Time (s): cpu = 00:00:21 ; elapsed = 00:00:20 . Memory (MB): peak = 2586.176 ; gain = 47.121

Time (s): cpu = 00:00:21 ; elapsed = 00:00:20 . Memory (MB): peak = 2586.621 ; gain = 47.566
read_checkpoint: Time (s): cpu = 00:00:21 ; elapsed = 00:00:20 . Memory (MB): peak = 2586.621 ; gain = 47.566
Command: place_design
Attempting to get a license for feature 'Implementation' and/or device 'xc7a100t'
INFO: [Common 17-349] Got license for feature 'Implementation' and/or device 'xc7a100t'

Starting Incremental Placer Task
INFO: [Vivado_Tcl 4-24] Running Incremental Placer flow for unplaced cells using reference design-checkpoint 'D:/desktop/OpenMIPS/OpenMIPS.srcs/utils_1/imports/impl_1/openmips_min_sopc_routed.dcp'.
INFO: [Place 46-42] Incremental Compile is being run in High Reuse Mode.
INFO: [Place 46-44] place_design is using directive Default with target WNS of 0 ns.

Phase 1 Placer Initialization

Phase 1.1 Placer Initialization Netlist Sorting
Netlist sorting complete. Time (s): cpu = 00:00:00 ; elapsed = 00:00:00.006 . Memory (MB): peak = 2600.418 ; gain = 0.000
Phase 1.1 Placer Initialization Netlist Sorting | Checksum: 1c7c3b1cf

Time (s): cpu = 00:00:00 ; elapsed = 00:00:00.153 . Memory (MB): peak = 2600.418 ; gain = 13.797

Phase 1.2 IO Placement/ Clock Placement/ Build Placer Device
Phase 1.2 IO Placement/ Clock Placement/ Build Placer Device | Checksum: 17e78e7ef

Time (s): cpu = 00:00:02 ; elapsed = 00:00:01 . Memory (MB): peak = 2612.531 ; gain = 25.910

Phase 1.3 Build Placer Netlist Model
Phase 1.3 Build Placer Netlist Model | Checksum: 1f50330f3

Time (s): cpu = 00:00:10 ; elapsed = 00:00:07 . Memory (MB): peak = 2638.691 ; gain = 52.070

Phase 1.4 Constrain Clocks/Macros
Phase 1.4 Constrain Clocks/Macros | Checksum: 1f50330f3

Time (s): cpu = 00:00:10 ; elapsed = 00:00:08 . Memory (MB): peak = 2638.691 ; gain = 52.070
Phase 1 Placer Initialization | Checksum: 1f50330f3

Time (s): cpu = 00:00:10 ; elapsed = 00:00:08 . Memory (MB): peak = 2638.691 ; gain = 52.070

Phase 2 Global Placement

Phase 2.1 Floorplanning
Phase 2.1 Floorplanning | Checksum: 1916eca38

Time (s): cpu = 00:00:12 ; elapsed = 00:00:09 . Memory (MB): peak = 2685.340 ; gain = 98.719

Phase 2.2 Update Timing before SLR Path Opt
Phase 2.2 Update Timing before SLR Path Opt | Checksum: 22d90d08d

Time (s): cpu = 00:00:14 ; elapsed = 00:00:11 . Memory (MB): peak = 2685.352 ; gain = 98.730

Phase 2.3 Post-Processing in Floorplanning
Phase 2.3 Post-Processing in Floorplanning | Checksum: 22d90d08d

Time (s): cpu = 00:00:15 ; elapsed = 00:00:11 . Memory (MB): peak = 2685.352 ; gain = 98.730

Phase 2.4 Global Placement Core
Phase 2.4 Global Placement Core | Checksum: 1e4116b6f

Time (s): cpu = 00:00:26 ; elapsed = 00:00:19 . Memory (MB): peak = 2695.836 ; gain = 109.215
Phase 2 Global Placement | Checksum: 1e4116b6f

Time (s): cpu = 00:00:26 ; elapsed = 00:00:19 . Memory (MB): peak = 2695.836 ; gain = 109.215

Phase 3 Detail Placement

Phase 3.1 Commit Multi Column Macros
Phase 3.1 Commit Multi Column Macros | Checksum: 20bb48ae7

Time (s): cpu = 00:00:27 ; elapsed = 00:00:20 . Memory (MB): peak = 2700.746 ; gain = 114.125

Phase 3.2 Commit Most Macros & LUTRAMs
Phase 3.2 Commit Most Macros & LUTRAMs | Checksum: 229e991d9

Time (s): cpu = 00:00:28 ; elapsed = 00:00:21 . Memory (MB): peak = 2700.746 ; gain = 114.125

Phase 3.3 Place Remaining
Phase 3.3 Place Remaining | Checksum: 1bcdd7e3d

Time (s): cpu = 00:00:34 ; elapsed = 00:00:25 . Memory (MB): peak = 2706.117 ; gain = 119.496
Phase 3 Detail Placement | Checksum: 1c45afbea

Time (s): cpu = 00:00:38 ; elapsed = 00:00:27 . Memory (MB): peak = 2706.117 ; gain = 119.496

Phase 4 Post Placement Optimization and Clean-Up

Phase 4.1 Post Commit Optimization

Phase 4.1.1 Post Placement Optimization
Post Placement Optimization Initialization | Checksum: 147eba6c0

Phase 4.1.1.1 BUFG Insertion

Starting Physical Synthesis Task

Phase 1 Physical Synthesis Initialization
INFO: [Physopt 32-721] Multithreading enabled for phys_opt_design using a maximum of 2 CPUs
INFO: [Physopt 32-619] Estimated Timing Summary | WNS=1.456 | TNS=0.000 |
Phase 1 Physical Synthesis Initialization | Checksum: 189f10cd9

Time (s): cpu = 00:00:01 ; elapsed = 00:00:00.492 . Memory (MB): peak = 2706.117 ; gain = 0.000
INFO: [Place 46-33] Processed net openmips0/cp0_reg0/SR[0], BUFG insertion was skipped due to placement/routing conflicts.
INFO: [Place 46-56] BUFG insertion identified 1 candidate nets. Inserted BUFG: 0, Replicated BUFG Driver: 0, Skipped due to Placement/Routing Conflicts: 1, Skipped due to Timing Degradation: 0, Skipped due to Illegal Netlist: 0.
Ending Physical Synthesis Task | Checksum: 10fb0dbf3

Time (s): cpu = 00:00:01 ; elapsed = 00:00:01 . Memory (MB): peak = 2706.117 ; gain = 0.000
Phase 4.1.1.1 BUFG Insertion | Checksum: 147eba6c0

Time (s): cpu = 00:00:44 ; elapsed = 00:00:31 . Memory (MB): peak = 2706.117 ; gain = 119.496

Phase 4.1.1.2 Post Placement Timing Optimization
INFO: [Place 30-746] Post Placement Timing Summary WNS=1.456. For the most accurate timing information please run report_timing.
Phase 4.1.1.2 Post Placement Timing Optimization | Checksum: 110c8519f

Time (s): cpu = 00:00:44 ; elapsed = 00:00:31 . Memory (MB): peak = 2706.117 ; gain = 119.496

Time (s): cpu = 00:00:44 ; elapsed = 00:00:31 . Memory (MB): peak = 2706.117 ; gain = 119.496
Phase 4.1 Post Commit Optimization | Checksum: 110c8519f

Time (s): cpu = 00:00:44 ; elapsed = 00:00:31 . Memory (MB): peak = 2706.117 ; gain = 119.496

Phase 4.2 Sweep Clock Roots: Post-Placement
Phase 4.2 Sweep Clock Roots: Post-Placement | Checksum: 110c8519f

Time (s): cpu = 00:00:44 ; elapsed = 00:00:31 . Memory (MB): peak = 2706.117 ; gain = 119.496

Phase 4.3 Placer Reporting

Phase 4.3.1 Print Estimated Congestion
INFO: [Place 30-612] Post-Placement Estimated Congestion 
 ____________________________________________________
|           | Global Congestion | Short Congestion  |
| Direction | Region Size       | Region Size       |
|___________|___________________|___________________|
|      North|                4x4|              16x16|
|___________|___________________|___________________|
|      South|                4x4|              16x16|
|___________|___________________|___________________|
|       East|              16x16|                8x8|
|___________|___________________|___________________|
|       West|              16x16|              16x16|
|___________|___________________|___________________|

Phase 4.3.1 Print Estimated Congestion | Checksum: 110c8519f

Time (s): cpu = 00:00:51 ; elapsed = 00:00:35 . Memory (MB): peak = 2729.656 ; gain = 143.035
Phase 4.3 Placer Reporting | Checksum: 110c8519f

Time (s): cpu = 00:00:51 ; elapsed = 00:00:35 . Memory (MB): peak = 2729.656 ; gain = 143.035

Phase 4.4 Post Placement Cleanup
Phase 4.4 Post Placement Cleanup | Checksum: 110c8519f

Time (s): cpu = 00:00:51 ; elapsed = 00:00:35 . Memory (MB): peak = 2729.656 ; gain = 143.035

Phase 4.5 Final Placement Cleanup
Netlist sorting complete. Time (s): cpu = 00:00:00 ; elapsed = 00:00:00.005 . Memory (MB): peak = 2729.656 ; gain = 0.000

Time (s): cpu = 00:00:51 ; elapsed = 00:00:35 . Memory (MB): peak = 2729.656 ; gain = 143.035
Phase 4 Post Placement Optimization and Clean-Up | Checksum: 12f5fee4b

Time (s): cpu = 00:00:51 ; elapsed = 00:00:36 . Memory (MB): peak = 2729.656 ; gain = 143.035
INFO: [Place 46-3] During incremental compilation, routing data from the original checkpoint is applied during place_design. As a result, dangling route segments and route conflicts may appear in the post place_design implementation due to changes between the original and incremental netlists. These routes can be ignored as they will be subsequently resolved by route_design. This issue will be cleaned up automatically in place_design in a future software release.

+-------------------------------------------------------------------------------+
|Incremental Placement Summary                                                  |
+-------------------------------------------------------------------------------+
|                          Type                           | Count  | Percentage |
+-------------------------------------------------------------------------------+
|  Total instances                                        |  16790 |     100.00 |
|  Reused instances                                       |  16685 |      99.37 |
|  Non-reused instances                                   |    105 |       0.62 |
|    New                                                  |     66 |       0.39 |
|    Discarded illegal placement due to netlist changes   |      9 |       0.05 |
|    Discarded to improve timing                          |     30 |       0.17 |
+-------------------------------------------------------------------------------+
|Incremental Placement Runtime Summary                                          |
+-------------------------------------------------------------------------------+
|  Initialization time(elapsed secs)                                   |   7.59 |
|  Incremental Placer time(elapsed secs)                               |  27.96 |
+-------------------------------------------------------------------------------+

Reference - Incremental Comparison Summary

1. Comparison with Reference Run
--------------------------------

+-----------------+---------------------------+---------------------------+---------------------------+
|                 |          WNS(ns)          |  Runtime(elapsed)(hh:mm)  |    Runtime(cpu)(hh:mm)    |
+-----------------+-------------+-------------+-------------+-------------+-------------+-------------+
|      Stage      |  Reference  | Incremental |  Reference  | Incremental |  Reference  | Incremental |
+-----------------+-------------+-------------+-------------+-------------+-------------+-------------+
| synth_design    |             |             |       00:02 |       00:03 |       00:02 |       00:03 |
| opt_design      |             |             |     < 1 min |     < 1 min |     < 1 min |     < 1 min |
| read_checkpoint |             |             |             |     < 1 min |             |     < 1 min |
| place_design    |       1.457 |       1.456 |     < 1 min |     < 1 min |     < 1 min |     < 1 min |
| route_design    |       1.456 |             |     < 1 min |             |     < 1 min |             |
+-----------------+-------------+-------------+-------------+-------------+-------------+-------------+


Ending Incremental Placer Task | Checksum: cc87a89e

Time (s): cpu = 00:00:51 ; elapsed = 00:00:36 . Memory (MB): peak = 2729.656 ; gain = 143.035
INFO: [Common 17-83] Releasing license: Implementation
76 Infos, 2 Warnings, 0 Critical Warnings and 0 Errors encountered.
place_design completed successfully
place_design: Time (s): cpu = 00:00:51 ; elapsed = 00:00:36 . Memory (MB): peak = 2729.656 ; gain = 143.035
INFO: [Timing 38-480] Writing timing data to binary archive.
Writing XDEF routing.
Writing XDEF routing logical nets.
Writing XDEF routing special nets.
Write XDEF Complete: Time (s): cpu = 00:00:05 ; elapsed = 00:00:03 . Memory (MB): peak = 2733.770 ; gain = 4.113
INFO: [Common 17-1381] The checkpoint 'D:/desktop/OpenMIPS/OpenMIPS.runs/impl_1/openmips_min_sopc_placed.dcp' has been generated.
write_checkpoint: Time (s): cpu = 00:00:07 ; elapsed = 00:00:06 . Memory (MB): peak = 2733.770 ; gain = 4.113
INFO: [runtcl-4] Executing : report_io -file openmips_min_sopc_io_placed.rpt
report_io: Time (s): cpu = 00:00:00 ; elapsed = 00:00:00.101 . Memory (MB): peak = 2733.770 ; gain = 0.000
INFO: [runtcl-4] Executing : report_utilization -file openmips_min_sopc_utilization_placed.rpt -pb openmips_min_sopc_utilization_placed.pb
INFO: [runtcl-4] Executing : report_control_sets -verbose -file openmips_min_sopc_control_sets_placed.rpt
report_control_sets: Time (s): cpu = 00:00:00 ; elapsed = 00:00:00.052 . Memory (MB): peak = 2733.770 ; gain = 0.000
Command: route_design
Attempting to get a license for feature 'Implementation' and/or device 'xc7a100t'
INFO: [Common 17-349] Got license for feature 'Implementation' and/or device 'xc7a100t'
Running DRC as a precondition to command route_design
INFO: [DRC 23-27] Running DRC with 2 threads
INFO: [Vivado_Tcl 4-198] DRC finished with 0 Errors
INFO: [Vivado_Tcl 4-199] Please refer to the DRC report (report_drc) for more information.
INFO: [Route 35-254] Multithreading enabled for route_design using a maximum of 2 CPUs

Starting Incremental Route Task

Phase 1 Build RT Design
Checksum: PlaceDB: c58ac78 ConstDB: 0 ShapeSum: c02efc26 RouteDB: 1362bd70
Phase 1 Build RT Design | Checksum: 1b4eba25a

Time (s): cpu = 00:00:39 ; elapsed = 00:00:36 . Memory (MB): peak = 2805.902 ; gain = 63.094
Post Restoration Checksum: NetGraph: 4a003109 NumContArr: fad9312f Constraints: 0 Timing: 0

Phase 2 Router Initialization

Phase 2.1 Fix Topology Constraints
Phase 2.1 Fix Topology Constraints | Checksum: 144d96238

Time (s): cpu = 00:00:40 ; elapsed = 00:00:37 . Memory (MB): peak = 2812.496 ; gain = 69.688

Phase 2.2 Pre Route Cleanup
Phase 2.2 Pre Route Cleanup | Checksum: db6449f5

Time (s): cpu = 00:00:40 ; elapsed = 00:00:37 . Memory (MB): peak = 2812.496 ; gain = 69.688
--------------------------------------------------------
|Incremental Routing Reuse Summary                      |
--------------------------------------------------------
|Type                     | Count    | Percentage       |
--------------------------------------------------------
|Fully reused nets        |     13199|            96.79 |
|Partially reused nets    |       261|             1.91 |
|Non-reused nets          |       177|             1.30 |
--------------------------------------------------------
INFO: [Route 35-559] route_design is using directive Default with target WNS of 0.0ns
 Number of Nodes with overlaps = 0

Phase 2.3 Update Timing
Phase 2.3 Update Timing | Checksum: 1394cbfa0

Time (s): cpu = 00:00:49 ; elapsed = 00:00:44 . Memory (MB): peak = 2845.172 ; gain = 102.363
INFO: [Route 35-416] Intermediate Timing Summary | WNS=1.456  | TNS=0.000  | WHS=-0.303 | THS=-169.715|


Router Utilization Summary
  Global Vertical Routing Utilization    = 0.117901 %
  Global Horizontal Routing Utilization  = 0.103936 %
  Routable Net Status*
  *Does not include unroutable nets such as driverless and loadless.
  Run report_route_status for detailed report.
  Number of Failed Nets               = 388
    (Failed Nets is the sum of unrouted and partially routed nets)
  Number of Unrouted Nets             = 140
  Number of Partially Routed Nets     = 248
  Number of Node Overlaps             = 90

Phase 2 Router Initialization | Checksum: 22c5462e2

Time (s): cpu = 00:00:52 ; elapsed = 00:00:46 . Memory (MB): peak = 2877.730 ; gain = 134.922

Phase 3 Initial Routing

Phase 3.1 Global Routing
Phase 3.1 Global Routing | Checksum: 22c5462e2

Time (s): cpu = 00:00:52 ; elapsed = 00:00:46 . Memory (MB): peak = 2877.730 ; gain = 134.922
Phase 3 Initial Routing | Checksum: 107990ae0

Time (s): cpu = 00:00:53 ; elapsed = 00:00:46 . Memory (MB): peak = 2877.730 ; gain = 134.922

Phase 4 Initial Route for Timing

Phase 4.1 Update Timing
Phase 4.1 Update Timing | Checksum: d4e9f7a6

Time (s): cpu = 00:00:53 ; elapsed = 00:00:47 . Memory (MB): peak = 2877.730 ; gain = 134.922
INFO: [Route 35-416] Intermediate Timing Summary | WNS=1.456  | TNS=0.000  | WHS=N/A    | THS=N/A    |

Phase 4 Initial Route for Timing | Checksum: d4e9f7a6

Time (s): cpu = 00:00:53 ; elapsed = 00:00:47 . Memory (MB): peak = 2877.730 ; gain = 134.922

Phase 5 Rip-up And Reroute

Phase 5.1 Global Iteration 0
 Number of Nodes with overlaps = 36
 Number of Nodes with overlaps = 1
 Number of Nodes with overlaps = 0
INFO: [Route 35-416] Intermediate Timing Summary | WNS=1.456  | TNS=0.000  | WHS=N/A    | THS=N/A    |

Phase 5.1 Global Iteration 0 | Checksum: 12576c9e5

Time (s): cpu = 00:00:56 ; elapsed = 00:00:49 . Memory (MB): peak = 2877.730 ; gain = 134.922
Phase 5 Rip-up And Reroute | Checksum: 12576c9e5

Time (s): cpu = 00:00:56 ; elapsed = 00:00:49 . Memory (MB): peak = 2877.730 ; gain = 134.922

Phase 6 Delay and Skew Optimization

Phase 6.1 Delay CleanUp
Phase 6.1 Delay CleanUp | Checksum: 12576c9e5

Time (s): cpu = 00:00:56 ; elapsed = 00:00:49 . Memory (MB): peak = 2877.730 ; gain = 134.922

Phase 6.2 Clock Skew Optimization
Phase 6.2 Clock Skew Optimization | Checksum: 12576c9e5

Time (s): cpu = 00:00:56 ; elapsed = 00:00:49 . Memory (MB): peak = 2877.730 ; gain = 134.922
Phase 6 Delay and Skew Optimization | Checksum: 12576c9e5

Time (s): cpu = 00:00:56 ; elapsed = 00:00:49 . Memory (MB): peak = 2877.730 ; gain = 134.922

Phase 7 Post Hold Fix

Phase 7.1 Hold Fix Iter

Phase 7.1.1 Update Timing
Phase 7.1.1 Update Timing | Checksum: 1213528bb

Time (s): cpu = 00:00:58 ; elapsed = 00:00:50 . Memory (MB): peak = 2877.730 ; gain = 134.922
INFO: [Route 35-416] Intermediate Timing Summary | WNS=1.456  | TNS=0.000  | WHS=0.028  | THS=0.000  |

Phase 7.1 Hold Fix Iter | Checksum: 1213528bb

Time (s): cpu = 00:00:58 ; elapsed = 00:00:50 . Memory (MB): peak = 2877.730 ; gain = 134.922
Phase 7 Post Hold Fix | Checksum: 1213528bb

Time (s): cpu = 00:00:58 ; elapsed = 00:00:50 . Memory (MB): peak = 2877.730 ; gain = 134.922

Phase 8 Route finalize

Router Utilization Summary
  Global Vertical Routing Utilization    = 2.24046 %
  Global Horizontal Routing Utilization  = 2.70681 %
  Routable Net Status*
  *Does not include unroutable nets such as driverless and loadless.
  Run report_route_status for detailed report.
  Number of Failed Nets               = 0
    (Failed Nets is the sum of unrouted and partially routed nets)
  Number of Unrouted Nets             = 0
  Number of Partially Routed Nets     = 0
  Number of Node Overlaps             = 0

Phase 8 Route finalize | Checksum: 140ac15af

Time (s): cpu = 00:00:58 ; elapsed = 00:00:50 . Memory (MB): peak = 2877.730 ; gain = 134.922

Phase 9 Verifying routed nets

 Verification completed successfully
Phase 9 Verifying routed nets | Checksum: 140ac15af

Time (s): cpu = 00:00:58 ; elapsed = 00:00:50 . Memory (MB): peak = 2877.730 ; gain = 134.922

Phase 10 Depositing Routes
Phase 10 Depositing Routes | Checksum: 1099ca3a8

Time (s): cpu = 00:00:59 ; elapsed = 00:00:52 . Memory (MB): peak = 2877.730 ; gain = 134.922

Phase 11 Post Router Timing
INFO: [Route 35-57] Estimated Timing Summary | WNS=1.456  | TNS=0.000  | WHS=0.028  | THS=0.000  |

INFO: [Route 35-327] The final timing numbers are based on the router estimated timing analysis. For a complete and accurate timing signoff, please run report_timing_summary.
Phase 11 Post Router Timing | Checksum: 1099ca3a8

Time (s): cpu = 00:01:00 ; elapsed = 00:00:53 . Memory (MB): peak = 2877.730 ; gain = 134.922
--------------------------------------------------------
|Incremental Routing Reuse Summary                      |
--------------------------------------------------------
|Type                     | Count    | Percentage       |
--------------------------------------------------------
|Fully reused nets        |     13151|            96.44 |
|Partially reused nets    |         0|             0.00 |
|Non-reused nets          |       486|             3.56 |
--------------------------------------------------------
INFO: [Route 35-16] Router Completed Successfully
Ending Incremental Route Task | Checksum: 1099ca3a8

Time (s): cpu = 00:01:00 ; elapsed = 00:00:53 . Memory (MB): peak = 2877.730 ; gain = 134.922
------------------------------------
Incremental Router Runtime Summary: 
------------------------------------
   Initialization time: 46.912 Secs
   Incremental Router time: 5.935 Secs

Reference - Incremental Comparison Summary

1. Comparison with Reference Run
--------------------------------

+-----------------+---------------------------+---------------------------+---------------------------+
|                 |          WNS(ns)          |  Runtime(elapsed)(hh:mm)  |    Runtime(cpu)(hh:mm)    |
+-----------------+-------------+-------------+-------------+-------------+-------------+-------------+
|      Stage      |  Reference  | Incremental |  Reference  | Incremental |  Reference  | Incremental |
+-----------------+-------------+-------------+-------------+-------------+-------------+-------------+
| synth_design    |             |             |       00:02 |       00:03 |       00:02 |       00:03 |
| opt_design      |             |             |     < 1 min |     < 1 min |     < 1 min |     < 1 min |
| read_checkpoint |             |             |             |     < 1 min |             |     < 1 min |
| place_design    |       1.457 |       1.456 |     < 1 min |     < 1 min |     < 1 min |     < 1 min |
| route_design    |       1.456 |       1.456 |     < 1 min |       00:01 |     < 1 min |       00:01 |
+-----------------+-------------+-------------+-------------+-------------+-------------+-------------+


INFO: [Common 17-83] Releasing license: Implementation
95 Infos, 2 Warnings, 0 Critical Warnings and 0 Errors encountered.
route_design completed successfully
route_design: Time (s): cpu = 00:01:06 ; elapsed = 00:00:57 . Memory (MB): peak = 2877.730 ; gain = 143.961
INFO: [Timing 38-480] Writing timing data to binary archive.
Writing XDEF routing.
Writing XDEF routing logical nets.
Writing XDEF routing special nets.
Write XDEF Complete: Time (s): cpu = 00:00:05 ; elapsed = 00:00:03 . Memory (MB): peak = 2888.789 ; gain = 11.059
INFO: [Common 17-1381] The checkpoint 'D:/desktop/OpenMIPS/OpenMIPS.runs/impl_1/openmips_min_sopc_routed.dcp' has been generated.
INFO: [runtcl-4] Executing : report_drc -file openmips_min_sopc_drc_routed.rpt -pb openmips_min_sopc_drc_routed.pb -rpx openmips_min_sopc_drc_routed.rpx
Command: report_drc -file openmips_min_sopc_drc_routed.rpt -pb openmips_min_sopc_drc_routed.pb -rpx openmips_min_sopc_drc_routed.rpx
INFO: [IP_Flow 19-1839] IP Catalog is up to date.
INFO: [DRC 23-27] Running DRC with 2 threads
INFO: [Vivado_Tcl 2-168] The results of DRC are in file D:/desktop/OpenMIPS/OpenMIPS.runs/impl_1/openmips_min_sopc_drc_routed.rpt.
report_drc completed successfully
INFO: [runtcl-4] Executing : report_methodology -file openmips_min_sopc_methodology_drc_routed.rpt -pb openmips_min_sopc_methodology_drc_routed.pb -rpx openmips_min_sopc_methodology_drc_routed.rpx
Command: report_methodology -file openmips_min_sopc_methodology_drc_routed.rpt -pb openmips_min_sopc_methodology_drc_routed.pb -rpx openmips_min_sopc_methodology_drc_routed.rpx
INFO: [Timing 38-35] Done setting XDC timing constraints.
INFO: [DRC 23-133] Running Methodology with 2 threads
INFO: [Vivado_Tcl 2-1520] The results of Report Methodology are in file D:/desktop/OpenMIPS/OpenMIPS.runs/impl_1/openmips_min_sopc_methodology_drc_routed.rpt.
report_methodology completed successfully
report_methodology: Time (s): cpu = 00:00:11 ; elapsed = 00:00:07 . Memory (MB): peak = 2900.965 ; gain = 0.000
INFO: [runtcl-4] Executing : report_power -file openmips_min_sopc_power_routed.rpt -pb openmips_min_sopc_power_summary_routed.pb -rpx openmips_min_sopc_power_routed.rpx
Command: report_power -file openmips_min_sopc_power_routed.rpt -pb openmips_min_sopc_power_summary_routed.pb -rpx openmips_min_sopc_power_routed.rpx
INFO: [Power 33-23] Power model is not available for STARTUPE2_inst
INFO: [Timing 38-35] Done setting XDC timing constraints.
Running Vector-less Activity Propagation...

Finished Running Vector-less Activity Propagation
108 Infos, 2 Warnings, 0 Critical Warnings and 0 Errors encountered.
report_power completed successfully
report_power: Time (s): cpu = 00:00:10 ; elapsed = 00:00:07 . Memory (MB): peak = 2911.648 ; gain = 10.684
INFO: [runtcl-4] Executing : report_route_status -file openmips_min_sopc_route_status.rpt -pb openmips_min_sopc_route_status.pb
INFO: [runtcl-4] Executing : report_timing_summary -max_paths 10 -file openmips_min_sopc_timing_summary_routed.rpt -pb openmips_min_sopc_timing_summary_routed.pb -rpx openmips_min_sopc_timing_summary_routed.rpx -warn_on_violation 
INFO: [Timing 38-91] UpdateTimingParams: Speed grade: -1, Delay Type: min_max.
INFO: [Timing 38-191] Multithreading enabled for timing update using a maximum of 2 CPUs
INFO: [runtcl-4] Executing : report_incremental_reuse -file openmips_min_sopc_incremental_reuse_routed.rpt
INFO: [runtcl-4] Executing : report_clock_utilization -file openmips_min_sopc_clock_utilization_routed.rpt
INFO: [runtcl-4] Executing : report_bus_skew -warn_on_violation -file openmips_min_sopc_bus_skew_routed.rpt -pb openmips_min_sopc_bus_skew_routed.pb -rpx openmips_min_sopc_bus_skew_routed.rpx
INFO: [Timing 38-91] UpdateTimingParams: Speed grade: -1, Delay Type: min_max.
INFO: [Timing 38-191] Multithreading enabled for timing update using a maximum of 2 CPUs
Command: write_bitstream -force openmips_min_sopc.bit
Attempting to get a license for feature 'Implementation' and/or device 'xc7a100t'
INFO: [Common 17-349] Got license for feature 'Implementation' and/or device 'xc7a100t'
Running DRC as a precondition to command write_bitstream
INFO: [IP_Flow 19-1839] IP Catalog is up to date.
INFO: [DRC 23-27] Running DRC with 2 threads
WARNING: [DRC CFGBVS-1] Missing CFGBVS and CONFIG_VOLTAGE Design Properties: Neither the CFGBVS nor CONFIG_VOLTAGE voltage property is set in the current_design.  Configuration bank voltage select (CFGBVS) must be set to VCCO or GND, and CONFIG_VOLTAGE must be set to the correct configuration voltage, in order to determine the I/O voltage support for the pins in bank 0.  It is suggested to specify these either using the 'Edit Device Properties' function in the GUI or directly in the XDC file using the following syntax:

 set_property CFGBVS value1 [current_design]
 #where value1 is either VCCO or GND

 set_property CONFIG_VOLTAGE value2 [current_design]
 #where value2 is the voltage provided to configuration bank 0

Refer to the device configuration user guide for more information.
WARNING: [DRC DPIP-1] Input pipelining: DSP openmips0/ex0/hilo_temp input openmips0/ex0/hilo_temp/A[29:0] is not pipelined. Pipelining DSP48 input will improve performance.
WARNING: [DRC DPIP-1] Input pipelining: DSP openmips0/ex0/hilo_temp input openmips0/ex0/hilo_temp/B[17:0] is not pipelined. Pipelining DSP48 input will improve performance.
WARNING: [DRC DPIP-1] Input pipelining: DSP openmips0/ex0/hilo_temp__0 input openmips0/ex0/hilo_temp__0/A[29:0] is not pipelined. Pipelining DSP48 input will improve performance.
WARNING: [DRC DPIP-1] Input pipelining: DSP openmips0/ex0/hilo_temp__0 input openmips0/ex0/hilo_temp__0/B[17:0] is not pipelined. Pipelining DSP48 input will improve performance.
WARNING: [DRC DPIP-1] Input pipelining: DSP openmips0/ex0/hilo_temp__1 input openmips0/ex0/hilo_temp__1/A[29:0] is not pipelined. Pipelining DSP48 input will improve performance.
WARNING: [DRC DPIP-1] Input pipelining: DSP openmips0/ex0/hilo_temp__1 input openmips0/ex0/hilo_temp__1/B[17:0] is not pipelined. Pipelining DSP48 input will improve performance.
WARNING: [DRC DPIP-1] Input pipelining: DSP openmips0/ex0/hilo_temp__2 input openmips0/ex0/hilo_temp__2/A[29:0] is not pipelined. Pipelining DSP48 input will improve performance.
WARNING: [DRC DPIP-1] Input pipelining: DSP openmips0/ex0/hilo_temp__2 input openmips0/ex0/hilo_temp__2/B[17:0] is not pipelined. Pipelining DSP48 input will improve performance.
WARNING: [DRC DPOP-1] PREG Output pipelining: DSP openmips0/ex0/hilo_temp output openmips0/ex0/hilo_temp/P[47:0] is not pipelined (PREG=0). Pipelining the DSP48 output will improve performance and often saves power so it is suggested whenever possible to fully pipeline this function.  If this DSP48 function was inferred, it is suggested to describe an additional register stage after this function.  If the DSP48 was instantiated in the design, it is suggested to set the PREG attribute to 1.
WARNING: [DRC DPOP-1] PREG Output pipelining: DSP openmips0/ex0/hilo_temp__0 output openmips0/ex0/hilo_temp__0/P[47:0] is not pipelined (PREG=0). Pipelining the DSP48 output will improve performance and often saves power so it is suggested whenever possible to fully pipeline this function.  If this DSP48 function was inferred, it is suggested to describe an additional register stage after this function.  If the DSP48 was instantiated in the design, it is suggested to set the PREG attribute to 1.
WARNING: [DRC DPOP-1] PREG Output pipelining: DSP openmips0/ex0/hilo_temp__1 output openmips0/ex0/hilo_temp__1/P[47:0] is not pipelined (PREG=0). Pipelining the DSP48 output will improve performance and often saves power so it is suggested whenever possible to fully pipeline this function.  If this DSP48 function was inferred, it is suggested to describe an additional register stage after this function.  If the DSP48 was instantiated in the design, it is suggested to set the PREG attribute to 1.
WARNING: [DRC DPOP-1] PREG Output pipelining: DSP openmips0/ex0/hilo_temp__2 output openmips0/ex0/hilo_temp__2/P[47:0] is not pipelined (PREG=0). Pipelining the DSP48 output will improve performance and often saves power so it is suggested whenever possible to fully pipeline this function.  If this DSP48 function was inferred, it is suggested to describe an additional register stage after this function.  If the DSP48 was instantiated in the design, it is suggested to set the PREG attribute to 1.
WARNING: [DRC DPOP-2] MREG Output pipelining: DSP openmips0/ex0/hilo_temp multiplier stage openmips0/ex0/hilo_temp/P[47:0] is not pipelined (MREG=0). Pipelining the multiplier function will improve performance and will save significant power so it is suggested whenever possible to fully pipeline this function.  If this multiplier was inferred, it is suggested to describe an additional register stage after this function.  If there is no registered adder/accumulator following the multiply function, two pipeline stages are suggested to allow both the MREG and PREG registers to be used.  If the DSP48 was instantiated in the design, it is suggested to set both the MREG and PREG attributes to 1 when performing multiply functions.
WARNING: [DRC DPOP-2] MREG Output pipelining: DSP openmips0/ex0/hilo_temp__0 multiplier stage openmips0/ex0/hilo_temp__0/P[47:0] is not pipelined (MREG=0). Pipelining the multiplier function will improve performance and will save significant power so it is suggested whenever possible to fully pipeline this function.  If this multiplier was inferred, it is suggested to describe an additional register stage after this function.  If there is no registered adder/accumulator following the multiply function, two pipeline stages are suggested to allow both the MREG and PREG registers to be used.  If the DSP48 was instantiated in the design, it is suggested to set both the MREG and PREG attributes to 1 when performing multiply functions.
WARNING: [DRC DPOP-2] MREG Output pipelining: DSP openmips0/ex0/hilo_temp__1 multiplier stage openmips0/ex0/hilo_temp__1/P[47:0] is not pipelined (MREG=0). Pipelining the multiplier function will improve performance and will save significant power so it is suggested whenever possible to fully pipeline this function.  If this multiplier was inferred, it is suggested to describe an additional register stage after this function.  If there is no registered adder/accumulator following the multiply function, two pipeline stages are suggested to allow both the MREG and PREG registers to be used.  If the DSP48 was instantiated in the design, it is suggested to set both the MREG and PREG attributes to 1 when performing multiply functions.
WARNING: [DRC DPOP-2] MREG Output pipelining: DSP openmips0/ex0/hilo_temp__2 multiplier stage openmips0/ex0/hilo_temp__2/P[47:0] is not pipelined (MREG=0). Pipelining the multiplier function will improve performance and will save significant power so it is suggested whenever possible to fully pipeline this function.  If this multiplier was inferred, it is suggested to describe an additional register stage after this function.  If there is no registered adder/accumulator following the multiply function, two pipeline stages are suggested to allow both the MREG and PREG registers to be used.  If the DSP48 was instantiated in the design, it is suggested to set both the MREG and PREG attributes to 1 when performing multiply functions.
WARNING: [DRC PDRC-153] Gated clock check: Net openmips0/id_ex0/ex_aluop_reg[3]_1[0] is a gated clock net sourced by a combinational pin openmips0/id_ex0/cp0_reg_read_addr_o_reg[4]_i_1/O, cell openmips0/id_ex0/cp0_reg_read_addr_o_reg[4]_i_1. This is not good design practice and will likely impact performance. For SLICE registers, for example, use the CE pin to control the loading of data.
WARNING: [DRC PDRC-153] Gated clock check: Net openmips0/mem_wb0/wb_cp0_reg_write_addr_reg[0]_0[0] is a gated clock net sourced by a combinational pin openmips0/mem_wb0/cp0_cause_reg[12]_i_1/O, cell openmips0/mem_wb0/cp0_cause_reg[12]_i_1. This is not good design practice and will likely impact performance. For SLICE registers, for example, use the CE pin to control the loading of data.
WARNING: [DRC REQP-1709] Clock output buffering: PLLE2_ADV connectivity violation. The signal DDR2/Ram/Inst_DDR/u_mig_7series_0_mig/u_ddr2_infrastructure/pll_clk3_out on the DDR2/Ram/Inst_DDR/u_mig_7series_0_mig/u_ddr2_infrastructure/plle2_i/CLKOUT3 pin of DDR2/Ram/Inst_DDR/u_mig_7series_0_mig/u_ddr2_infrastructure/plle2_i does not drive the same kind of BUFFER load as the other CLKOUT pins. Routing from the different buffer types will not be phase aligned.
WARNING: [DRC RTSTAT-10] No routable loads: 2 net(s) have no routable loads. The problem bus(es) and/or net(s) are DDR2/p_r, and DDR2/r_r.
INFO: [Vivado 12-3199] DRC finished with 0 Errors, 21 Warnings
INFO: [Vivado 12-3200] Please refer to the DRC report (report_drc) for more information.
INFO: [Designutils 20-2272] Running write_bitstream with 2 threads.
Loading data files...
Loading site data...
Loading route data...
Processing options...
Creating bitmap...
Creating bitstream...
Writing bitstream ./openmips_min_sopc.bit...
INFO: [Vivado 12-1842] Bitgen Completed Successfully.
INFO: [Project 1-1876] WebTalk data collection is mandatory when using a ULT device. To see the specific WebTalk data collected for your design, open the usage_statistics_webtalk.html or usage_statistics_webtalk.xml file in the implementation directory.
INFO: [Common 17-83] Releasing license: Implementation
12 Infos, 21 Warnings, 0 Critical Warnings and 0 Errors encountered.
write_bitstream completed successfully
write_bitstream: Time (s): cpu = 00:00:25 ; elapsed = 00:00:22 . Memory (MB): peak = 3404.637 ; gain = 485.309
INFO: [Common 17-206] Exiting Vivado at Sat Jun 20 14:06:37 2026...
