# do {DIVU_tb_simulate.do}
# vsim -voptargs=""+acc"" -L unisims_ver -L unimacro_ver -L secureip -L xil_defaultlib -lib xil_defaultlib xil_defaultlib.DIVU_tb xil_defaultlib.glbl 
# Start time: 17:16:53 on Apr 10,2025
# //  ModelSim PE 10.4c Jul 20 2015 
# //
# //  Copyright 1991-2015 Mentor Graphics Corporation
# //  All Rights Reserved.
# //
# //  THIS WORK CONTAINS TRADE SECRET AND PROPRIETARY INFORMATION
# //  WHICH IS THE PROPERTY OF MENTOR GRAPHICS CORPORATION OR ITS
# //  LICENSORS AND IS SUBJECT TO LICENSE TERMS.
# //  THIS DOCUMENT CONTAINS TRADE SECRETS AND COMMERCIAL OR FINANCIAL
# //  INFORMATION THAT ARE PRIVILEGED, CONFIDENTIAL, AND EXEMPT FROM
# //  DISCLOSURE UNDER THE FREEDOM OF INFORMATION ACT, 5 U.S.C. SECTION 552.
# //  FURTHERMORE, THIS INFORMATION IS PROHIBITED FROM DISCLOSURE UNDER
# //  THE TRADE SECRETS ACT, 18 U.S.C. SECTION 1905.
# //
# Loading xil_defaultlib.DIVU_tb
# Loading xil_defaultlib.DIVU
# Loading xil_defaultlib.glbl
# .main_pane.wave.interior.cs.body.pw.wf
# .main_pane.structure.interior.cs.body.struct
# .main_pane.objects.interior.cs.body.tree
# ** Note: $finish    : ../../../divu.srcs/sim_1/new/DIVU_tb.v(110)
#    Time: 1585 ns  Iteration: 0  Instance: /DIVU_tb
# 1
# Break in Module DIVU_tb at ../../../divu.srcs/sim_1/new/DIVU_tb.v line 110
# End time: 17:34:00 on Apr 10,2025, Elapsed time: 0:17:07
# Errors: 0, Warnings: 0
