# do {ram2_tb_compile.do}
# ** Warning: (vlib-34) Library already exists at "work".
# 
# ** Warning: (vlib-34) Library already exists at "msim".
# 
# ** Warning: (vlib-34) Library already exists at "msim/xil_defaultlib".
# 
# Model Technology ModelSim PE vmap 10.4c Lib Mapping Utility 2015.07 Jul 20 2015
# vmap xil_defaultlib msim/xil_defaultlib 
# Modifying modelsim.ini
# ** Warning: (vlog-159) Mode option -64 is not supported in this context and will be ignored.
# 
# Model Technology ModelSim PE vlog 10.4c Compiler 2015.07 Jul 20 2015
# Start time: 23:51:41 on Nov 22,2024
# vlog -64 -incr -work xil_defaultlib ../../../ram2.srcs/sources_1/new/ram2.v ../../../ram2.srcs/sim_1/new/ram2_tb.v 
# -- Compiling module ram2
# -- Skipping module ram2_tb
# 
# Top level modules:
# 	ram2_tb
# End time: 23:51:41 on Nov 22,2024, Elapsed time: 0:00:00
# Errors: 0, Warnings: 1
# Model Technology ModelSim PE vlog 10.4c Compiler 2015.07 Jul 20 2015
# Start time: 23:51:41 on Nov 22,2024
# vlog -work xil_defaultlib glbl.v 
# -- Compiling module glbl
# 
# Top level modules:
# 	glbl
# End time: 23:51:41 on Nov 22,2024, Elapsed time: 0:00:00
# Errors: 0, Warnings: 0
