Vivado Simulator 2018.3
Copyright 1986-1999, 2001-2018 Xilinx, Inc. All Rights Reserved.
Running: D:/Vivado2018/Vivado/2018.3/bin/unwrapped/win64.o/xelab.exe -wto 2ad0141525de42b193fbb18114bf2215 --incr --debug typical --relax --mt 2 -L dist_mem_gen_v8_0_12 -L xil_defaultlib -L unisims_ver -L unimacro_ver -L secureip -L xpm --snapshot tb_top_board_behav xil_defaultlib.tb_top_board xil_defaultlib.glbl -log elaborate.log 
Using 2 slave threads.
Starting static elaboration
Completed static elaboration
Starting simulation data flow analysis
Completed simulation data flow analysis
Time Resolution for simulation is 1ps
Compiling module xil_defaultlib.Divider
Compiling module dist_mem_gen_v8_0_12.dist_mem_gen_v8_0_12(C_FAMILY="a...
Compiling module xil_defaultlib.dist_mem_gen_0
Compiling module xil_defaultlib.IMEM
Compiling module xil_defaultlib.Controller
Compiling module xil_defaultlib.ALU
Compiling module xil_defaultlib.MDU
Compiling module xil_defaultlib.DMEM
Compiling module xil_defaultlib.CPO
Compiling module xil_defaultlib.RegFile
Compiling module xil_defaultlib.ForwardUnit
Compiling module xil_defaultlib.HazardUnit
Compiling module xil_defaultlib.DCPU
Compiling module xil_defaultlib.seg7x16
Compiling module xil_defaultlib.top_board
Compiling module xil_defaultlib.tb_top_board
Compiling module xil_defaultlib.glbl
Built simulation snapshot tb_top_board_behav
