INFO: [VRFC 10-2263] Analyzing Verilog file "D:/vivado_projects/EP1-89Inst/EP1-89Inst.srcs/sources_1/ip/dist_mem_gen_0/sim/dist_mem_gen_0.v" into library xil_defaultlib
INFO: [VRFC 10-311] analyzing module dist_mem_gen_0
INFO: [VRFC 10-2263] Analyzing Verilog file "D:/vivado_projects/EP1-89Inst/EP1-89Inst.srcs/sources_1/new/ALU.v" into library xil_defaultlib
INFO: [VRFC 10-311] analyzing module ALU
INFO: [VRFC 10-2263] Analyzing Verilog file "D:/vivado_projects/EP1-89Inst/EP1-89Inst.srcs/sources_1/new/CP0.v" into library xil_defaultlib
INFO: [VRFC 10-311] analyzing module CPO
INFO: [VRFC 10-2263] Analyzing Verilog file "D:/vivado_projects/EP1-89Inst/EP1-89Inst.srcs/sources_1/new/Controller.v" into library xil_defaultlib
INFO: [VRFC 10-311] analyzing module Controller
INFO: [VRFC 10-2263] Analyzing Verilog file "D:/vivado_projects/EP1-89Inst/EP1-89Inst.srcs/sources_1/new/DCPU.v" into library xil_defaultlib
INFO: [VRFC 10-311] analyzing module DCPU
INFO: [VRFC 10-2263] Analyzing Verilog file "D:/vivado_projects/EP1-89Inst/EP1-89Inst.srcs/sources_1/new/DMEM.v" into library xil_defaultlib
INFO: [VRFC 10-311] analyzing module DMEM
INFO: [VRFC 10-2263] Analyzing Verilog file "D:/vivado_projects/EP1-89Inst/EP1-89Inst.srcs/sources_1/new/Divider.v" into library xil_defaultlib
INFO: [VRFC 10-311] analyzing module Divider
INFO: [VRFC 10-2263] Analyzing Verilog file "D:/vivado_projects/EP1-89Inst/EP1-89Inst.srcs/sources_1/new/ForwardUnit.v" into library xil_defaultlib
INFO: [VRFC 10-311] analyzing module ForwardUnit
INFO: [VRFC 10-2263] Analyzing Verilog file "D:/vivado_projects/EP1-89Inst/EP1-89Inst.srcs/sources_1/new/HazardUnit.v" into library xil_defaultlib
INFO: [VRFC 10-311] analyzing module HazardUnit
INFO: [VRFC 10-2263] Analyzing Verilog file "D:/vivado_projects/EP1-89Inst/EP1-89Inst.srcs/sources_1/new/IMEM.v" into library xil_defaultlib
INFO: [VRFC 10-311] analyzing module IMEM
INFO: [VRFC 10-2263] Analyzing Verilog file "D:/vivado_projects/EP1-89Inst/EP1-89Inst.srcs/sources_1/new/MDU.v" into library xil_defaultlib
INFO: [VRFC 10-311] analyzing module MDU
INFO: [VRFC 10-2263] Analyzing Verilog file "D:/vivado_projects/EP1-89Inst/EP1-89Inst.srcs/sources_1/new/RegFile.v" into library xil_defaultlib
INFO: [VRFC 10-311] analyzing module RegFile
INFO: [VRFC 10-2263] Analyzing Verilog file "D:/vivado_projects/EP1-89Inst/EP1-89Inst.srcs/sources_1/new/seg7x16.v" into library xil_defaultlib
INFO: [VRFC 10-311] analyzing module seg7x16
INFO: [VRFC 10-2263] Analyzing Verilog file "D:/vivado_projects/EP1-89Inst/EP1-89Inst.srcs/sources_1/new/top_borad.v" into library xil_defaultlib
INFO: [VRFC 10-311] analyzing module top_board
INFO: [VRFC 10-2263] Analyzing Verilog file "D:/vivado_projects/EP1-89Inst/EP1-89Inst.srcs/sim_1/new/tb_top_board.v" into library xil_defaultlib
INFO: [VRFC 10-311] analyzing module tb_top_board
