# do {PCPU_tb_drop_eggs_compile.do}
# ** Warning: (vlib-34) Library already exists at "work".
# 
# ** Warning: (vlib-34) Library already exists at "msim".
# 
# ** Warning: (vlib-34) Library already exists at "msim/dist_mem_gen_v8_0_10".
# 
# ** Warning: (vlib-34) Library already exists at "msim/xil_defaultlib".
# 
# Model Technology ModelSim PE vmap 10.4c Lib Mapping Utility 2015.07 Jul 20 2015
# vmap dist_mem_gen_v8_0_10 msim/dist_mem_gen_v8_0_10 
# Modifying modelsim.ini
# Model Technology ModelSim PE vmap 10.4c Lib Mapping Utility 2015.07 Jul 20 2015
# vmap xil_defaultlib msim/xil_defaultlib 
# Modifying modelsim.ini
# ** Warning: (vlog-159) Mode option -64 is not supported in this context and will be ignored.
# 
# Model Technology ModelSim PE vlog 10.4c Compiler 2015.07 Jul 20 2015
# Start time: 09:21:32 on Dec 24,2025
# vlog -64 -incr -work dist_mem_gen_v8_0_10 ../../../PCPU.ip_user_files/ipstatic/dist_mem_gen_v8_0_10/simulation/dist_mem_gen_v8_0.v 
# -- Skipping module dist_mem_gen_v8_0_10
# 
# Top level modules:
# 	dist_mem_gen_v8_0_10
# End time: 09:21:32 on Dec 24,2025, Elapsed time: 0:00:00
# Errors: 0, Warnings: 1
# ** Warning: (vlog-159) Mode option -64 is not supported in this context and will be ignored.
# 
# Model Technology ModelSim PE vlog 10.4c Compiler 2015.07 Jul 20 2015
# Start time: 09:21:32 on Dec 24,2025
# vlog -64 -incr -work xil_defaultlib ../../../PCPU.srcs/sources_1/ip/dist_mem_gen_0/sim/dist_mem_gen_0.v ../../../PCPU.srcs/sources_1/new/Regfile.v ../../../PCPU.srcs/sources_1/new/Hazard_Unit.v ../../../PCPU.srcs/sources_1/new/ALU.v ../../../PCPU.srcs/sources_1/new/IMEM.v ../../../PCPU.srcs/sources_1/new/DMEM.v ../../../PCPU.srcs/sources_1/new/PCPU.v ../../../PCPU.srcs/sim_1/new/PCPU_tb.v 
# -- Skipping module dist_mem_gen_0
# -- Skipping module RegFile
# -- Skipping module Hazard_Unit
# -- Skipping module ALU
# -- Skipping module IMEM
# -- Skipping module DMEM
# -- Skipping module PCPU
# -- Skipping module PCPU_tb_drop_eggs
# 
# Top level modules:
# 	PCPU_tb_drop_eggs
# End time: 09:21:32 on Dec 24,2025, Elapsed time: 0:00:00
# Errors: 0, Warnings: 1
# Model Technology ModelSim PE vlog 10.4c Compiler 2015.07 Jul 20 2015
# Start time: 09:21:32 on Dec 24,2025
# vlog -work xil_defaultlib glbl.v 
# -- Compiling module glbl
# 
# Top level modules:
# 	glbl
# End time: 09:21:32 on Dec 24,2025, Elapsed time: 0:00:00
# Errors: 0, Warnings: 0
