Vivado Simulator 2016.2
Copyright 1986-1999, 2001-2016 Xilinx, Inc. All Rights Reserved.
Running: D:/Xlinix/Vivado/2016.2/bin/unwrapped/win64.o/xelab.exe -wto c93cdd1f52e241058ad724a3692e5183 --debug typical --relax --mt 2 -L dist_mem_gen_v8_0_10 -L xil_defaultlib -L unisims_ver -L unimacro_ver -L secureip --snapshot PCPU_tb_behav xil_defaultlib.PCPU_tb xil_defaultlib.glbl -log elaborate.log 
Using 2 slave threads.
WARNING: [XSIM 43-3431] One or more environment variables have been detected which affect the operation of the C compiler. These are typically not set in standard installations and are not tested by Xilinx, however they may be appropriate for your system, so the flow will attempt to continue.  If errors occur, try running fuse with the "-mt off -v 1" switches to see more information from the C compiler. The following environment variables have been detected:
Starting static elaboration
Completed static elaboration
Starting simulation data flow analysis
Completed simulation data flow analysis
Time Resolution for simulation is 1ps
Compiling module dist_mem_gen_v8_0_10.dist_mem_gen_v8_0_10(C_FAMILY="a...
Compiling module xil_defaultlib.dist_mem_gen_0
Compiling module xil_defaultlib.IMEM
Compiling module xil_defaultlib.RegFile
Compiling module xil_defaultlib.ALU
Compiling module xil_defaultlib.DMEM
Compiling module xil_defaultlib.Hazard_Unit
Compiling module xil_defaultlib.PCPU
Compiling module xil_defaultlib.PCPU_tb
Compiling module xil_defaultlib.glbl
ERROR: [XSIM 43-3238] Failed to link the design.
