INFO: [VRFC 10-2263] Analyzing Verilog file "D:/vivado_projects/PCPU/PCPU.ip_user_files/ipstatic/dist_mem_gen_v8_0_10/simulation/dist_mem_gen_v8_0.v" into library dist_mem_gen_v8_0_10
INFO: [VRFC 10-311] analyzing module dist_mem_gen_v8_0_10
INFO: [VRFC 10-2263] Analyzing Verilog file "D:/vivado_projects/PCPU/PCPU.srcs/sources_1/ip/dist_mem_gen_0/sim/dist_mem_gen_0.v" into library xil_defaultlib
INFO: [VRFC 10-311] analyzing module dist_mem_gen_0
INFO: [VRFC 10-2263] Analyzing Verilog file "D:/vivado_projects/PCPU/PCPU.srcs/sources_1/new/Regfile.v" into library xil_defaultlib
INFO: [VRFC 10-311] analyzing module RegFile
INFO: [VRFC 10-2263] Analyzing Verilog file "D:/vivado_projects/PCPU/PCPU.srcs/sources_1/new/Hazard_Unit.v" into library xil_defaultlib
INFO: [VRFC 10-311] analyzing module Hazard_Unit
ERROR: [VRFC 10-91] ID_branch is not declared [D:/vivado_projects/PCPU/PCPU.srcs/sources_1/new/Hazard_Unit.v:88]
ERROR: [VRFC 10-91] forward_a is not declared [D:/vivado_projects/PCPU/PCPU.srcs/sources_1/new/Hazard_Unit.v:101]
ERROR: [VRFC 10-91] MEM_WB_reg_write is not declared [D:/vivado_projects/PCPU/PCPU.srcs/sources_1/new/Hazard_Unit.v:103]
ERROR: [VRFC 10-91] MEM_WB_write_reg is not declared [D:/vivado_projects/PCPU/PCPU.srcs/sources_1/new/Hazard_Unit.v:104]
ERROR: [VRFC 10-91] MEM_WB_write_reg is not declared [D:/vivado_projects/PCPU/PCPU.srcs/sources_1/new/Hazard_Unit.v:105]
ERROR: [VRFC 10-91] forward_a is not declared [D:/vivado_projects/PCPU/PCPU.srcs/sources_1/new/Hazard_Unit.v:106]
ERROR: [VRFC 10-91] forward_a is not declared [D:/vivado_projects/PCPU/PCPU.srcs/sources_1/new/Hazard_Unit.v:109]
ERROR: [VRFC 10-91] forward_b is not declared [D:/vivado_projects/PCPU/PCPU.srcs/sources_1/new/Hazard_Unit.v:118]
ERROR: [VRFC 10-91] MEM_WB_reg_write is not declared [D:/vivado_projects/PCPU/PCPU.srcs/sources_1/new/Hazard_Unit.v:120]
ERROR: [VRFC 10-91] MEM_WB_write_reg is not declared [D:/vivado_projects/PCPU/PCPU.srcs/sources_1/new/Hazard_Unit.v:121]
ERROR: [VRFC 10-91] MEM_WB_write_reg is not declared [D:/vivado_projects/PCPU/PCPU.srcs/sources_1/new/Hazard_Unit.v:122]
ERROR: [VRFC 10-91] forward_b is not declared [D:/vivado_projects/PCPU/PCPU.srcs/sources_1/new/Hazard_Unit.v:123]
ERROR: [VRFC 10-91] forward_b is not declared [D:/vivado_projects/PCPU/PCPU.srcs/sources_1/new/Hazard_Unit.v:126]
ERROR: [VRFC 10-91] load_use_hazard is not declared [D:/vivado_projects/PCPU/PCPU.srcs/sources_1/new/Hazard_Unit.v:132]
ERROR: [VRFC 10-91] branch_taken is not declared [D:/vivado_projects/PCPU/PCPU.srcs/sources_1/new/Hazard_Unit.v:144]
ERROR: [VRFC 10-91] load_use_hazard is not declared [D:/vivado_projects/PCPU/PCPU.srcs/sources_1/new/Hazard_Unit.v:149]
ERROR: [VRFC 10-1040] module Hazard_Unit ignored due to previous errors [D:/vivado_projects/PCPU/PCPU.srcs/sources_1/new/Hazard_Unit.v:23]
