# do {_246tb_ex7_tb_compile.do}
# ** Warning: (vlib-34) Library already exists at "work".
# 
# ** Warning: (vlib-34) Library already exists at "msim".
# 
# ** Warning: (vlib-34) Library already exists at "msim/dist_mem_gen_v8_0_10".
# 
# ** Warning: (vlib-34) Library already exists at "msim/xil_defaultlib".
# 
# Model Technology ModelSim PE vmap 10.4c Lib Mapping Utility 2015.07 Jul 20 2015
# vmap dist_mem_gen_v8_0_10 msim/dist_mem_gen_v8_0_10 
# Modifying modelsim.ini
# Model Technology ModelSim PE vmap 10.4c Lib Mapping Utility 2015.07 Jul 20 2015
# vmap xil_defaultlib msim/xil_defaultlib 
# Modifying modelsim.ini
# ** Warning: (vlog-159) Mode option -64 is not supported in this context and will be ignored.
# 
# Model Technology ModelSim PE vlog 10.4c Compiler 2015.07 Jul 20 2015
# Start time: 23:49:22 on Jul 10,2025
# vlog -64 -incr -work dist_mem_gen_v8_0_10 ../../../CPU54.ip_user_files/ipstatic/dist_mem_gen_v8_0_10/simulation/dist_mem_gen_v8_0.v 
# -- Skipping module dist_mem_gen_v8_0_10
# 
# Top level modules:
# 	dist_mem_gen_v8_0_10
# End time: 23:49:22 on Jul 10,2025, Elapsed time: 0:00:00
# Errors: 0, Warnings: 1
# ** Warning: (vlog-159) Mode option -64 is not supported in this context and will be ignored.
# 
# Model Technology ModelSim PE vlog 10.4c Compiler 2015.07 Jul 20 2015
# Start time: 23:49:22 on Jul 10,2025
# vlog -64 -incr -work xil_defaultlib ../../../CPU54.srcs/sources_1/ip/dist_mem_gen_0/sim/dist_mem_gen_0.v ../../../CPU54.srcs/sources_1/new/DMEM.v ../../../CPU54.srcs/sources_1/new/MDU.v ../../../CPU54.srcs/sources_1/new/ALU.v ../../../CPU54.srcs/sources_1/new/Extender.v ../../../CPU54.srcs/sources_1/new/PC.v ../../../CPU54.srcs/sources_1/new/RegFile.v ../../../CPU54.srcs/sources_1/new/MUX.v ../../../CPU54.srcs/sources_1/new/CP0.v ../../../CPU54.srcs/sources_1/new/IMEM.v ../../../CPU54.srcs/sources_1/new/CU.v ../../../CPU54.srcs/sources_1/new/datapath.v ../../../CPU54.srcs/sources_1/new/sccomp_dataflow.v ../../../CPU54.srcs/sim_1/new/testbench_cpu54_multiple.v 
# -- Skipping module dist_mem_gen_0
# -- Skipping module DMEM_with_LDP
# -- Skipping module MDU
# -- Compiling module ALU
# -- Skipping module Extender
# -- Skipping module PC
# -- Skipping module RegFile
# -- Skipping module MUX4
# -- Skipping module MUX5
# -- Skipping module CPO
# -- Skipping module IMEM
# -- Skipping module CU
# -- Skipping module datapath
# -- Skipping module sccomp_dataflow
# -- Skipping module _246tb_ex7_tb
# 
# Top level modules:
# 	_246tb_ex7_tb
# End time: 23:49:22 on Jul 10,2025, Elapsed time: 0:00:00
# Errors: 0, Warnings: 1
# Model Technology ModelSim PE vlog 10.4c Compiler 2015.07 Jul 20 2015
# Start time: 23:49:23 on Jul 10,2025
# vlog -work xil_defaultlib glbl.v 
# -- Compiling module glbl
# 
# Top level modules:
# 	glbl
# End time: 23:49:23 on Jul 10,2025, Elapsed time: 0:00:00
# Errors: 0, Warnings: 0
