# do {_246tb_ex7_tb_simulate.do}
# vsim -voptargs=""+acc"" -L unisims_ver -L unimacro_ver -L secureip -L dist_mem_gen_v8_0_10 -L xil_defaultlib -lib xil_defaultlib xil_defaultlib._246tb_ex7_tb xil_defaultlib.glbl 
# Start time: 23:49:33 on Jul 10,2025
# //  ModelSim PE 10.4c Jul 20 2015 
# //
# //  Copyright 1991-2015 Mentor Graphics Corporation
# //  All Rights Reserved.
# //
# //  THIS WORK CONTAINS TRADE SECRET AND PROPRIETARY INFORMATION
# //  WHICH IS THE PROPERTY OF MENTOR GRAPHICS CORPORATION OR ITS
# //  LICENSORS AND IS SUBJECT TO LICENSE TERMS.
# //  THIS DOCUMENT CONTAINS TRADE SECRETS AND COMMERCIAL OR FINANCIAL
# //  INFORMATION THAT ARE PRIVILEGED, CONFIDENTIAL, AND EXEMPT FROM
# //  DISCLOSURE UNDER THE FREEDOM OF INFORMATION ACT, 5 U.S.C. SECTION 552.
# //  FURTHERMORE, THIS INFORMATION IS PROHIBITED FROM DISCLOSURE UNDER
# //  THE TRADE SECRETS ACT, 18 U.S.C. SECTION 1905.
# //
# Loading xil_defaultlib._246tb_ex7_tb
# Loading xil_defaultlib.sccomp_dataflow
# Loading xil_defaultlib.CU
# Loading xil_defaultlib.datapath
# Loading xil_defaultlib.PC
# Loading xil_defaultlib.IMEM
# Loading xil_defaultlib.dist_mem_gen_0
# Loading dist_mem_gen_v8_0_10.dist_mem_gen_v8_0_10
# Loading xil_defaultlib.RegFile
# Loading xil_defaultlib.ALU
# Loading xil_defaultlib.Extender
# Loading xil_defaultlib.DMEM_with_LDP
# Loading xil_defaultlib.MDU
# Loading xil_defaultlib.CPO
# Loading xil_defaultlib.MUX4
# Loading xil_defaultlib.MUX5
# Loading xil_defaultlib.glbl
# ** Warning: (vsim-3017) ../../../CPU54.srcs/sources_1/new/datapath.v(257): [TFMPC] - Too few port connections. Expected 15, found 14.
#    Time: 0 ps  Iteration: 0  Instance: /_246tb_ex7_tb/uut/sccpu/cp0_inst File: ../../../CPU54.srcs/sources_1/new/CP0.v
# ** Warning: (vsim-3722) ../../../CPU54.srcs/sources_1/new/datapath.v(257): [TFMPC] - Missing connection for port 'timer_int'.
# ** Warning: (vsim-WLF-5000) WLF file currently in use: vsim.wlf
# 
#           File in use by: maoxingbo  Hostname: LAPTOP-V0AHCU9H  ProcessID: 27668
# 
#           Attempting to use alternate WLF file "./wlft9ka10h".
# ** Warning: (vsim-WLF-5001) Could not open WLF file: vsim.wlf
# 
#           Using alternate file: ./wlft9ka10h
# 
# .main_pane.wave.interior.cs.body.pw.wf
# .main_pane.structure.interior.cs.body.struct
# .main_pane.objects.interior.cs.body.tree
# WARNING: This core is supplied with a behavioral model. To model cycle-accurate behavior you # End time: 23:51:17 on Jul 10,2025, Elapsed time: 1:14:21
# Errors: 0, Warnings: 3
line 1320 of file "dist_mem_gen_0.mif". Expected 2048, found 1319.    : ../../../CPU54.ip_user_files/ipstatic/dist_mem_gen_v8_0_10/simulation/dist_mem_gen_v8_0.v(234)
#    Time: 0 ps  Iteration: 0  Instance: /_246tb_ex7_tb/uut/sccpu/imem_inst/Instr_mem/inst
# End time: 23:49:58 on Jul 10,2025, Elapsed time: 0:00:25
# Errors: 0, Warnings: 5
