INFO: [VRFC 10-2263] Analyzing Verilog file "D:/vivado_projects/CPU54/CPU54.ip_user_files/ipstatic/dist_mem_gen_v8_0_10/simulation/dist_mem_gen_v8_0.v" into library dist_mem_gen_v8_0_10
INFO: [VRFC 10-311] analyzing module dist_mem_gen_v8_0_10
INFO: [VRFC 10-2263] Analyzing Verilog file "D:/vivado_projects/CPU54/CPU54.srcs/sources_1/ip/dist_mem_gen_0/sim/dist_mem_gen_0.v" into library xil_defaultlib
INFO: [VRFC 10-311] analyzing module dist_mem_gen_0
INFO: [VRFC 10-2263] Analyzing Verilog file "D:/vivado_projects/CPU54/CPU54.srcs/sources_1/new/DMEM.v" into library xil_defaultlib
INFO: [VRFC 10-311] analyzing module DMEM_with_LDP
INFO: [VRFC 10-2263] Analyzing Verilog file "D:/vivado_projects/CPU54/CPU54.srcs/sources_1/new/MDU.v" into library xil_defaultlib
INFO: [VRFC 10-311] analyzing module MDU
INFO: [VRFC 10-2263] Analyzing Verilog file "D:/vivado_projects/CPU54/CPU54.srcs/sources_1/new/ALU.v" into library xil_defaultlib
INFO: [VRFC 10-311] analyzing module ALU
INFO: [VRFC 10-2263] Analyzing Verilog file "D:/vivado_projects/CPU54/CPU54.srcs/sources_1/new/Extender.v" into library xil_defaultlib
INFO: [VRFC 10-311] analyzing module Extender
INFO: [VRFC 10-2263] Analyzing Verilog file "D:/vivado_projects/CPU54/CPU54.srcs/sources_1/new/PC.v" into library xil_defaultlib
INFO: [VRFC 10-311] analyzing module PC
INFO: [VRFC 10-2263] Analyzing Verilog file "D:/vivado_projects/CPU54/CPU54.srcs/sources_1/new/RegFile.v" into library xil_defaultlib
INFO: [VRFC 10-311] analyzing module RegFile
INFO: [VRFC 10-2263] Analyzing Verilog file "D:/vivado_projects/CPU54/CPU54.srcs/sources_1/new/MUX.v" into library xil_defaultlib
INFO: [VRFC 10-311] analyzing module MUX4
INFO: [VRFC 10-311] analyzing module MUX5
INFO: [VRFC 10-2263] Analyzing Verilog file "D:/vivado_projects/CPU54/CPU54.srcs/sources_1/new/CP0.v" into library xil_defaultlib
INFO: [VRFC 10-311] analyzing module CPO
INFO: [VRFC 10-2263] Analyzing Verilog file "D:/vivado_projects/CPU54/CPU54.srcs/sources_1/new/IMEM.v" into library xil_defaultlib
INFO: [VRFC 10-311] analyzing module IMEM
WARNING: [VRFC 10-2292] extra semicolon is not allowed here in this dialect. Use SystemVerilog mode [D:/vivado_projects/CPU54/CPU54.srcs/sources_1/new/IMEM.v:7]
INFO: [VRFC 10-2263] Analyzing Verilog file "D:/vivado_projects/CPU54/CPU54.srcs/sources_1/new/CU.v" into library xil_defaultlib
INFO: [VRFC 10-311] analyzing module CU
INFO: [VRFC 10-2263] Analyzing Verilog file "D:/vivado_projects/CPU54/CPU54.srcs/sources_1/new/datapath.v" into library xil_defaultlib
INFO: [VRFC 10-311] analyzing module datapath
INFO: [VRFC 10-2263] Analyzing Verilog file "D:/vivado_projects/CPU54/CPU54.srcs/sources_1/new/sccomp_dataflow.v" into library xil_defaultlib
INFO: [VRFC 10-311] analyzing module sccomp_dataflow
INFO: [VRFC 10-2263] Analyzing Verilog file "D:/vivado_projects/CPU54/CPU54.srcs/sim_1/new/testbench_cpu54_multiple.v" into library xil_defaultlib
INFO: [VRFC 10-311] analyzing module _246tb_ex7_tb
INFO: [VRFC 10-2263] Analyzing Verilog file "D:/vivado_projects/CPU54/CPU54.sim/sim_1/behav/glbl.v" into library xil_defaultlib
INFO: [VRFC 10-311] analyzing module glbl
