Unable to capture context for thread 13620 in process 10852, can not generate back trace
Unable to capture context for thread 22904 in process 10852, can not generate back trace
Unable to capture context for thread 4840 in process 10852, can not generate back trace
Exception at PC 0x00007FF9C913FABC
Unable to capture context for thread 13620 in process 10852, can not generate back trace
Unable to capture context for thread 4840 in process 10852, can not generate back trace
Exception at PC 0x00007FF941AFBB93
Printing stacktrace...

Exception at PC 0x00007FF9C913FABC
Exception at PC 0x00007FF9C913FABC
Exception at PC 0x00007FF9C913FABC
Exception at PC 0x00007FF9C913FABC
Exception at PC 0x00007FF9C913FABC
Exception at PC 0x00007FF9C913FABC
Exception at PC 0x00007FF9C913FABC
Exception at PC 0x00007FF9C913FABC
Exception at PC 0x00007FF9C913FABC
Exception at PC 0x00007FF9C913FABC
[0]  [0x00007FF941AFBB93]
[1]  [0x00007FF941AFBB93]
[2]  [0x00007FF941AFB4A1]
[3]  [0x00007FF941AFB3EF]
[4]  [0x00007FF941AE19FE]
[5]  [0x00007FF941AE0ED1]
[6]  [0x00007FF941AE0D76]
[7]  [0x00007FF941A879F6]
[8]  [0x00007FF941A77AFB]
[9]  [0x00007FF941B9E90A]
[10]  [0x00007FF941BB9F87]
[11]  [0x00007FF941BBA05F]
[12] (BaseThreadInitThunk+0x1d) [0x00007FF9CAB4257D]
[13] (RtlUserThreadStart+0x28) [0x00007FF9CBDAAF28]
Done
Exception at PC 0x00007FF9C913FABC
Exception at PC 0x00007FF9C913FABC
Exception at PC 0x00007FF9C913FABC
Exception at PC 0x00007FF9C913FABC
Exception at PC 0x00007FF9C913FABC
Exception at PC 0x00007FF9C913FABC
Exception at PC 0x00007FF9C913FABC
