#-----------------------------------------------------------
# Vivado v2016.2 (64-bit)
# SW Build 1577090 on Thu Jun  2 16:32:40 MDT 2016
# IP Build 1577682 on Fri Jun  3 12:00:54 MDT 2016
# Start of session at: Tue Dec 16 15:00:25 2025
# Process ID: 28080
# Current directory: D:/vivado_projects/DCPU1
# Command line: vivado.exe -gui_launcher_event rodinguilauncherevent33388 D:\vivado_projects\DCPU1\DCPU1.xpr
# Log file: D:/vivado_projects/DCPU1/vivado.log
# Journal file: D:/vivado_projects/DCPU1\vivado.jou
#-----------------------------------------------------------
start_gui
open_project D:/vivado_projects/DCPU1/DCPU1.xpr
Scanning sources...
Finished scanning sources
WARNING: [Project 1-509] GeneratedRun file for 'synth_1' not found
WARNING: [filemgmt 56-3] IPUserFilesDir: Could not find the directory 'D:/vivado_projects/DCPU1/DCPU1.ip_user_files'.
INFO: [IP_Flow 19-234] Refreshing IP repositories
INFO: [IP_Flow 19-1704] No user IP repositories specified
INFO: [IP_Flow 19-2313] Loaded Vivado IP repository 'D:/Xlinix/Vivado/2016.2/data/ip'.
update_compile_order -fileset sources_1
create_ip -name dist_mem_gen -vendor xilinx.com -library ip -version 8.0 -module_name dist_mem_gen_0
set_property -dict [list CONFIG.depth {2048} CONFIG.data_width {32} CONFIG.memory_type {rom} CONFIG.coefficient_file {D:/desktop/verify_optimized2.coe}] [get_ips dist_mem_gen_0]
INFO: [IP_Flow 19-3484] Absolute path of file 'd:/desktop/verify_optimized2.coe' provided. It will be converted relative to IP Instance files '../../../../../../desktop/verify_optimized2.coe'
generate_target {instantiation_template} [get_files d:/vivado_projects/DCPU1/DCPU1.srcs/sources_1/ip/dist_mem_gen_0/dist_mem_gen_0.xci]
INFO: [IP_Flow 19-1686] Generating 'Instantiation Template' target for IP 'dist_mem_gen_0'...
update_compile_order -fileset sources_1
generate_target all [get_files  d:/vivado_projects/DCPU1/DCPU1.srcs/sources_1/ip/dist_mem_gen_0/dist_mem_gen_0.xci]
INFO: [IP_Flow 19-1686] Generating 'Synthesis' target for IP 'dist_mem_gen_0'...
INFO: [IP_Flow 19-1686] Generating 'Simulation' target for IP 'dist_mem_gen_0'...
INFO: [IP_Flow 19-1686] Generating 'Change Log' target for IP 'dist_mem_gen_0'...
export_ip_user_files -of_objects [get_files d:/vivado_projects/DCPU1/DCPU1.srcs/sources_1/ip/dist_mem_gen_0/dist_mem_gen_0.xci] -no_script -force -quiet
create_ip_run [get_files -of_objects [get_fileset sources_1] d:/vivado_projects/DCPU1/DCPU1.srcs/sources_1/ip/dist_mem_gen_0/dist_mem_gen_0.xci]
launch_run -jobs 16 dist_mem_gen_0_synth_1
[Tue Dec 16 15:01:53 2025] Launched dist_mem_gen_0_synth_1...
Run output will be captured here: D:/vivado_projects/DCPU1/DCPU1.runs/dist_mem_gen_0_synth_1/runme.log
export_simulation -of_objects [get_files d:/vivado_projects/DCPU1/DCPU1.srcs/sources_1/ip/dist_mem_gen_0/dist_mem_gen_0.xci] -directory D:/vivado_projects/DCPU1/DCPU1.ip_user_files/sim_scripts -ip_user_files_dir D:/vivado_projects/DCPU1/DCPU1.ip_user_files -ipstatic_source_dir D:/vivado_projects/DCPU1/DCPU1.ip_user_files/ipstatic -force -quiet
launch_runs synth_1 -jobs 16
[Tue Dec 16 15:02:54 2025] Launched synth_1...
Run output will be captured here: D:/vivado_projects/DCPU1/DCPU1.runs/synth_1/runme.log
launch_simulation -install_path D:/win32pe -noclean_dir
INFO: [USF-ModelSim-47] Finding simulator installation...
INFO: [USF-ModelSim-50] Using simulator executables from 'D:/win32pe/vsim.exe'
INFO: [USF-ModelSim-30] Simulation object is 'sim_1'...
INFO: [USF-modelsim-7] Finding pre-compiled libraries...
INFO: [USF-ModelSim-40] Inspecting design source files for 'DCPU_tb' in fileset 'sim_1'...
INFO: [USF-ModelSim-25] Exported 'D:/vivado_projects/DCPU1/DCPU1.sim/sim_1/behav/verify_optimized2.coe'
INFO: [USF-ModelSim-25] Exported 'D:/vivado_projects/DCPU1/DCPU1.sim/sim_1/behav/dist_mem_gen_0.mif'
INFO: [USF-ModelSim-25] Exported 'D:/vivado_projects/DCPU1/DCPU1.sim/sim_1/behav/verify_optimized.coe'
INFO: [USF-ModelSim-25] Exported 'D:/vivado_projects/DCPU1/DCPU1.sim/sim_1/behav/verify_optimized.coe'
INFO: [USF-ModelSim-25] Exported 'D:/vivado_projects/DCPU1/DCPU1.sim/sim_1/behav/verify_optimized1.coe'
INFO: [USF-ModelSim-107] Finding global include files...
INFO: [USF-ModelSim-108] Finding include directories and verilog header directory paths...
INFO: [USF-ModelSim-109] Fetching design files from 'sim_1'...
INFO: [USF-ModelSim-2] ModelSim::Compile design
INFO: [USF-ModelSim-15] Creating automatic 'do' files...
INFO: [USF-ModelSim-69] Executing 'COMPILE and ANALYZE' step in 'D:/vivado_projects/DCPU1/DCPU1.sim/sim_1/behav'
INFO: [Common 17-41] Interrupt caught. Command should exit soon.
INFO: [Common 17-344] 'run_program' was cancelled
INFO: [Vivado 12-4703] 'compile' step aborted
INFO: [Common 17-344] 'launch_simulation' was cancelled
reset_run synth_1
launch_runs synth_1 -jobs 16
[Tue Dec 16 15:03:53 2025] Launched synth_1...
Run output will be captured here: D:/vivado_projects/DCPU1/DCPU1.runs/synth_1/runme.log
reset_target all [get_files  d:/vivado_projects/DCPU1/DCPU1.srcs/sources_1/ip/dist_mem_gen_0/dist_mem_gen_0.xci]
export_ip_user_files -of_objects  [get_files  d:/vivado_projects/DCPU1/DCPU1.srcs/sources_1/ip/dist_mem_gen_0/dist_mem_gen_0.xci] -sync -no_script -force -quiet
delete_ip_run [get_files -of_objects [get_fileset dist_mem_gen_0] d:/vivado_projects/DCPU1/DCPU1.srcs/sources_1/ip/dist_mem_gen_0/dist_mem_gen_0.xci]
INFO: [Project 1-386] Moving file 'd:/vivado_projects/DCPU1/DCPU1.srcs/sources_1/ip/dist_mem_gen_0/dist_mem_gen_0.xci' from fileset 'dist_mem_gen_0' to fileset 'sources_1'.
update_compile_order -fileset sources_1
set_property generate_synth_checkpoint false [get_files  d:/vivado_projects/DCPU1/DCPU1.srcs/sources_1/ip/dist_mem_gen_0/dist_mem_gen_0.xci]
generate_target all [get_files  d:/vivado_projects/DCPU1/DCPU1.srcs/sources_1/ip/dist_mem_gen_0/dist_mem_gen_0.xci]
INFO: [IP_Flow 19-1686] Generating 'Instantiation Template' target for IP 'dist_mem_gen_0'...
INFO: [IP_Flow 19-1686] Generating 'Synthesis' target for IP 'dist_mem_gen_0'...
INFO: [IP_Flow 19-1686] Generating 'Simulation' target for IP 'dist_mem_gen_0'...
INFO: [IP_Flow 19-1686] Generating 'Change Log' target for IP 'dist_mem_gen_0'...
export_ip_user_files -of_objects [get_files d:/vivado_projects/DCPU1/DCPU1.srcs/sources_1/ip/dist_mem_gen_0/dist_mem_gen_0.xci] -no_script -force -quiet
export_simulation -of_objects [get_files d:/vivado_projects/DCPU1/DCPU1.srcs/sources_1/ip/dist_mem_gen_0/dist_mem_gen_0.xci] -directory D:/vivado_projects/DCPU1/DCPU1.ip_user_files/sim_scripts -ip_user_files_dir D:/vivado_projects/DCPU1/DCPU1.ip_user_files -ipstatic_source_dir D:/vivado_projects/DCPU1/DCPU1.ip_user_files/ipstatic -force -quiet
reset_run synth_1
launch_runs synth_1 -jobs 16
[Tue Dec 16 15:05:59 2025] Launched synth_1...
Run output will be captured here: D:/vivado_projects/DCPU1/DCPU1.runs/synth_1/runme.log
exit
INFO: [Common 17-206] Exiting Vivado at Tue Dec 16 15:09:06 2025...
