#-----------------------------------------------------------
# Vivado v2018.3 (64-bit)
# SW Build 2405991 on Thu Dec  6 23:38:27 MST 2018
# IP Build 2404404 on Fri Dec  7 01:43:56 MST 2018
# Start of session at: Fri Apr 10 16:43:28 2026
# Process ID: 5672
# Current directory: D:/desktop/计算机系统实验/实验一/src
# Command line: vivado.exe -mode batch -source D:\vivado_projects\EP1-89Inst\run_tb_all.tcl
# Log file: D:/desktop/计算机系统实验/实验一/src/vivado.log
# Journal file: D:/desktop/计算机系统实验/实验一/src\vivado.jou
#-----------------------------------------------------------
source {D:\vivado_projects\EP1-89Inst\run_tb_all.tcl}
# open_project D:/vivado_projects/EP1-89Inst/EP1-89Inst.xpr
Scanning sources...
Finished scanning sources
INFO: [IP_Flow 19-234] Refreshing IP repositories
INFO: [IP_Flow 19-1704] No user IP repositories specified
INFO: [IP_Flow 19-2313] Loaded Vivado IP repository 'D:/Vivado2018/Vivado/2018.3/data/ip'.
# set env(LIBRARY_PATH) ""
# set_property top tb_top_board [get_filesets sim_1]
# update_compile_order -fileset sim_1
# launch_simulation -simset sim_1 -mode behavioral
INFO: [Vivado 12-5698] Checking validity of IPs in the design for the 'XSim' simulator...
INFO: [Vivado 12-5682] Launching behavioral simulation in 'D:/vivado_projects/EP1-89Inst/EP1-89Inst.sim/sim_1/behav/xsim'
INFO: [Vivado 12-4795] Using compiled simulation libraries for IPs
INFO: [SIM-utils-51] Simulation object is 'sim_1'
INFO: [USF-XSim-7] Finding pre-compiled libraries...
INFO: [USF-XSim-11] File 'D:/Vivado2018/Vivado/2018.3/data/xsim/xsim.ini' copied to run dir:'D:/vivado_projects/EP1-89Inst/EP1-89Inst.sim/sim_1/behav/xsim'
INFO: [SIM-utils-54] Inspecting design source files for 'tb_top_board' in fileset 'sim_1'...
INFO: [SIM-utils-43] Exported 'D:/vivado_projects/EP1-89Inst/EP1-89Inst.sim/sim_1/behav/xsim/dist_mem_gen_0.mif'
INFO: [SIM-utils-43] Exported 'D:/vivado_projects/EP1-89Inst/EP1-89Inst.sim/sim_1/behav/xsim/program.coe'
INFO: [USF-XSim-97] Finding global include files...
INFO: [USF-XSim-98] Fetching design files from 'sim_1'...
INFO: [USF-XSim-2] XSim::Compile design
INFO: [USF-XSim-61] Executing 'COMPILE and ANALYZE' step in 'D:/vivado_projects/EP1-89Inst/EP1-89Inst.sim/sim_1/behav/xsim'
"xvlog --incr --relax -prj tb_top_board_vlog.prj"
INFO: [VRFC 10-2263] Analyzing Verilog file "D:/vivado_projects/EP1-89Inst/EP1-89Inst.srcs/sources_1/ip/dist_mem_gen_0/sim/dist_mem_gen_0.v" into library xil_defaultlib
INFO: [VRFC 10-311] analyzing module dist_mem_gen_0
INFO: [VRFC 10-2263] Analyzing Verilog file "D:/vivado_projects/EP1-89Inst/EP1-89Inst.srcs/sources_1/new/ALU.v" into library xil_defaultlib
INFO: [VRFC 10-311] analyzing module ALU
INFO: [VRFC 10-2263] Analyzing Verilog file "D:/vivado_projects/EP1-89Inst/EP1-89Inst.srcs/sources_1/new/CP0.v" into library xil_defaultlib
INFO: [VRFC 10-311] analyzing module CPO
INFO: [VRFC 10-2263] Analyzing Verilog file "D:/vivado_projects/EP1-89Inst/EP1-89Inst.srcs/sources_1/new/Controller.v" into library xil_defaultlib
INFO: [VRFC 10-311] analyzing module Controller
INFO: [VRFC 10-2263] Analyzing Verilog file "D:/vivado_projects/EP1-89Inst/EP1-89Inst.srcs/sources_1/new/DCPU.v" into library xil_defaultlib
INFO: [VRFC 10-311] analyzing module DCPU
INFO: [VRFC 10-2263] Analyzing Verilog file "D:/vivado_projects/EP1-89Inst/EP1-89Inst.srcs/sources_1/new/DMEM.v" into library xil_defaultlib
INFO: [VRFC 10-311] analyzing module DMEM
INFO: [VRFC 10-2263] Analyzing Verilog file "D:/vivado_projects/EP1-89Inst/EP1-89Inst.srcs/sources_1/new/Divider.v" into library xil_defaultlib
INFO: [VRFC 10-311] analyzing module Divider
INFO: [VRFC 10-2263] Analyzing Verilog file "D:/vivado_projects/EP1-89Inst/EP1-89Inst.srcs/sources_1/new/ForwardUnit.v" into library xil_defaultlib
INFO: [VRFC 10-311] analyzing module ForwardUnit
INFO: [VRFC 10-2263] Analyzing Verilog file "D:/vivado_projects/EP1-89Inst/EP1-89Inst.srcs/sources_1/new/HazardUnit.v" into library xil_defaultlib
INFO: [VRFC 10-311] analyzing module HazardUnit
INFO: [VRFC 10-2263] Analyzing Verilog file "D:/vivado_projects/EP1-89Inst/EP1-89Inst.srcs/sources_1/new/IMEM.v" into library xil_defaultlib
INFO: [VRFC 10-311] analyzing module IMEM
INFO: [VRFC 10-2263] Analyzing Verilog file "D:/vivado_projects/EP1-89Inst/EP1-89Inst.srcs/sources_1/new/MDU.v" into library xil_defaultlib
INFO: [VRFC 10-311] analyzing module MDU
INFO: [VRFC 10-2263] Analyzing Verilog file "D:/vivado_projects/EP1-89Inst/EP1-89Inst.srcs/sources_1/new/RegFile.v" into library xil_defaultlib
INFO: [VRFC 10-311] analyzing module RegFile
INFO: [VRFC 10-2263] Analyzing Verilog file "D:/vivado_projects/EP1-89Inst/EP1-89Inst.srcs/sources_1/new/seg7x16.v" into library xil_defaultlib
INFO: [VRFC 10-311] analyzing module seg7x16
INFO: [VRFC 10-2263] Analyzing Verilog file "D:/vivado_projects/EP1-89Inst/EP1-89Inst.srcs/sources_1/new/top_borad.v" into library xil_defaultlib
INFO: [VRFC 10-311] analyzing module top_board
INFO: [VRFC 10-2263] Analyzing Verilog file "D:/vivado_projects/EP1-89Inst/EP1-89Inst.srcs/sim_1/new/tb_top_board.v" into library xil_defaultlib
INFO: [VRFC 10-311] analyzing module tb_top_board
INFO: [VRFC 10-2263] Analyzing Verilog file "D:/vivado_projects/EP1-89Inst/EP1-89Inst.sim/sim_1/behav/xsim/glbl.v" into library xil_defaultlib
INFO: [VRFC 10-311] analyzing module glbl
INFO: [USF-XSim-69] 'compile' step finished in '1' seconds
INFO: [USF-XSim-3] XSim::Elaborate design
INFO: [USF-XSim-61] Executing 'ELABORATE' step in 'D:/vivado_projects/EP1-89Inst/EP1-89Inst.sim/sim_1/behav/xsim'
Vivado Simulator 2018.3
Copyright 1986-1999, 2001-2018 Xilinx, Inc. All Rights Reserved.
Running: D:/Vivado2018/Vivado/2018.3/bin/unwrapped/win64.o/xelab.exe -wto 2ad0141525de42b193fbb18114bf2215 --incr --debug typical --relax --mt 2 -L dist_mem_gen_v8_0_12 -L xil_defaultlib -L unisims_ver -L unimacro_ver -L secureip -L xpm --snapshot tb_top_board_behav xil_defaultlib.tb_top_board xil_defaultlib.glbl -log elaborate.log 
Using 2 slave threads.
Starting static elaboration
Completed static elaboration
Starting simulation data flow analysis
Completed simulation data flow analysis
Time Resolution for simulation is 1ps
Compiling module xil_defaultlib.Divider
Compiling module dist_mem_gen_v8_0_12.dist_mem_gen_v8_0_12(C_FAMILY="a...
Compiling module xil_defaultlib.dist_mem_gen_0
Compiling module xil_defaultlib.IMEM
Compiling module xil_defaultlib.Controller
Compiling module xil_defaultlib.ALU
Compiling module xil_defaultlib.MDU
Compiling module xil_defaultlib.DMEM
Compiling module xil_defaultlib.CPO
Compiling module xil_defaultlib.RegFile
Compiling module xil_defaultlib.ForwardUnit
Compiling module xil_defaultlib.HazardUnit
Compiling module xil_defaultlib.DCPU
Compiling module xil_defaultlib.seg7x16
Compiling module xil_defaultlib.top_board
Compiling module xil_defaultlib.tb_top_board
Compiling module xil_defaultlib.glbl
Built simulation snapshot tb_top_board_behav

****** Webtalk v2018.3 (64-bit)
  **** SW Build 2405991 on Thu Dec  6 23:38:27 MST 2018
  **** IP Build 2404404 on Fri Dec  7 01:43:56 MST 2018
    ** Copyright 1986-2018 Xilinx, Inc. All Rights Reserved.

source D:/vivado_projects/EP1-89Inst/EP1-89Inst.sim/sim_1/behav/xsim/xsim.dir/tb_top_board_behav/webtalk/xsim_webtalk.tcl -notrace
INFO: [Common 17-206] Exiting Webtalk at Fri Apr 10 16:43:42 2026...
INFO: [USF-XSim-69] 'elaborate' step finished in '4' seconds
INFO: [USF-XSim-4] XSim::Simulate design
INFO: [USF-XSim-61] Executing 'SIMULATE' step in 'D:/vivado_projects/EP1-89Inst/EP1-89Inst.sim/sim_1/behav/xsim'
INFO: [USF-XSim-98] *** Running xsim
   with args "tb_top_board_behav -key {Behavioral:sim_1:Functional:tb_top_board} -tclbatch {tb_top_board.tcl} -log {simulate.log}"
INFO: [USF-XSim-8] Loading simulator feature
Vivado Simulator 2018.3
Time resolution is 1 ps
source tb_top_board.tcl
## current_wave_config
WARNING: This core is supplied with a behavioral model. To model cycle-accurate behavior you must run timing simulation.
TB_INFO: success marker detected, ANSCODE=00000001, PC=004001bc, cycle=3778
TB_INFO: timer interrupt observed, ANSCODE changed 00000001 -> 00010001
TB_PASS: all 11 test functions passed, final ANSCODE=00010001, PC=004000e4
$finish called at time : 40385 ns : File "D:/vivado_projects/EP1-89Inst/EP1-89Inst.srcs/sim_1/new/tb_top_board.v" Line 157
INFO: [USF-XSim-96] XSim completed. Design snapshot 'tb_top_board_behav' loaded.
INFO: [USF-XSim-97] XSim simulation ran for 50000ns
launch_simulation: Time (s): cpu = 00:00:00 ; elapsed = 00:00:07 . Memory (MB): peak = 299.543 ; gain = 16.766
# run all
