#-----------------------------------------------------------
# Vivado v2018.3 (64-bit)
# SW Build 2405991 on Thu Dec  6 23:38:27 MST 2018
# IP Build 2404404 on Fri Dec  7 01:43:56 MST 2018
# Start of session at: Fri Apr 10 17:29:37 2026
# Process ID: 27128
# Current directory: D:/desktop/计算机系统实验/实验一/src
# Command line: vivado.exe -mode batch -source D:\vivado_projects\EP1-89Inst\run_impl_check.tcl
# Log file: D:/desktop/计算机系统实验/实验一/src/vivado.log
# Journal file: D:/desktop/计算机系统实验/实验一/src\vivado.jou
#-----------------------------------------------------------
source {D:\vivado_projects\EP1-89Inst\run_impl_check.tcl}
# open_project D:/vivado_projects/EP1-89Inst/EP1-89Inst.xpr
Scanning sources...
Finished scanning sources
INFO: [IP_Flow 19-234] Refreshing IP repositories
INFO: [IP_Flow 19-1704] No user IP repositories specified
INFO: [IP_Flow 19-2313] Loaded Vivado IP repository 'D:/Vivado2018/Vivado/2018.3/data/ip'.
# reset_run impl_1
# launch_runs impl_1 -to_step write_bitstream -jobs 8
[Fri Apr 10 17:29:42 2026] Launched impl_1...
Run output will be captured here: D:/vivado_projects/EP1-89Inst/EP1-89Inst.runs/impl_1/runme.log
# wait_on_run impl_1
[Fri Apr 10 17:29:42 2026] Waiting for impl_1 to finish...

*** Running vivado
    with args -log top_board.vdi -applog -m64 -product Vivado -messageDb vivado.pb -mode batch -source top_board.tcl -notrace


****** Vivado v2018.3 (64-bit)
  **** SW Build 2405991 on Thu Dec  6 23:38:27 MST 2018
  **** IP Build 2404404 on Fri Dec  7 01:43:56 MST 2018
    ** Copyright 1986-2018 Xilinx, Inc. All Rights Reserved.

source top_board.tcl -notrace
Command: link_design -top top_board -part xc7a100tcsg324-1
Design is defaulting to srcset: sources_1
Design is defaulting to constrset: constrs_1
INFO: [Project 1-454] Reading design checkpoint 'd:/vivado_projects/EP1-89Inst/EP1-89Inst.srcs/sources_1/ip/dist_mem_gen_0/dist_mem_gen_0.dcp' for cell 'cpu/imem/Instr_mem'
INFO: [Netlist 29-17] Analyzing 2833 Unisim elements for replacement
INFO: [Netlist 29-28] Unisim Transformation completed in 0 CPU seconds
INFO: [Project 1-479] Netlist was created with Vivado 2018.3
INFO: [Device 21-403] Loading part xc7a100tcsg324-1
INFO: [Project 1-570] Preparing netlist for logic optimization
Parsing XDC File [D:/vivado_projects/EP1-89Inst/EP1-89Inst.srcs/constrs_1/new/DCPU.xdc]
Finished Parsing XDC File [D:/vivado_projects/EP1-89Inst/EP1-89Inst.srcs/constrs_1/new/DCPU.xdc]
INFO: [Opt 31-138] Pushed 0 inverter(s) to 0 load pin(s).
Netlist sorting complete. Time (s): cpu = 00:00:00 ; elapsed = 00:00:00.002 . Memory (MB): peak = 678.320 ; gain = 0.000
INFO: [Project 1-111] Unisim Transformation Summary:
No Unisim elements were transformed.

8 Infos, 0 Warnings, 0 Critical Warnings and 0 Errors encountered.
link_design completed successfully
link_design: Time (s): cpu = 00:00:04 ; elapsed = 00:00:06 . Memory (MB): peak = 678.320 ; gain = 396.238
Command: opt_design
Attempting to get a license for feature 'Implementation' and/or device 'xc7a100t'
INFO: [Common 17-349] Got license for feature 'Implementation' and/or device 'xc7a100t'
Running DRC as a precondition to command opt_design

Starting DRC Task
INFO: [DRC 23-27] Running DRC with 2 threads
INFO: [Project 1-461] DRC finished with 0 Errors
INFO: [Project 1-462] Please refer to the DRC report (report_drc) for more information.

Time (s): cpu = 00:00:01 ; elapsed = 00:00:00.370 . Memory (MB): peak = 679.730 ; gain = 1.410

Starting Cache Timing Information Task
INFO: [Timing 38-35] Done setting XDC timing constraints.
Ending Cache Timing Information Task | Checksum: 2b8304ccc

Time (s): cpu = 00:00:05 ; elapsed = 00:00:05 . Memory (MB): peak = 1248.523 ; gain = 568.793

Starting Logic Optimization Task

Phase 1 Retarget
INFO: [Opt 31-138] Pushed 0 inverter(s) to 0 load pin(s).
INFO: [Opt 31-49] Retargeted 0 cell(s).
Phase 1 Retarget | Checksum: 1da5a7f50

Time (s): cpu = 00:00:01 ; elapsed = 00:00:00.573 . Memory (MB): peak = 1343.574 ; gain = 0.109
INFO: [Opt 31-389] Phase Retarget created 0 cells and removed 15 cells

Phase 2 Constant propagation
INFO: [Opt 31-138] Pushed 0 inverter(s) to 0 load pin(s).
Phase 2 Constant propagation | Checksum: 1fb7151a9

Time (s): cpu = 00:00:01 ; elapsed = 00:00:00.709 . Memory (MB): peak = 1343.574 ; gain = 0.109
INFO: [Opt 31-389] Phase Constant propagation created 0 cells and removed 0 cells

Phase 3 Sweep
Phase 3 Sweep | Checksum: 1cf2f1431

Time (s): cpu = 00:00:01 ; elapsed = 00:00:00.922 . Memory (MB): peak = 1343.574 ; gain = 0.109
INFO: [Opt 31-389] Phase Sweep created 0 cells and removed 0 cells

Phase 4 BUFG optimization
Phase 4 BUFG optimization | Checksum: 1cf2f1431

Time (s): cpu = 00:00:01 ; elapsed = 00:00:01 . Memory (MB): peak = 1343.574 ; gain = 0.109
INFO: [Opt 31-662] Phase BUFG optimization created 0 cells of which 0 are BUFGs and removed 0 cells.

Phase 5 Shift Register Optimization
Phase 5 Shift Register Optimization | Checksum: 20dd5659c

Time (s): cpu = 00:00:02 ; elapsed = 00:00:02 . Memory (MB): peak = 1343.574 ; gain = 0.109
INFO: [Opt 31-389] Phase Shift Register Optimization created 0 cells and removed 0 cells

Phase 6 Post Processing Netlist
Phase 6 Post Processing Netlist | Checksum: 20dd5659c

Time (s): cpu = 00:00:02 ; elapsed = 00:00:02 . Memory (MB): peak = 1343.574 ; gain = 0.109
INFO: [Opt 31-389] Phase Post Processing Netlist created 0 cells and removed 0 cells
Opt_design Change Summary
=========================


-------------------------------------------------------------------------------------------------------------------------
|  Phase                        |  #Cells created  |  #Cells Removed  |  #Constrained objects preventing optimizations  |
-------------------------------------------------------------------------------------------------------------------------
|  Retarget                     |               0  |              15  |                                              0  |
|  Constant propagation         |               0  |               0  |                                              0  |
|  Sweep                        |               0  |               0  |                                              0  |
|  BUFG optimization            |               0  |               0  |                                              0  |
|  Shift Register Optimization  |               0  |               0  |                                              0  |
|  Post Processing Netlist      |               0  |               0  |                                              0  |
-------------------------------------------------------------------------------------------------------------------------



Starting Connectivity Check Task

Time (s): cpu = 00:00:00 ; elapsed = 00:00:00.022 . Memory (MB): peak = 1343.574 ; gain = 0.000
Ending Logic Optimization Task | Checksum: 20dd5659c

Time (s): cpu = 00:00:02 ; elapsed = 00:00:02 . Memory (MB): peak = 1343.574 ; gain = 0.109

Starting Power Optimization Task
INFO: [Pwropt 34-132] Skipping clock gating for clocks with a period < 2.00 ns.
Ending Power Optimization Task | Checksum: 20dd5659c

Time (s): cpu = 00:00:00 ; elapsed = 00:00:00.011 . Memory (MB): peak = 1343.574 ; gain = 0.000

Starting Final Cleanup Task
Ending Final Cleanup Task | Checksum: 20dd5659c

Time (s): cpu = 00:00:00 ; elapsed = 00:00:00 . Memory (MB): peak = 1343.574 ; gain = 0.000

Starting Netlist Obfuscation Task
Netlist sorting complete. Time (s): cpu = 00:00:00 ; elapsed = 00:00:00.002 . Memory (MB): peak = 1343.574 ; gain = 0.000
Ending Netlist Obfuscation Task | Checksum: 20dd5659c

Time (s): cpu = 00:00:00 ; elapsed = 00:00:00.002 . Memory (MB): peak = 1343.574 ; gain = 0.000
INFO: [Common 17-83] Releasing license: Implementation
24 Infos, 0 Warnings, 0 Critical Warnings and 0 Errors encountered.
opt_design completed successfully
opt_design: Time (s): cpu = 00:00:08 ; elapsed = 00:00:08 . Memory (MB): peak = 1343.574 ; gain = 665.254
Netlist sorting complete. Time (s): cpu = 00:00:00 ; elapsed = 00:00:00.002 . Memory (MB): peak = 1343.574 ; gain = 0.000
INFO: [Timing 38-480] Writing timing data to binary archive.
Writing placer database...
Writing XDEF routing.
Writing XDEF routing logical nets.
Writing XDEF routing special nets.
Write XDEF Complete: Time (s): cpu = 00:00:00 ; elapsed = 00:00:00.018 . Memory (MB): peak = 1343.574 ; gain = 0.000
Netlist sorting complete. Time (s): cpu = 00:00:00 ; elapsed = 00:00:00.002 . Memory (MB): peak = 1343.574 ; gain = 0.000
INFO: [Common 17-1381] The checkpoint 'D:/vivado_projects/EP1-89Inst/EP1-89Inst.runs/impl_1/top_board_opt.dcp' has been generated.
INFO: [runtcl-4] Executing : report_drc -file top_board_drc_opted.rpt -pb top_board_drc_opted.pb -rpx top_board_drc_opted.rpx
Command: report_drc -file top_board_drc_opted.rpt -pb top_board_drc_opted.pb -rpx top_board_drc_opted.rpx
INFO: [IP_Flow 19-1839] IP Catalog is up to date.
INFO: [DRC 23-27] Running DRC with 2 threads
INFO: [Coretcl 2-168] The results of DRC are in file D:/vivado_projects/EP1-89Inst/EP1-89Inst.runs/impl_1/top_board_drc_opted.rpt.
report_drc completed successfully
Command: place_design
Attempting to get a license for feature 'Implementation' and/or device 'xc7a100t'
INFO: [Common 17-349] Got license for feature 'Implementation' and/or device 'xc7a100t'
INFO: [DRC 23-27] Running DRC with 2 threads
INFO: [Vivado_Tcl 4-198] DRC finished with 0 Errors
INFO: [Vivado_Tcl 4-199] Please refer to the DRC report (report_drc) for more information.
Running DRC as a precondition to command place_design
INFO: [DRC 23-27] Running DRC with 2 threads
INFO: [Vivado_Tcl 4-198] DRC finished with 0 Errors
INFO: [Vivado_Tcl 4-199] Please refer to the DRC report (report_drc) for more information.

Starting Placer Task
INFO: [Place 30-611] Multithreading enabled for place_design using a maximum of 2 CPUs

Phase 1 Placer Initialization

Phase 1.1 Placer Initialization Netlist Sorting
Netlist sorting complete. Time (s): cpu = 00:00:00 ; elapsed = 00:00:00.002 . Memory (MB): peak = 1343.574 ; gain = 0.000
Phase 1.1 Placer Initialization Netlist Sorting | Checksum: 14d51443e

Time (s): cpu = 00:00:00 ; elapsed = 00:00:00.006 . Memory (MB): peak = 1343.574 ; gain = 0.000
Netlist sorting complete. Time (s): cpu = 00:00:00 ; elapsed = 00:00:00.002 . Memory (MB): peak = 1343.574 ; gain = 0.000

Phase 1.2 IO Placement/ Clock Placement/ Build Placer Device
INFO: [Timing 38-35] Done setting XDC timing constraints.
Phase 1.2 IO Placement/ Clock Placement/ Build Placer Device | Checksum: 17e9a7125

Time (s): cpu = 00:00:02 ; elapsed = 00:00:01 . Memory (MB): peak = 1343.574 ; gain = 0.000

Phase 1.3 Build Placer Netlist Model
Phase 1.3 Build Placer Netlist Model | Checksum: 20ec8ef2b

Time (s): cpu = 00:00:05 ; elapsed = 00:00:03 . Memory (MB): peak = 1419.449 ; gain = 75.875

Phase 1.4 Constrain Clocks/Macros
Phase 1.4 Constrain Clocks/Macros | Checksum: 20ec8ef2b

Time (s): cpu = 00:00:05 ; elapsed = 00:00:03 . Memory (MB): peak = 1419.449 ; gain = 75.875
Phase 1 Placer Initialization | Checksum: 20ec8ef2b

Time (s): cpu = 00:00:05 ; elapsed = 00:00:03 . Memory (MB): peak = 1419.449 ; gain = 75.875

Phase 2 Global Placement

Phase 2.1 Floorplanning
Phase 2.1 Floorplanning | Checksum: 23117da74

Time (s): cpu = 00:00:05 ; elapsed = 00:00:03 . Memory (MB): peak = 1419.449 ; gain = 75.875

Phase 2.2 Physical Synthesis In Placer
INFO: [Physopt 32-65] No nets found for high-fanout optimization.
INFO: [Physopt 32-232] Optimized 0 net. Created 0 new instance.
INFO: [Physopt 32-775] End 1 Pass. Optimized 0 net or cell. Created 0 new cell, deleted 0 existing cell and moved 0 existing cell
INFO: [Physopt 32-670] No setup violation found.  DSP Register Optimization was not performed.
INFO: [Physopt 32-670] No setup violation found.  Shift Register Optimization was not performed.
INFO: [Physopt 32-670] No setup violation found.  BRAM Register Optimization was not performed.
INFO: [Physopt 32-949] No candidate nets found for HD net replication
INFO: [Physopt 32-775] End 1 Pass. Optimized 0 net or cell. Created 0 new cell, deleted 0 existing cell and moved 0 existing cell
Netlist sorting complete. Time (s): cpu = 00:00:00 ; elapsed = 00:00:00.003 . Memory (MB): peak = 1419.449 ; gain = 0.000

Summary of Physical Synthesis Optimizations
============================================


----------------------------------------------------------------------------------------------------------------------------------------
|  Optimization                  |  Added Cells  |  Removed Cells  |  Optimized Cells/Nets  |  Dont Touch  |  Iterations  |  Elapsed   |
----------------------------------------------------------------------------------------------------------------------------------------
|  Very High Fanout              |            0  |              0  |                     0  |           0  |           1  |  00:00:00  |
|  DSP Register                  |            0  |              0  |                     0  |           0  |           0  |  00:00:00  |
|  Shift Register                |            0  |              0  |                     0  |           0  |           0  |  00:00:00  |
|  BRAM Register                 |            0  |              0  |                     0  |           0  |           0  |  00:00:00  |
|  HD Interface Net Replication  |            0  |              0  |                     0  |           0  |           1  |  00:00:00  |
|  Total                         |            0  |              0  |                     0  |           0  |           2  |  00:00:00  |
----------------------------------------------------------------------------------------------------------------------------------------


Phase 2.2 Physical Synthesis In Placer | Checksum: 2083a37f2

Time (s): cpu = 00:00:14 ; elapsed = 00:00:11 . Memory (MB): peak = 1419.449 ; gain = 75.875
Phase 2 Global Placement | Checksum: 1888f486e

Time (s): cpu = 00:00:14 ; elapsed = 00:00:11 . Memory (MB): peak = 1419.449 ; gain = 75.875

Phase 3 Detail Placement

Phase 3.1 Commit Multi Column Macros
Phase 3.1 Commit Multi Column Macros | Checksum: 1888f486e

Time (s): cpu = 00:00:14 ; elapsed = 00:00:11 . Memory (MB): peak = 1419.449 ; gain = 75.875

Phase 3.2 Commit Most Macros & LUTRAMs
Phase 3.2 Commit Most Macros & LUTRAMs | Checksum: 1cd311870

Time (s): cpu = 00:00:15 ; elapsed = 00:00:11 . Memory (MB): peak = 1419.449 ; gain = 75.875

Phase 3.3 Area Swap Optimization
Phase 3.3 Area Swap Optimization | Checksum: 279a9cedf

Time (s): cpu = 00:00:15 ; elapsed = 00:00:12 . Memory (MB): peak = 1419.449 ; gain = 75.875

Phase 3.4 Pipeline Register Optimization
Phase 3.4 Pipeline Register Optimization | Checksum: 22f8ba485

Time (s): cpu = 00:00:15 ; elapsed = 00:00:12 . Memory (MB): peak = 1419.449 ; gain = 75.875

Phase 3.5 Fast Optimization
Phase 3.5 Fast Optimization | Checksum: 20b55d0a4

Time (s): cpu = 00:00:16 ; elapsed = 00:00:13 . Memory (MB): peak = 1419.449 ; gain = 75.875

Phase 3.6 Small Shape Detail Placement
Phase 3.6 Small Shape Detail Placement | Checksum: 232a58964

Time (s): cpu = 00:00:20 ; elapsed = 00:00:16 . Memory (MB): peak = 1419.449 ; gain = 75.875

Phase 3.7 Re-assign LUT pins
Phase 3.7 Re-assign LUT pins | Checksum: 1d3c2d2b6

Time (s): cpu = 00:00:21 ; elapsed = 00:00:17 . Memory (MB): peak = 1419.449 ; gain = 75.875

Phase 3.8 Pipeline Register Optimization
Phase 3.8 Pipeline Register Optimization | Checksum: 18ce3288c

Time (s): cpu = 00:00:21 ; elapsed = 00:00:17 . Memory (MB): peak = 1419.449 ; gain = 75.875

Phase 3.9 Fast Optimization
Phase 3.9 Fast Optimization | Checksum: 1bca99689

Time (s): cpu = 00:00:23 ; elapsed = 00:00:18 . Memory (MB): peak = 1419.449 ; gain = 75.875
Phase 3 Detail Placement | Checksum: 1bca99689

Time (s): cpu = 00:00:23 ; elapsed = 00:00:18 . Memory (MB): peak = 1419.449 ; gain = 75.875

Phase 4 Post Placement Optimization and Clean-Up

Phase 4.1 Post Commit Optimization
INFO: [Timing 38-35] Done setting XDC timing constraints.

Phase 4.1.1 Post Placement Optimization
Post Placement Optimization Initialization | Checksum: 98548153

Phase 4.1.1.1 BUFG Insertion
INFO: [Place 46-33] Processed net rst_IBUF, BUFG insertion was skipped due to placement/routing conflicts.
INFO: [Place 46-46] BUFG insertion identified 1 candidate nets, 0 success, 0 bufg driver replicated, 1 skipped for placement/routing, 0 skipped for timing, 0 skipped for netlist change reason
Phase 4.1.1.1 BUFG Insertion | Checksum: 98548153

Time (s): cpu = 00:00:26 ; elapsed = 00:00:21 . Memory (MB): peak = 1452.770 ; gain = 109.195
INFO: [Place 30-746] Post Placement Timing Summary WNS=0.694. For the most accurate timing information please run report_timing.
Phase 4.1.1 Post Placement Optimization | Checksum: 17fa15cad

Time (s): cpu = 00:00:27 ; elapsed = 00:00:21 . Memory (MB): peak = 1452.770 ; gain = 109.195
Phase 4.1 Post Commit Optimization | Checksum: 17fa15cad

Time (s): cpu = 00:00:27 ; elapsed = 00:00:22 . Memory (MB): peak = 1452.770 ; gain = 109.195

Phase 4.2 Post Placement Cleanup
Phase 4.2 Post Placement Cleanup | Checksum: 17fa15cad

Time (s): cpu = 00:00:27 ; elapsed = 00:00:22 . Memory (MB): peak = 1452.770 ; gain = 109.195

Phase 4.3 Placer Reporting
Phase 4.3 Placer Reporting | Checksum: 17fa15cad

Time (s): cpu = 00:00:27 ; elapsed = 00:00:22 . Memory (MB): peak = 1452.770 ; gain = 109.195

Phase 4.4 Final Placement Cleanup
Netlist sorting complete. Time (s): cpu = 00:00:00 ; elapsed = 00:00:00.003 . Memory (MB): peak = 1452.770 ; gain = 0.000
Phase 4.4 Final Placement Cleanup | Checksum: 18fe0cb5a

Time (s): cpu = 00:00:27 ; elapsed = 00:00:22 . Memory (MB): peak = 1452.770 ; gain = 109.195
Phase 4 Post Placement Optimization and Clean-Up | Checksum: 18fe0cb5a

Time (s): cpu = 00:00:27 ; elapsed = 00:00:22 . Memory (MB): peak = 1452.770 ; gain = 109.195
Ending Placer Task | Checksum: b216747a

Time (s): cpu = 00:00:27 ; elapsed = 00:00:22 . Memory (MB): peak = 1452.770 ; gain = 109.195
INFO: [Common 17-83] Releasing license: Implementation
52 Infos, 0 Warnings, 0 Critical Warnings and 0 Errors encountered.
place_design completed successfully
place_design: Time (s): cpu = 00:00:28 ; elapsed = 00:00:23 . Memory (MB): peak = 1452.770 ; gain = 109.195
Netlist sorting complete. Time (s): cpu = 00:00:00 ; elapsed = 00:00:00.002 . Memory (MB): peak = 1452.770 ; gain = 0.000
INFO: [Timing 38-480] Writing timing data to binary archive.
Writing placer database...
Netlist sorting complete. Time (s): cpu = 00:00:00 ; elapsed = 00:00:00.002 . Memory (MB): peak = 1454.754 ; gain = 0.000
Writing XDEF routing.
Writing XDEF routing logical nets.
Writing XDEF routing special nets.
Write XDEF Complete: Time (s): cpu = 00:00:03 ; elapsed = 00:00:01 . Memory (MB): peak = 1454.754 ; gain = 1.984
INFO: [Common 17-1381] The checkpoint 'D:/vivado_projects/EP1-89Inst/EP1-89Inst.runs/impl_1/top_board_placed.dcp' has been generated.
INFO: [runtcl-4] Executing : report_io -file top_board_io_placed.rpt
report_io: Time (s): cpu = 00:00:00 ; elapsed = 00:00:00.023 . Memory (MB): peak = 1454.754 ; gain = 0.000
INFO: [runtcl-4] Executing : report_utilization -file top_board_utilization_placed.rpt -pb top_board_utilization_placed.pb
INFO: [runtcl-4] Executing : report_control_sets -verbose -file top_board_control_sets_placed.rpt
report_control_sets: Time (s): cpu = 00:00:00 ; elapsed = 00:00:00.038 . Memory (MB): peak = 1454.754 ; gain = 0.000
Command: route_design
Attempting to get a license for feature 'Implementation' and/or device 'xc7a100t'
INFO: [Common 17-349] Got license for feature 'Implementation' and/or device 'xc7a100t'
Running DRC as a precondition to command route_design
INFO: [DRC 23-27] Running DRC with 2 threads
INFO: [Vivado_Tcl 4-198] DRC finished with 0 Errors
INFO: [Vivado_Tcl 4-199] Please refer to the DRC report (report_drc) for more information.


Starting Routing Task
INFO: [Route 35-254] Multithreading enabled for route_design using a maximum of 2 CPUs
Checksum: PlaceDB: 88bd29c5 ConstDB: 0 ShapeSum: 29594ab5 RouteDB: 0

Phase 1 Build RT Design
Phase 1 Build RT Design | Checksum: 15d48d017

Time (s): cpu = 00:00:17 ; elapsed = 00:00:15 . Memory (MB): peak = 1571.523 ; gain = 115.410
Post Restoration Checksum: NetGraph: eb458be4 NumContArr: 72034433 Constraints: 0 Timing: 0

Phase 2 Router Initialization

Phase 2.1 Create Timer
Phase 2.1 Create Timer | Checksum: 15d48d017

Time (s): cpu = 00:00:17 ; elapsed = 00:00:15 . Memory (MB): peak = 1598.195 ; gain = 142.082

Phase 2.2 Fix Topology Constraints
Phase 2.2 Fix Topology Constraints | Checksum: 15d48d017

Time (s): cpu = 00:00:17 ; elapsed = 00:00:15 . Memory (MB): peak = 1607.066 ; gain = 150.953

Phase 2.3 Pre Route Cleanup
Phase 2.3 Pre Route Cleanup | Checksum: 15d48d017

Time (s): cpu = 00:00:17 ; elapsed = 00:00:15 . Memory (MB): peak = 1607.066 ; gain = 150.953
 Number of Nodes with overlaps = 0

Phase 2.4 Update Timing
Phase 2.4 Update Timing | Checksum: 25ead0e6f

Time (s): cpu = 00:00:21 ; elapsed = 00:00:18 . Memory (MB): peak = 1647.902 ; gain = 191.789
INFO: [Route 35-416] Intermediate Timing Summary | WNS=0.693  | TNS=0.000  | WHS=-0.075 | THS=-0.432 |

Phase 2 Router Initialization | Checksum: 268d8b449

Time (s): cpu = 00:00:22 ; elapsed = 00:00:19 . Memory (MB): peak = 1738.285 ; gain = 282.172

Phase 3 Initial Routing
Phase 3 Initial Routing | Checksum: 15af125b8

Time (s): cpu = 00:00:25 ; elapsed = 00:00:21 . Memory (MB): peak = 1738.285 ; gain = 282.172

Phase 4 Rip-up And Reroute

Phase 4.1 Global Iteration 0
 Number of Nodes with overlaps = 2976
 Number of Nodes with overlaps = 22
 Number of Nodes with overlaps = 0
INFO: [Route 35-416] Intermediate Timing Summary | WNS=0.646  | TNS=0.000  | WHS=N/A    | THS=N/A    |

Phase 4.1 Global Iteration 0 | Checksum: 1a2c62879

Time (s): cpu = 00:00:31 ; elapsed = 00:00:24 . Memory (MB): peak = 1738.285 ; gain = 282.172
Phase 4 Rip-up And Reroute | Checksum: 1a2c62879

Time (s): cpu = 00:00:31 ; elapsed = 00:00:24 . Memory (MB): peak = 1738.285 ; gain = 282.172

Phase 5 Delay and Skew Optimization

Phase 5.1 Delay CleanUp
Phase 5.1 Delay CleanUp | Checksum: 1a2c62879

Time (s): cpu = 00:00:31 ; elapsed = 00:00:25 . Memory (MB): peak = 1738.285 ; gain = 282.172

Phase 5.2 Clock Skew Optimization
Phase 5.2 Clock Skew Optimization | Checksum: 1a2c62879

Time (s): cpu = 00:00:31 ; elapsed = 00:00:25 . Memory (MB): peak = 1738.285 ; gain = 282.172
Phase 5 Delay and Skew Optimization | Checksum: 1a2c62879

Time (s): cpu = 00:00:31 ; elapsed = 00:00:25 . Memory (MB): peak = 1738.285 ; gain = 282.172

Phase 6 Post Hold Fix

Phase 6.1 Hold Fix Iter

Phase 6.1.1 Update Timing
Phase 6.1.1 Update Timing | Checksum: 177a8acd3

Time (s): cpu = 00:00:32 ; elapsed = 00:00:25 . Memory (MB): peak = 1738.285 ; gain = 282.172
INFO: [Route 35-416] Intermediate Timing Summary | WNS=0.646  | TNS=0.000  | WHS=0.247  | THS=0.000  |

Phase 6.1 Hold Fix Iter | Checksum: 177a8acd3

Time (s): cpu = 00:00:32 ; elapsed = 00:00:25 . Memory (MB): peak = 1738.285 ; gain = 282.172
Phase 6 Post Hold Fix | Checksum: 177a8acd3

Time (s): cpu = 00:00:32 ; elapsed = 00:00:25 . Memory (MB): peak = 1738.285 ; gain = 282.172

Phase 7 Route finalize

Router Utilization Summary
  Global Vertical Routing Utilization    = 4.66836 %
  Global Horizontal Routing Utilization  = 6.00924 %
  Routable Net Status*
  *Does not include unroutable nets such as driverless and loadless.
  Run report_route_status for detailed report.
  Number of Failed Nets               = 0
  Number of Unrouted Nets             = 0
  Number of Partially Routed Nets     = 0
  Number of Node Overlaps             = 0

Phase 7 Route finalize | Checksum: 14f944922

Time (s): cpu = 00:00:32 ; elapsed = 00:00:25 . Memory (MB): peak = 1738.285 ; gain = 282.172

Phase 8 Verifying routed nets

 Verification completed successfully
Phase 8 Verifying routed nets | Checksum: 14f944922

Time (s): cpu = 00:00:32 ; elapsed = 00:00:25 . Memory (MB): peak = 1738.285 ; gain = 282.172

Phase 9 Depositing Routes
Phase 9 Depositing Routes | Checksum: 1191b53dc

Time (s): cpu = 00:00:33 ; elapsed = 00:00:26 . Memory (MB): peak = 1738.285 ; gain = 282.172

Phase 10 Post Router Timing
INFO: [Route 35-57] Estimated Timing Summary | WNS=0.646  | TNS=0.000  | WHS=0.247  | THS=0.000  |

INFO: [Route 35-327] The final timing numbers are based on the router estimated timing analysis. For a complete and accurate timing signoff, please run report_timing_summary.
Phase 10 Post Router Timing | Checksum: 1191b53dc

Time (s): cpu = 00:00:33 ; elapsed = 00:00:27 . Memory (MB): peak = 1738.285 ; gain = 282.172
INFO: [Route 35-16] Router Completed Successfully

Time (s): cpu = 00:00:33 ; elapsed = 00:00:27 . Memory (MB): peak = 1738.285 ; gain = 282.172

Routing Is Done.
INFO: [Common 17-83] Releasing license: Implementation
69 Infos, 0 Warnings, 0 Critical Warnings and 0 Errors encountered.
route_design completed successfully
route_design: Time (s): cpu = 00:00:35 ; elapsed = 00:00:27 . Memory (MB): peak = 1738.285 ; gain = 283.531
Netlist sorting complete. Time (s): cpu = 00:00:00 ; elapsed = 00:00:00.002 . Memory (MB): peak = 1738.285 ; gain = 0.000
INFO: [Timing 38-480] Writing timing data to binary archive.
Writing placer database...
Netlist sorting complete. Time (s): cpu = 00:00:00 ; elapsed = 00:00:00.002 . Memory (MB): peak = 1738.285 ; gain = 0.000
Writing XDEF routing.
Writing XDEF routing logical nets.
Writing XDEF routing special nets.
Write XDEF Complete: Time (s): cpu = 00:00:03 ; elapsed = 00:00:01 . Memory (MB): peak = 1738.285 ; gain = 0.000
INFO: [Common 17-1381] The checkpoint 'D:/vivado_projects/EP1-89Inst/EP1-89Inst.runs/impl_1/top_board_routed.dcp' has been generated.
INFO: [runtcl-4] Executing : report_drc -file top_board_drc_routed.rpt -pb top_board_drc_routed.pb -rpx top_board_drc_routed.rpx
Command: report_drc -file top_board_drc_routed.rpt -pb top_board_drc_routed.pb -rpx top_board_drc_routed.rpx
INFO: [IP_Flow 19-1839] IP Catalog is up to date.
INFO: [DRC 23-27] Running DRC with 2 threads
INFO: [Coretcl 2-168] The results of DRC are in file D:/vivado_projects/EP1-89Inst/EP1-89Inst.runs/impl_1/top_board_drc_routed.rpt.
report_drc completed successfully
INFO: [runtcl-4] Executing : report_methodology -file top_board_methodology_drc_routed.rpt -pb top_board_methodology_drc_routed.pb -rpx top_board_methodology_drc_routed.rpx
Command: report_methodology -file top_board_methodology_drc_routed.rpt -pb top_board_methodology_drc_routed.pb -rpx top_board_methodology_drc_routed.rpx
INFO: [Timing 38-35] Done setting XDC timing constraints.
INFO: [DRC 23-133] Running Methodology with 2 threads
INFO: [Coretcl 2-1520] The results of Report Methodology are in file D:/vivado_projects/EP1-89Inst/EP1-89Inst.runs/impl_1/top_board_methodology_drc_routed.rpt.
report_methodology completed successfully
INFO: [runtcl-4] Executing : report_power -file top_board_power_routed.rpt -pb top_board_power_summary_routed.pb -rpx top_board_power_routed.rpx
Command: report_power -file top_board_power_routed.rpt -pb top_board_power_summary_routed.pb -rpx top_board_power_routed.rpx
INFO: [Timing 38-35] Done setting XDC timing constraints.
Running Vector-less Activity Propagation...

Finished Running Vector-less Activity Propagation
81 Infos, 0 Warnings, 0 Critical Warnings and 0 Errors encountered.
report_power completed successfully
INFO: [runtcl-4] Executing : report_route_status -file top_board_route_status.rpt -pb top_board_route_status.pb
INFO: [runtcl-4] Executing : report_timing_summary -max_paths 10 -file top_board_timing_summary_routed.rpt -pb top_board_timing_summary_routed.pb -rpx top_board_timing_summary_routed.rpx -warn_on_violation 
INFO: [Timing 38-91] UpdateTimingParams: Speed grade: -1, Delay Type: min_max.
INFO: [Timing 38-191] Multithreading enabled for timing update using a maximum of 2 CPUs
INFO: [runtcl-4] Executing : report_incremental_reuse -file top_board_incremental_reuse_routed.rpt
INFO: [Vivado_Tcl 4-1062] Incremental flow is disabled. No incremental reuse Info to report.
INFO: [runtcl-4] Executing : report_clock_utilization -file top_board_clock_utilization_routed.rpt
INFO: [runtcl-4] Executing : report_bus_skew -warn_on_violation -file top_board_bus_skew_routed.rpt -pb top_board_bus_skew_routed.pb -rpx top_board_bus_skew_routed.rpx
INFO: [Timing 38-91] UpdateTimingParams: Speed grade: -1, Delay Type: min_max.
INFO: [Timing 38-191] Multithreading enabled for timing update using a maximum of 2 CPUs
Command: write_bitstream -force top_board.bit
Attempting to get a license for feature 'Implementation' and/or device 'xc7a100t'
INFO: [Common 17-349] Got license for feature 'Implementation' and/or device 'xc7a100t'
Running DRC as a precondition to command write_bitstream
INFO: [IP_Flow 19-1839] IP Catalog is up to date.
INFO: [DRC 23-27] Running DRC with 2 threads
WARNING: [DRC CFGBVS-1] Missing CFGBVS and CONFIG_VOLTAGE Design Properties: Neither the CFGBVS nor CONFIG_VOLTAGE voltage property is set in the current_design.  Configuration bank voltage select (CFGBVS) must be set to VCCO or GND, and CONFIG_VOLTAGE must be set to the correct configuration voltage, in order to determine the I/O voltage support for the pins in bank 0.  It is suggested to specify these either using the 'Edit Device Properties' function in the GUI or directly in the XDC file using the following syntax:

 set_property CFGBVS value1 [current_design]
 #where value1 is either VCCO or GND

 set_property CONFIG_VOLTAGE value2 [current_design]
 #where value2 is the voltage provided to configuration bank 0

Refer to the device configuration user guide for more information.
WARNING: [DRC DPIP-1] Input pipelining: DSP cpu/EX_mul_res input cpu/EX_mul_res/A[29:0] is not pipelined. Pipelining DSP48 input will improve performance.
WARNING: [DRC DPIP-1] Input pipelining: DSP cpu/EX_mul_res input cpu/EX_mul_res/B[17:0] is not pipelined. Pipelining DSP48 input will improve performance.
WARNING: [DRC DPIP-1] Input pipelining: DSP cpu/EX_mul_res__0 input cpu/EX_mul_res__0/A[29:0] is not pipelined. Pipelining DSP48 input will improve performance.
WARNING: [DRC DPIP-1] Input pipelining: DSP cpu/EX_mul_res__0 input cpu/EX_mul_res__0/B[17:0] is not pipelined. Pipelining DSP48 input will improve performance.
WARNING: [DRC DPIP-1] Input pipelining: DSP cpu/EX_mul_res__1 input cpu/EX_mul_res__1/A[29:0] is not pipelined. Pipelining DSP48 input will improve performance.
WARNING: [DRC DPIP-1] Input pipelining: DSP cpu/EX_mul_res__1 input cpu/EX_mul_res__1/B[17:0] is not pipelined. Pipelining DSP48 input will improve performance.
WARNING: [DRC DPIP-1] Input pipelining: DSP cpu/mdu/mult_res_s input cpu/mdu/mult_res_s/A[29:0] is not pipelined. Pipelining DSP48 input will improve performance.
WARNING: [DRC DPIP-1] Input pipelining: DSP cpu/mdu/mult_res_s input cpu/mdu/mult_res_s/B[17:0] is not pipelined. Pipelining DSP48 input will improve performance.
WARNING: [DRC DPIP-1] Input pipelining: DSP cpu/mdu/mult_res_s__0 input cpu/mdu/mult_res_s__0/A[29:0] is not pipelined. Pipelining DSP48 input will improve performance.
WARNING: [DRC DPIP-1] Input pipelining: DSP cpu/mdu/mult_res_s__0 input cpu/mdu/mult_res_s__0/B[17:0] is not pipelined. Pipelining DSP48 input will improve performance.
WARNING: [DRC DPIP-1] Input pipelining: DSP cpu/mdu/mult_res_s__1 input cpu/mdu/mult_res_s__1/A[29:0] is not pipelined. Pipelining DSP48 input will improve performance.
WARNING: [DRC DPIP-1] Input pipelining: DSP cpu/mdu/mult_res_s__1 input cpu/mdu/mult_res_s__1/B[17:0] is not pipelined. Pipelining DSP48 input will improve performance.
WARNING: [DRC DPIP-1] Input pipelining: DSP cpu/mdu/mult_res_s__2 input cpu/mdu/mult_res_s__2/A[29:0] is not pipelined. Pipelining DSP48 input will improve performance.
WARNING: [DRC DPIP-1] Input pipelining: DSP cpu/mdu/mult_res_s__2 input cpu/mdu/mult_res_s__2/B[17:0] is not pipelined. Pipelining DSP48 input will improve performance.
WARNING: [DRC DPIP-1] Input pipelining: DSP cpu/mdu/mult_res_s__2 input cpu/mdu/mult_res_s__2/C[47:0] is not pipelined. Pipelining DSP48 input will improve performance.
WARNING: [DRC DPIP-1] Input pipelining: DSP cpu/mdu/mult_res_u input cpu/mdu/mult_res_u/A[29:0] is not pipelined. Pipelining DSP48 input will improve performance.
WARNING: [DRC DPIP-1] Input pipelining: DSP cpu/mdu/mult_res_u input cpu/mdu/mult_res_u/B[17:0] is not pipelined. Pipelining DSP48 input will improve performance.
WARNING: [DRC DPIP-1] Input pipelining: DSP cpu/mdu/mult_res_u__0 input cpu/mdu/mult_res_u__0/A[29:0] is not pipelined. Pipelining DSP48 input will improve performance.
WARNING: [DRC DPIP-1] Input pipelining: DSP cpu/mdu/mult_res_u__0 input cpu/mdu/mult_res_u__0/B[17:0] is not pipelined. Pipelining DSP48 input will improve performance.
WARNING: [DRC DPIP-1] Input pipelining: DSP cpu/mdu/mult_res_u__1 input cpu/mdu/mult_res_u__1/A[29:0] is not pipelined. Pipelining DSP48 input will improve performance.
WARNING: [DRC DPIP-1] Input pipelining: DSP cpu/mdu/mult_res_u__1 input cpu/mdu/mult_res_u__1/B[17:0] is not pipelined. Pipelining DSP48 input will improve performance.
WARNING: [DRC DPIP-1] Input pipelining: DSP cpu/mdu/mult_res_u__1 input cpu/mdu/mult_res_u__1/C[47:0] is not pipelined. Pipelining DSP48 input will improve performance.
WARNING: [DRC DPOP-1] PREG Output pipelining: DSP cpu/EX_mul_res output cpu/EX_mul_res/P[47:0] is not pipelined (PREG=0). Pipelining the DSP48 output will improve performance and often saves power so it is suggested whenever possible to fully pipeline this function.  If this DSP48 function was inferred, it is suggested to describe an additional register stage after this function.  If the DSP48 was instantiated in the design, it is suggested to set the PREG attribute to 1.
WARNING: [DRC DPOP-1] PREG Output pipelining: DSP cpu/EX_mul_res__0 output cpu/EX_mul_res__0/P[47:0] is not pipelined (PREG=0). Pipelining the DSP48 output will improve performance and often saves power so it is suggested whenever possible to fully pipeline this function.  If this DSP48 function was inferred, it is suggested to describe an additional register stage after this function.  If the DSP48 was instantiated in the design, it is suggested to set the PREG attribute to 1.
WARNING: [DRC DPOP-1] PREG Output pipelining: DSP cpu/EX_mul_res__1 output cpu/EX_mul_res__1/P[47:0] is not pipelined (PREG=0). Pipelining the DSP48 output will improve performance and often saves power so it is suggested whenever possible to fully pipeline this function.  If this DSP48 function was inferred, it is suggested to describe an additional register stage after this function.  If the DSP48 was instantiated in the design, it is suggested to set the PREG attribute to 1.
WARNING: [DRC DPOP-1] PREG Output pipelining: DSP cpu/mdu/mult_res_s output cpu/mdu/mult_res_s/P[47:0] is not pipelined (PREG=0). Pipelining the DSP48 output will improve performance and often saves power so it is suggested whenever possible to fully pipeline this function.  If this DSP48 function was inferred, it is suggested to describe an additional register stage after this function.  If the DSP48 was instantiated in the design, it is suggested to set the PREG attribute to 1.
WARNING: [DRC DPOP-1] PREG Output pipelining: DSP cpu/mdu/mult_res_s__0 output cpu/mdu/mult_res_s__0/P[47:0] is not pipelined (PREG=0). Pipelining the DSP48 output will improve performance and often saves power so it is suggested whenever possible to fully pipeline this function.  If this DSP48 function was inferred, it is suggested to describe an additional register stage after this function.  If the DSP48 was instantiated in the design, it is suggested to set the PREG attribute to 1.
WARNING: [DRC DPOP-1] PREG Output pipelining: DSP cpu/mdu/mult_res_s__1 output cpu/mdu/mult_res_s__1/P[47:0] is not pipelined (PREG=0). Pipelining the DSP48 output will improve performance and often saves power so it is suggested whenever possible to fully pipeline this function.  If this DSP48 function was inferred, it is suggested to describe an additional register stage after this function.  If the DSP48 was instantiated in the design, it is suggested to set the PREG attribute to 1.
WARNING: [DRC DPOP-1] PREG Output pipelining: DSP cpu/mdu/mult_res_s__2 output cpu/mdu/mult_res_s__2/P[47:0] is not pipelined (PREG=0). Pipelining the DSP48 output will improve performance and often saves power so it is suggested whenever possible to fully pipeline this function.  If this DSP48 function was inferred, it is suggested to describe an additional register stage after this function.  If the DSP48 was instantiated in the design, it is suggested to set the PREG attribute to 1.
WARNING: [DRC DPOP-1] PREG Output pipelining: DSP cpu/mdu/mult_res_u output cpu/mdu/mult_res_u/P[47:0] is not pipelined (PREG=0). Pipelining the DSP48 output will improve performance and often saves power so it is suggested whenever possible to fully pipeline this function.  If this DSP48 function was inferred, it is suggested to describe an additional register stage after this function.  If the DSP48 was instantiated in the design, it is suggested to set the PREG attribute to 1.
WARNING: [DRC DPOP-1] PREG Output pipelining: DSP cpu/mdu/mult_res_u__0 output cpu/mdu/mult_res_u__0/P[47:0] is not pipelined (PREG=0). Pipelining the DSP48 output will improve performance and often saves power so it is suggested whenever possible to fully pipeline this function.  If this DSP48 function was inferred, it is suggested to describe an additional register stage after this function.  If the DSP48 was instantiated in the design, it is suggested to set the PREG attribute to 1.
WARNING: [DRC DPOP-1] PREG Output pipelining: DSP cpu/mdu/mult_res_u__1 output cpu/mdu/mult_res_u__1/P[47:0] is not pipelined (PREG=0). Pipelining the DSP48 output will improve performance and often saves power so it is suggested whenever possible to fully pipeline this function.  If this DSP48 function was inferred, it is suggested to describe an additional register stage after this function.  If the DSP48 was instantiated in the design, it is suggested to set the PREG attribute to 1.
WARNING: [DRC DPOP-2] MREG Output pipelining: DSP cpu/EX_mul_res multiplier stage cpu/EX_mul_res/P[47:0] is not pipelined (MREG=0). Pipelining the multiplier function will improve performance and will save significant power so it is suggested whenever possible to fully pipeline this function.  If this multiplier was inferred, it is suggested to describe an additional register stage after this function.  If there is no registered adder/accumulator following the multiply function, two pipeline stages are suggested to allow both the MREG and PREG registers to be used.  If the DSP48 was instantiated in the design, it is suggested to set both the MREG and PREG attributes to 1 when performing multiply functions.
WARNING: [DRC DPOP-2] MREG Output pipelining: DSP cpu/EX_mul_res__0 multiplier stage cpu/EX_mul_res__0/P[47:0] is not pipelined (MREG=0). Pipelining the multiplier function will improve performance and will save significant power so it is suggested whenever possible to fully pipeline this function.  If this multiplier was inferred, it is suggested to describe an additional register stage after this function.  If there is no registered adder/accumulator following the multiply function, two pipeline stages are suggested to allow both the MREG and PREG registers to be used.  If the DSP48 was instantiated in the design, it is suggested to set both the MREG and PREG attributes to 1 when performing multiply functions.
WARNING: [DRC DPOP-2] MREG Output pipelining: DSP cpu/EX_mul_res__1 multiplier stage cpu/EX_mul_res__1/P[47:0] is not pipelined (MREG=0). Pipelining the multiplier function will improve performance and will save significant power so it is suggested whenever possible to fully pipeline this function.  If this multiplier was inferred, it is suggested to describe an additional register stage after this function.  If there is no registered adder/accumulator following the multiply function, two pipeline stages are suggested to allow both the MREG and PREG registers to be used.  If the DSP48 was instantiated in the design, it is suggested to set both the MREG and PREG attributes to 1 when performing multiply functions.
WARNING: [DRC DPOP-2] MREG Output pipelining: DSP cpu/mdu/mult_res_s multiplier stage cpu/mdu/mult_res_s/P[47:0] is not pipelined (MREG=0). Pipelining the multiplier function will improve performance and will save significant power so it is suggested whenever possible to fully pipeline this function.  If this multiplier was inferred, it is suggested to describe an additional register stage after this function.  If there is no registered adder/accumulator following the multiply function, two pipeline stages are suggested to allow both the MREG and PREG registers to be used.  If the DSP48 was instantiated in the design, it is suggested to set both the MREG and PREG attributes to 1 when performing multiply functions.
WARNING: [DRC DPOP-2] MREG Output pipelining: DSP cpu/mdu/mult_res_s__0 multiplier stage cpu/mdu/mult_res_s__0/P[47:0] is not pipelined (MREG=0). Pipelining the multiplier function will improve performance and will save significant power so it is suggested whenever possible to fully pipeline this function.  If this multiplier was inferred, it is suggested to describe an additional register stage after this function.  If there is no registered adder/accumulator following the multiply function, two pipeline stages are suggested to allow both the MREG and PREG registers to be used.  If the DSP48 was instantiated in the design, it is suggested to set both the MREG and PREG attributes to 1 when performing multiply functions.
WARNING: [DRC DPOP-2] MREG Output pipelining: DSP cpu/mdu/mult_res_s__1 multiplier stage cpu/mdu/mult_res_s__1/P[47:0] is not pipelined (MREG=0). Pipelining the multiplier function will improve performance and will save significant power so it is suggested whenever possible to fully pipeline this function.  If this multiplier was inferred, it is suggested to describe an additional register stage after this function.  If there is no registered adder/accumulator following the multiply function, two pipeline stages are suggested to allow both the MREG and PREG registers to be used.  If the DSP48 was instantiated in the design, it is suggested to set both the MREG and PREG attributes to 1 when performing multiply functions.
WARNING: [DRC DPOP-2] MREG Output pipelining: DSP cpu/mdu/mult_res_s__2 multiplier stage cpu/mdu/mult_res_s__2/P[47:0] is not pipelined (MREG=0). Pipelining the multiplier function will improve performance and will save significant power so it is suggested whenever possible to fully pipeline this function.  If this multiplier was inferred, it is suggested to describe an additional register stage after this function.  If there is no registered adder/accumulator following the multiply function, two pipeline stages are suggested to allow both the MREG and PREG registers to be used.  If the DSP48 was instantiated in the design, it is suggested to set both the MREG and PREG attributes to 1 when performing multiply functions.
WARNING: [DRC DPOP-2] MREG Output pipelining: DSP cpu/mdu/mult_res_u multiplier stage cpu/mdu/mult_res_u/P[47:0] is not pipelined (MREG=0). Pipelining the multiplier function will improve performance and will save significant power so it is suggested whenever possible to fully pipeline this function.  If this multiplier was inferred, it is suggested to describe an additional register stage after this function.  If there is no registered adder/accumulator following the multiply function, two pipeline stages are suggested to allow both the MREG and PREG registers to be used.  If the DSP48 was instantiated in the design, it is suggested to set both the MREG and PREG attributes to 1 when performing multiply functions.
WARNING: [DRC DPOP-2] MREG Output pipelining: DSP cpu/mdu/mult_res_u__0 multiplier stage cpu/mdu/mult_res_u__0/P[47:0] is not pipelined (MREG=0). Pipelining the multiplier function will improve performance and will save significant power so it is suggested whenever possible to fully pipeline this function.  If this multiplier was inferred, it is suggested to describe an additional register stage after this function.  If there is no registered adder/accumulator following the multiply function, two pipeline stages are suggested to allow both the MREG and PREG registers to be used.  If the DSP48 was instantiated in the design, it is suggested to set both the MREG and PREG attributes to 1 when performing multiply functions.
WARNING: [DRC DPOP-2] MREG Output pipelining: DSP cpu/mdu/mult_res_u__1 multiplier stage cpu/mdu/mult_res_u__1/P[47:0] is not pipelined (MREG=0). Pipelining the multiplier function will improve performance and will save significant power so it is suggested whenever possible to fully pipeline this function.  If this multiplier was inferred, it is suggested to describe an additional register stage after this function.  If there is no registered adder/accumulator following the multiply function, two pipeline stages are suggested to allow both the MREG and PREG registers to be used.  If the DSP48 was instantiated in the design, it is suggested to set both the MREG and PREG attributes to 1 when performing multiply functions.
INFO: [Vivado 12-3199] DRC finished with 0 Errors, 43 Warnings
INFO: [Vivado 12-3200] Please refer to the DRC report (report_drc) for more information.
INFO: [Designutils 20-2272] Running write_bitstream with 2 threads.
Loading data files...
Loading site data...
Loading route data...
Processing options...
Creating bitmap...
Creating bitstream...
Writing bitstream ./top_board.bit...
INFO: [Vivado 12-1842] Bitgen Completed Successfully.
INFO: [Project 1-120] WebTalk data collection is mandatory when using a WebPACK part without a full Vivado license. To see the specific WebTalk data collected for your design, open the usage_statistics_webtalk.html or usage_statistics_webtalk.xml file in the implementation directory.
INFO: [Common 17-83] Releasing license: Implementation
100 Infos, 43 Warnings, 0 Critical Warnings and 0 Errors encountered.
write_bitstream completed successfully
write_bitstream: Time (s): cpu = 00:00:16 ; elapsed = 00:00:13 . Memory (MB): peak = 2259.566 ; gain = 447.438
INFO: [Common 17-206] Exiting Vivado at Fri Apr 10 17:31:26 2026...
[Fri Apr 10 17:31:28 2026] impl_1 finished
wait_on_run: Time (s): cpu = 00:00:00 ; elapsed = 00:01:46 . Memory (MB): peak = 294.668 ; gain = 0.000
# open_run impl_1
INFO: [Netlist 29-17] Analyzing 2833 Unisim elements for replacement
INFO: [Netlist 29-28] Unisim Transformation completed in 0 CPU seconds
INFO: [Project 1-479] Netlist was created with Vivado 2018.3
INFO: [Device 21-403] Loading part xc7a100tcsg324-1
INFO: [Project 1-570] Preparing netlist for logic optimization
INFO: [Timing 38-478] Restoring timing data from binary archive.
INFO: [Timing 38-479] Binary timing data restore complete.
INFO: [Project 1-856] Restoring constraints from binary archive.
INFO: [Project 1-853] Binary constraint restore complete.
Reading XDEF placement.
Reading placer database...
Reading XDEF routing.
Read XDEF File: Time (s): cpu = 00:00:01 ; elapsed = 00:00:01 . Memory (MB): peak = 1284.047 ; gain = 26.070
Restored from archive | CPU: 1.000000 secs | Memory: 0.000000 MB |
Finished XDEF File Restore: Time (s): cpu = 00:00:01 ; elapsed = 00:00:01 . Memory (MB): peak = 1284.047 ; gain = 26.070
Netlist sorting complete. Time (s): cpu = 00:00:00 ; elapsed = 00:00:00.002 . Memory (MB): peak = 1284.047 ; gain = 0.000
INFO: [Project 1-111] Unisim Transformation Summary:
No Unisim elements were transformed.

open_run: Time (s): cpu = 00:00:10 ; elapsed = 00:00:12 . Memory (MB): peak = 1284.047 ; gain = 989.379
# report_timing_summary -file D:/vivado_projects/EP1-89Inst/timing_after_fix.rpt
INFO: [Timing 38-91] UpdateTimingParams: Speed grade: -1, Delay Type: min_max.
INFO: [Timing 38-191] Multithreading enabled for timing update using a maximum of 2 CPUs
# close_project
# exit
INFO: [Common 17-206] Exiting Vivado at Fri Apr 10 17:31:42 2026...
