#-----------------------------------------------------------
# Vivado v2018.3 (64-bit)
# SW Build 2405991 on Thu Dec  6 23:38:27 MST 2018
# IP Build 2404404 on Fri Dec  7 01:43:56 MST 2018
# Start of session at: Fri Apr 10 17:24:48 2026
# Process ID: 23256
# Current directory: D:/desktop/计算机系统实验/实验一/src
# Command line: vivado.exe -mode batch -source D:\vivado_projects\EP1-89Inst\tmp_hier_util.tcl
# Log file: D:/desktop/计算机系统实验/实验一/src/vivado.log
# Journal file: D:/desktop/计算机系统实验/实验一/src\vivado.jou
#-----------------------------------------------------------
source {D:\vivado_projects\EP1-89Inst\tmp_hier_util.tcl}
# open_checkpoint D:/vivado_projects/EP1-89Inst/EP1-89Inst.runs/synth_1/top_board.dcp
Command: open_checkpoint D:/vivado_projects/EP1-89Inst/EP1-89Inst.runs/synth_1/top_board.dcp

Starting open_checkpoint Task

Time (s): cpu = 00:00:00 ; elapsed = 00:00:00.019 . Memory (MB): peak = 251.789 ; gain = 0.000
INFO: [Netlist 29-17] Analyzing 3426 Unisim elements for replacement
INFO: [Netlist 29-28] Unisim Transformation completed in 0 CPU seconds
WARNING: [Netlist 29-101] Netlist 'top_board' is not ideal for floorplanning, since the cellview 'DMEM' contains a large number of primitives.  Please consider enabling hierarchy in synthesis if you want to do floorplanning.
INFO: [Project 1-479] Netlist was created with Vivado 2018.3
INFO: [Device 21-403] Loading part xc7a100tcsg324-1
INFO: [Project 1-570] Preparing netlist for logic optimization
CRITICAL WARNING: [Project 1-486] Could not resolve non-primitive black box cell 'dist_mem_gen_0' instantiated as 'cpu/imem/Instr_mem' [D:/vivado_projects/EP1-89Inst/EP1-89Inst.srcs/sources_1/new/IMEM.v:12]
Netlist sorting complete. Time (s): cpu = 00:00:00 ; elapsed = 00:00:00.010 . Memory (MB): peak = 781.004 ; gain = 0.000
INFO: [Project 1-111] Unisim Transformation Summary:
No Unisim elements were transformed.

INFO: [Project 1-604] Checkpoint was created with Vivado v2018.3 (64-bit) build 2405991
open_checkpoint: Time (s): cpu = 00:00:06 ; elapsed = 00:00:07 . Memory (MB): peak = 781.004 ; gain = 529.215
# report_utilization -hierarchical -hierarchical_percentages -file D:/vivado_projects/EP1-89Inst/hier_util.rpt
# exit
INFO: [Common 17-206] Exiting Vivado at Fri Apr 10 17:24:58 2026...
