Copyright 1986-2018 Xilinx, Inc. All Rights Reserved.
----------------------------------------------------------------------------------------------------------------------------------------
| Tool Version : Vivado v.2018.3 (win64) Build 2405991 Thu Dec  6 23:38:27 MST 2018
| Date         : Fri Apr 10 17:29:13 2026
| Host         : LAPTOP-V0AHCU9H running 64-bit major release  (build 9200)
| Command      : report_utilization -hierarchical -hierarchical_percentages -file D:/vivado_projects/EP1-89Inst/hier_util_after_fix.rpt
| Design       : top_board
| Device       : 7a100tcsg324-1
| Design State : Synthesized
----------------------------------------------------------------------------------------------------------------------------------------

Utilization Design Information

Table of Contents
-----------------
1. Utilization by Hierarchy

1. Utilization by Hierarchy
---------------------------

+---------------------------------------+-------------------------------------------+---------------+---------------+----------+----------+--------------+----------+----------+--------------+
|                Instance               |                   Module                  |   Total LUTs  |   Logic LUTs  |  LUTRAMs |   SRLs   |      FFs     |  RAMB36  |  RAMB18  | DSP48 Blocks |
+---------------------------------------+-------------------------------------------+---------------+---------------+----------+----------+--------------+----------+----------+--------------+
| top_board                             |                                     (top) | 13009(20.52%) | 13009(20.52%) | 0(0.00%) | 0(0.00%) | 10906(8.60%) | 0(0.00%) | 0(0.00%) |    10(4.17%) |
|   (top_board)                         |                                     (top) |   3936(6.21%) |   3936(6.21%) | 0(0.00%) | 0(0.00%) |     0(0.00%) | 0(0.00%) | 0(0.00%) |     0(0.00%) |
|   cpu                                 |                                      DCPU |  9014(14.22%) |  9014(14.22%) | 0(0.00%) | 0(0.00%) | 10816(8.53%) | 0(0.00%) | 0(0.00%) |    10(4.17%) |
|     (cpu)                             |                                      DCPU |   1119(1.76%) |   1119(1.76%) | 0(0.00%) | 0(0.00%) |   575(0.45%) | 0(0.00%) | 0(0.00%) |     3(1.25%) |
|     cp0                               |                                       CPO |    704(1.11%) |    704(1.11%) | 0(0.00%) | 0(0.00%) |  1025(0.81%) | 0(0.00%) | 0(0.00%) |     0(0.00%) |
|     dmem                              |                                      DMEM |   4487(7.08%) |   4487(7.08%) | 0(0.00%) | 0(0.00%) |  8192(6.46%) | 0(0.00%) | 0(0.00%) |     0(0.00%) |
|     imem                              |                                      IMEM |    951(1.50%) |    951(1.50%) | 0(0.00%) | 0(0.00%) |     0(0.00%) | 0(0.00%) | 0(0.00%) |     0(0.00%) |
|       (imem)                          |                                      IMEM |     25(0.04%) |     25(0.04%) | 0(0.00%) | 0(0.00%) |     0(0.00%) | 0(0.00%) | 0(0.00%) |     0(0.00%) |
|       Instr_mem                       |                            dist_mem_gen_0 |    926(1.46%) |    926(1.46%) | 0(0.00%) | 0(0.00%) |     0(0.00%) | 0(0.00%) | 0(0.00%) |     0(0.00%) |
|         (Instr_mem)                   |                            dist_mem_gen_0 |      0(0.00%) |      0(0.00%) | 0(0.00%) | 0(0.00%) |     0(0.00%) | 0(0.00%) | 0(0.00%) |     0(0.00%) |
|         U0                            |       dist_mem_gen_0_dist_mem_gen_v8_0_12 |    926(1.46%) |    926(1.46%) | 0(0.00%) | 0(0.00%) |     0(0.00%) | 0(0.00%) | 0(0.00%) |     0(0.00%) |
|           (U0)                        |       dist_mem_gen_0_dist_mem_gen_v8_0_12 |      0(0.00%) |      0(0.00%) | 0(0.00%) | 0(0.00%) |     0(0.00%) | 0(0.00%) | 0(0.00%) |     0(0.00%) |
|           synth_options.dist_mem_inst | dist_mem_gen_0_dist_mem_gen_v8_0_12_synth |    926(1.46%) |    926(1.46%) | 0(0.00%) | 0(0.00%) |     0(0.00%) | 0(0.00%) | 0(0.00%) |     0(0.00%) |
|             gen_rom.rom_inst          |                        dist_mem_gen_0_rom |    926(1.46%) |    926(1.46%) | 0(0.00%) | 0(0.00%) |     0(0.00%) | 0(0.00%) | 0(0.00%) |     0(0.00%) |
|     mdu                               |                                       MDU |    962(1.52%) |    962(1.52%) | 0(0.00%) | 0(0.00%) |     0(0.00%) | 0(0.00%) | 0(0.00%) |     7(2.92%) |
|     regfile                           |                                   RegFile |    791(1.25%) |    791(1.25%) | 0(0.00%) | 0(0.00%) |  1024(0.81%) | 0(0.00%) | 0(0.00%) |     0(0.00%) |
|   divider_cpu                         |                                   Divider |     40(0.06%) |     40(0.06%) | 0(0.00%) | 0(0.00%) |    33(0.03%) | 0(0.00%) | 0(0.00%) |     0(0.00%) |
|   seg7_display                        |                                   seg7x16 |     19(0.03%) |     19(0.03%) | 0(0.00%) | 0(0.00%) |    57(0.04%) | 0(0.00%) | 0(0.00%) |     0(0.00%) |
+---------------------------------------+-------------------------------------------+---------------+---------------+----------+----------+--------------+----------+----------+--------------+


