Copyright 1986-2018 Xilinx, Inc. All Rights Reserved.
------------------------------------------------------------------------------------------------
| Tool Version : Vivado v.2018.3 (win64) Build 2405991 Thu Dec  6 23:38:27 MST 2018
| Date         : Fri Apr 10 17:31:41 2026
| Host         : LAPTOP-V0AHCU9H running 64-bit major release  (build 9200)
| Command      : report_timing_summary -file D:/vivado_projects/EP1-89Inst/timing_after_fix.rpt
| Design       : top_board
| Device       : 7a100t-csg324
| Speed File   : -1  PRODUCTION 1.23 2018-06-13
------------------------------------------------------------------------------------------------

Timing Summary Report

------------------------------------------------------------------------------------------------
| Timer Settings
| --------------
------------------------------------------------------------------------------------------------

  Enable Multi Corner Analysis               :  Yes
  Enable Pessimism Removal                   :  Yes
  Pessimism Removal Resolution               :  Nearest Common Node
  Enable Input Delay Default Clock           :  No
  Enable Preset / Clear Arcs                 :  No
  Disable Flight Delays                      :  No
  Ignore I/O Paths                           :  No
  Timing Early Launch at Borrowing Latches   :  false

  Corner  Analyze    Analyze    
  Name    Max Paths  Min Paths  
  ------  ---------  ---------  
  Slow    Yes        Yes        
  Fast    Yes        Yes        



check_timing report

Table of Contents
-----------------
1. checking no_clock
2. checking constant_clock
3. checking pulse_width_clock
4. checking unconstrained_internal_endpoints
5. checking no_input_delay
6. checking no_output_delay
7. checking multiple_clock
8. checking generated_clocks
9. checking loops
10. checking partial_input_delay
11. checking partial_output_delay
12. checking latch_loops

1. checking no_clock
--------------------
 There are 10816 register/latch pins with no clock driven by root clock pin: divider_cpu/clk_out_reg/Q (HIGH)

 There are 3 register/latch pins with no clock driven by root clock pin: seg7_display/cnt_reg[14]/Q (HIGH)


2. checking constant_clock
--------------------------
 There are 0 register/latch pins with constant_clock.


3. checking pulse_width_clock
-----------------------------
 There are 0 register/latch pins which need pulse_width check


4. checking unconstrained_internal_endpoints
--------------------------------------------
 There are 24260 pins that are not constrained for maximum delay. (HIGH)

 There are 0 pins that are not constrained for maximum delay due to constant clock.


5. checking no_input_delay
--------------------------
 There is 1 input port with no input delay specified. (HIGH)

 There are 0 input ports with no input delay but user has a false path constraint.


6. checking no_output_delay
---------------------------
 There are 0 ports with no output delay specified.

 There are 0 ports with no output delay but user has a false path constraint

 There are 0 ports with no output delay but with a timing clock defined on it or propagating through it


7. checking multiple_clock
--------------------------
 There are 0 register/latch pins with multiple clocks.


8. checking generated_clocks
----------------------------
 There are 0 generated clocks that are not connected to a clock source.


9. checking loops
-----------------
 There are 0 combinational loops in the design.


10. checking partial_input_delay
--------------------------------
 There are 0 input ports with partial input delay specified.


11. checking partial_output_delay
---------------------------------
 There are 0 ports with partial output delay specified.


12. checking latch_loops
------------------------
 There are 0 combinational latch loops in the design through latch input



------------------------------------------------------------------------------------------------
| Design Timing Summary
| ---------------------
------------------------------------------------------------------------------------------------

    WNS(ns)      TNS(ns)  TNS Failing Endpoints  TNS Total Endpoints      WHS(ns)      THS(ns)  THS Failing Endpoints  THS Total Endpoints     WPWS(ns)     TPWS(ns)  TPWS Failing Endpoints  TPWS Total Endpoints  
    -------      -------  ---------------------  -------------------      -------      -------  ---------------------  -------------------     --------     --------  ----------------------  --------------------  
      0.646        0.000                      0                  149        0.264        0.000                      0                  149        5.500        0.000                       0                    88  


All user specified timing constraints are met.


------------------------------------------------------------------------------------------------
| Clock Summary
| -------------
------------------------------------------------------------------------------------------------

Clock    Waveform(ns)       Period(ns)      Frequency(MHz)
-----    ------------       ----------      --------------
clk_pin  {0.000 6.000}      12.000          83.333          


------------------------------------------------------------------------------------------------
| Intra Clock Table
| -----------------
------------------------------------------------------------------------------------------------

Clock             WNS(ns)      TNS(ns)  TNS Failing Endpoints  TNS Total Endpoints      WHS(ns)      THS(ns)  THS Failing Endpoints  THS Total Endpoints     WPWS(ns)     TPWS(ns)  TPWS Failing Endpoints  TPWS Total Endpoints  
-----             -------      -------  ---------------------  -------------------      -------      -------  ---------------------  -------------------     --------     --------  ----------------------  --------------------  
clk_pin             0.646        0.000                      0                   62        0.264        0.000                      0                   62        5.500        0.000                       0                    88  


------------------------------------------------------------------------------------------------
| Inter Clock Table
| -----------------
------------------------------------------------------------------------------------------------

From Clock    To Clock          WNS(ns)      TNS(ns)  TNS Failing Endpoints  TNS Total Endpoints      WHS(ns)      THS(ns)  THS Failing Endpoints  THS Total Endpoints  
----------    --------          -------      -------  ---------------------  -------------------      -------      -------  ---------------------  -------------------  


------------------------------------------------------------------------------------------------
| Other Path Groups Table
| -----------------------
------------------------------------------------------------------------------------------------

Path Group         From Clock         To Clock               WNS(ns)      TNS(ns)  TNS Failing Endpoints  TNS Total Endpoints      WHS(ns)      THS(ns)  THS Failing Endpoints  THS Total Endpoints  
----------         ----------         --------               -------      -------  ---------------------  -------------------      -------      -------  ---------------------  -------------------  
**async_default**  clk_pin            clk_pin                  1.064        0.000                      0                   87        5.501        0.000                      0                   87  


------------------------------------------------------------------------------------------------
| Timing Details
| --------------
------------------------------------------------------------------------------------------------


---------------------------------------------------------------------------------------------------
From Clock:  clk_pin
  To Clock:  clk_pin

Setup :            0  Failing Endpoints,  Worst Slack        0.646ns,  Total Violation        0.000ns
Hold  :            0  Failing Endpoints,  Worst Slack        0.264ns,  Total Violation        0.000ns
PW    :            0  Failing Endpoints,  Worst Slack        5.500ns,  Total Violation        0.000ns
---------------------------------------------------------------------------------------------------


Max Delay Paths
--------------------------------------------------------------------------------------
Slack (MET) :             0.646ns  (required time - arrival time)
  Source:                 seg7_display/o_seg_r_reg[6]/C
                            (rising edge-triggered cell FDPE clocked by clk_pin  {rise@0.000ns fall@6.000ns period=12.000ns})
  Destination:            seg[6]
                            (output port clocked by clk_pin  {rise@0.000ns fall@6.000ns period=12.000ns})
  Path Group:             clk_pin
  Path Type:              Max at Slow Process Corner
  Requirement:            12.000ns  (clk_pin rise@12.000ns - clk_pin rise@0.000ns)
  Data Path Delay:        5.996ns  (logic 4.128ns (68.849%)  route 1.868ns (31.151%))
  Logic Levels:           1  (OBUF=1)
  Output Delay:           0.000ns
  Clock Path Skew:        -5.323ns (DCD - SCD + CPR)
    Destination Clock Delay (DCD):    0.000ns = ( 12.000 - 12.000 ) 
    Source Clock Delay      (SCD):    5.323ns
    Clock Pessimism Removal (CPR):    0.000ns
  Clock Uncertainty:      0.035ns  ((TSJ^2 + TIJ^2)^1/2 + DJ) / 2 + PE
    Total System Jitter     (TSJ):    0.071ns
    Total Input Jitter      (TIJ):    0.000ns
    Discrete Jitter          (DJ):    0.000ns
    Phase Error              (PE):    0.000ns

    Location             Delay type                Incr(ns)  Path(ns)    Netlist Resource(s)
  -------------------------------------------------------------------    -------------------
                         (clock clk_pin rise edge)    0.000     0.000 r  
    E3                                                0.000     0.000 r  clk (IN)
                         net (fo=0)                   0.000     0.000    clk
    E3                   IBUF (Prop_ibuf_I_O)         1.482     1.482 r  clk_IBUF_inst/O
                         net (fo=1, routed)           2.025     3.506    clk_IBUF
    BUFGCTRL_X0Y16       BUFG (Prop_bufg_I_O)         0.096     3.602 r  clk_IBUF_BUFG_inst/O
                         net (fo=87, routed)          1.720     5.323    seg7_display/clk_IBUF_BUFG
    SLICE_X1Y85          FDPE                                         r  seg7_display/o_seg_r_reg[6]/C
  -------------------------------------------------------------------    -------------------
    SLICE_X1Y85          FDPE (Prop_fdpe_C_Q)         0.419     5.742 r  seg7_display/o_seg_r_reg[6]/Q
                         net (fo=1, routed)           1.868     7.610    seg_OBUF[6]
    L18                  OBUF (Prop_obuf_I_O)         3.709    11.319 r  seg_OBUF[6]_inst/O
                         net (fo=0)                   0.000    11.319    seg[6]
    L18                                                               r  seg[6] (OUT)
  -------------------------------------------------------------------    -------------------

                         (clock clk_pin rise edge)   12.000    12.000 r  
                         clock pessimism              0.000    12.000    
                         clock uncertainty           -0.035    11.965    
                         output delay                -0.000    11.965    
  -------------------------------------------------------------------
                         required time                         11.965    
                         arrival time                         -11.319    
  -------------------------------------------------------------------
                         slack                                  0.646    





Min Delay Paths
--------------------------------------------------------------------------------------
Slack (MET) :             0.264ns  (arrival time - required time)
  Source:                 divider_cpu/clk_out_reg/C
                            (rising edge-triggered cell FDCE clocked by clk_pin  {rise@0.000ns fall@6.000ns period=12.000ns})
  Destination:            divider_cpu/clk_out_reg/D
                            (rising edge-triggered cell FDCE clocked by clk_pin  {rise@0.000ns fall@6.000ns period=12.000ns})
  Path Group:             clk_pin
  Path Type:              Hold (Min at Fast Process Corner)
  Requirement:            0.000ns  (clk_pin rise@0.000ns - clk_pin rise@0.000ns)
  Data Path Delay:        0.384ns  (logic 0.209ns (54.384%)  route 0.175ns (45.616%))
  Logic Levels:           1  (LUT5=1)
  Clock Path Skew:        0.000ns (DCD - SCD - CPR)
    Destination Clock Delay (DCD):    2.029ns
    Source Clock Delay      (SCD):    1.510ns
    Clock Pessimism Removal (CPR):    0.518ns

    Location             Delay type                Incr(ns)  Path(ns)    Netlist Resource(s)
  -------------------------------------------------------------------    -------------------
                         (clock clk_pin rise edge)    0.000     0.000 r  
    E3                                                0.000     0.000 r  clk (IN)
                         net (fo=0)                   0.000     0.000    clk
    E3                   IBUF (Prop_ibuf_I_O)         0.250     0.250 r  clk_IBUF_inst/O
                         net (fo=1, routed)           0.644     0.894    clk_IBUF
    BUFGCTRL_X0Y16       BUFG (Prop_bufg_I_O)         0.026     0.920 r  clk_IBUF_BUFG_inst/O
                         net (fo=87, routed)          0.591     1.510    divider_cpu/clk_IBUF_BUFG
    SLICE_X74Y103        FDCE                                         r  divider_cpu/clk_out_reg/C
  -------------------------------------------------------------------    -------------------
    SLICE_X74Y103        FDCE (Prop_fdce_C_Q)         0.164     1.674 r  divider_cpu/clk_out_reg/Q
                         net (fo=2, routed)           0.175     1.850    divider_cpu/clk_cpu
    SLICE_X74Y103        LUT5 (Prop_lut5_I4_O)        0.045     1.895 r  divider_cpu/clk_out_i_1/O
                         net (fo=1, routed)           0.000     1.895    divider_cpu/clk_out_i_1_n_0
    SLICE_X74Y103        FDCE                                         r  divider_cpu/clk_out_reg/D
  -------------------------------------------------------------------    -------------------

                         (clock clk_pin rise edge)    0.000     0.000 r  
    E3                                                0.000     0.000 r  clk (IN)
                         net (fo=0)                   0.000     0.000    clk
    E3                   IBUF (Prop_ibuf_I_O)         0.438     0.438 r  clk_IBUF_inst/O
                         net (fo=1, routed)           0.699     1.136    clk_IBUF
    BUFGCTRL_X0Y16       BUFG (Prop_bufg_I_O)         0.029     1.165 r  clk_IBUF_BUFG_inst/O
                         net (fo=87, routed)          0.864     2.029    divider_cpu/clk_IBUF_BUFG
    SLICE_X74Y103        FDCE                                         r  divider_cpu/clk_out_reg/C
                         clock pessimism             -0.518     1.510    
    SLICE_X74Y103        FDCE (Hold_fdce_C_D)         0.120     1.630    divider_cpu/clk_out_reg
  -------------------------------------------------------------------
                         required time                         -1.630    
                         arrival time                           1.895    
  -------------------------------------------------------------------
                         slack                                  0.264    





Pulse Width Checks
--------------------------------------------------------------------------------------
Clock Name:         clk_pin
Waveform(ns):       { 0.000 6.000 }
Period(ns):         12.000
Sources:            { clk }

Check Type        Corner  Lib Pin  Reference Pin  Required(ns)  Actual(ns)  Slack(ns)  Location        Pin
Min Period        n/a     BUFG/I   n/a            2.155         12.000      9.845      BUFGCTRL_X0Y16  clk_IBUF_BUFG_inst/I
Low Pulse Width   Slow    FDCE/C   n/a            0.500         6.000       5.500      SLICE_X37Y80    seg7_display/cnt_reg[10]/C
High Pulse Width  Slow    FDCE/C   n/a            0.500         6.000       5.500      SLICE_X37Y81    seg7_display/cnt_reg[12]/C



---------------------------------------------------------------------------------------------------
Path Group:  **async_default**
From Clock:  clk_pin
  To Clock:  clk_pin

Setup :            0  Failing Endpoints,  Worst Slack        1.064ns,  Total Violation        0.000ns
Hold  :            0  Failing Endpoints,  Worst Slack        5.501ns,  Total Violation        0.000ns
---------------------------------------------------------------------------------------------------


Max Delay Paths
--------------------------------------------------------------------------------------
Slack (MET) :             1.064ns  (required time - arrival time)
  Source:                 rst
                            (input port clocked by clk_pin  {rise@0.000ns fall@6.000ns period=12.000ns})
  Destination:            seg7_display/cnt_reg[12]/CLR
                            (recovery check against rising-edge clock clk_pin  {rise@0.000ns fall@6.000ns period=12.000ns})
  Path Group:             **async_default**
  Path Type:              Recovery (Max at Slow Process Corner)
  Requirement:            12.000ns  (clk_pin rise@12.000ns - clk_pin rise@0.000ns)
  Data Path Delay:        7.427ns  (logic 1.477ns (19.881%)  route 5.951ns (80.119%))
  Logic Levels:           1  (IBUF=1)
  Input Delay:            8.000ns
  Clock Path Skew:        4.932ns (DCD - SCD + CPR)
    Destination Clock Delay (DCD):    4.932ns = ( 16.932 - 12.000 ) 
    Source Clock Delay      (SCD):    0.000ns
    Clock Pessimism Removal (CPR):    0.000ns
  Clock Uncertainty:      0.035ns  ((TSJ^2 + TIJ^2)^1/2 + DJ) / 2 + PE
    Total System Jitter     (TSJ):    0.071ns
    Total Input Jitter      (TIJ):    0.000ns
    Discrete Jitter          (DJ):    0.000ns
    Phase Error              (PE):    0.000ns

    Location             Delay type                Incr(ns)  Path(ns)    Netlist Resource(s)
  -------------------------------------------------------------------    -------------------
                         (clock clk_pin rise edge)    0.000     0.000 r  
                         input delay                  8.000     8.000    
    N17                                               0.000     8.000 f  rst (IN)
                         net (fo=0)                   0.000     8.000    rst
    N17                  IBUF (Prop_ibuf_I_O)         1.477     9.477 f  rst_IBUF_inst/O
                         net (fo=2714, routed)        5.951    15.427    seg7_display/AS[0]
    SLICE_X37Y81         FDCE                                         f  seg7_display/cnt_reg[12]/CLR
  -------------------------------------------------------------------    -------------------

                         (clock clk_pin rise edge)   12.000    12.000 r  
    E3                                                0.000    12.000 r  clk (IN)
                         net (fo=0)                   0.000    12.000    clk
    E3                   IBUF (Prop_ibuf_I_O)         1.411    13.411 r  clk_IBUF_inst/O
                         net (fo=1, routed)           1.920    15.331    clk_IBUF
    BUFGCTRL_X0Y16       BUFG (Prop_bufg_I_O)         0.091    15.422 r  clk_IBUF_BUFG_inst/O
                         net (fo=87, routed)          1.509    16.932    seg7_display/clk_IBUF_BUFG
    SLICE_X37Y81         FDCE                                         r  seg7_display/cnt_reg[12]/C
                         clock pessimism              0.000    16.932    
                         clock uncertainty           -0.035    16.896    
    SLICE_X37Y81         FDCE (Recov_fdce_C_CLR)     -0.405    16.491    seg7_display/cnt_reg[12]
  -------------------------------------------------------------------
                         required time                         16.491    
                         arrival time                         -15.427    
  -------------------------------------------------------------------
                         slack                                  1.064    





Min Delay Paths
--------------------------------------------------------------------------------------
Slack (MET) :             5.501ns  (arrival time - required time)
  Source:                 rst
                            (input port clocked by clk_pin  {rise@0.000ns fall@6.000ns period=12.000ns})
  Destination:            seg7_display/o_seg_r_reg[4]/PRE
                            (removal check against rising-edge clock clk_pin  {rise@0.000ns fall@6.000ns period=12.000ns})
  Path Group:             **async_default**
  Path Type:              Removal (Min at Slow Process Corner)
  Requirement:            0.000ns  (clk_pin rise@0.000ns - clk_pin rise@0.000ns)
  Data Path Delay:        2.651ns  (logic 1.406ns (53.045%)  route 1.245ns (46.955%))
  Logic Levels:           1  (IBUF=1)
  Input Delay:            8.000ns
  Clock Path Skew:        5.323ns (DCD - SCD - CPR)
    Destination Clock Delay (DCD):    5.323ns
    Source Clock Delay      (SCD):    0.000ns
    Clock Pessimism Removal (CPR):    -0.000ns
  Clock Uncertainty:      0.035ns  ((TSJ^2 + TIJ^2)^1/2 + DJ) / 2 + PE
    Total System Jitter     (TSJ):    0.071ns
    Total Input Jitter      (TIJ):    0.000ns
    Discrete Jitter          (DJ):    0.000ns
    Phase Error              (PE):    0.000ns

    Location             Delay type                Incr(ns)  Path(ns)    Netlist Resource(s)
  -------------------------------------------------------------------    -------------------
                         (clock clk_pin rise edge)    0.000     0.000 r  
                         input delay                  8.000     8.000    
    N17                                               0.000     8.000 f  rst (IN)
                         net (fo=0)                   0.000     8.000    rst
    N17                  IBUF (Prop_ibuf_I_O)         1.406     9.406 f  rst_IBUF_inst/O
                         net (fo=2714, routed)        1.245    10.651    seg7_display/AS[0]
    SLICE_X1Y85          FDPE                                         f  seg7_display/o_seg_r_reg[4]/PRE
  -------------------------------------------------------------------    -------------------

                         (clock clk_pin rise edge)    0.000     0.000 r  
    E3                                                0.000     0.000 r  clk (IN)
                         net (fo=0)                   0.000     0.000    clk
    E3                   IBUF (Prop_ibuf_I_O)         1.482     1.482 r  clk_IBUF_inst/O
                         net (fo=1, routed)           2.025     3.506    clk_IBUF
    BUFGCTRL_X0Y16       BUFG (Prop_bufg_I_O)         0.096     3.602 r  clk_IBUF_BUFG_inst/O
                         net (fo=87, routed)          1.720     5.323    seg7_display/clk_IBUF_BUFG
    SLICE_X1Y85          FDPE                                         r  seg7_display/o_seg_r_reg[4]/C
                         clock pessimism              0.000     5.323    
                         clock uncertainty            0.035     5.358    
    SLICE_X1Y85          FDPE (Remov_fdpe_C_PRE)     -0.208     5.150    seg7_display/o_seg_r_reg[4]
  -------------------------------------------------------------------
                         required time                         -5.150    
                         arrival time                          10.651    
  -------------------------------------------------------------------
                         slack                                  5.501    





