# do {selector41_tb_compile.do}
# ** Warning: (vlib-34) Library already exists at "work".
# 
# ** Warning: (vlib-34) Library already exists at "msim".
# 
# ** Warning: (vlib-34) Library already exists at "msim/xil_defaultlib".
# 
# Model Technology ModelSim PE vmap 10.4c Lib Mapping Utility 2015.07 Jul 20 2015
# vmap xil_defaultlib msim/xil_defaultlib 
# Modifying modelsim.ini
# ** Warning: (vlog-159) Mode option -64 is not supported in this context and will be ignored.
# 
# Model Technology ModelSim PE vlog 10.4c Compiler 2015.07 Jul 20 2015
# Start time: 19:18:31 on Sep 30,2024
# vlog -64 -incr -work xil_defaultlib ../../../data_selecter41.srcs/sources_1/new/data_selecter41.v ../../../data_selecter41.srcs/sim_1/new/data_selecter41_tb.v 
# -- Compiling module selector41
# -- Compiling module selector41_tb
# 
# Top level modules:
# 	selector41_tb
# End time: 19:18:31 on Sep 30,2024, Elapsed time: 0:00:00
# Errors: 0, Warnings: 1
# Model Technology ModelSim PE vlog 10.4c Compiler 2015.07 Jul 20 2015
# Start time: 19:18:31 on Sep 30,2024
# vlog -work xil_defaultlib glbl.v 
# -- Compiling module glbl
# 
# Top level modules:
# 	glbl
# End time: 19:18:31 on Sep 30,2024, Elapsed time: 0:00:00
# Errors: 0, Warnings: 0
