# do {selector41_tb_simulate.do}
# vsim -voptargs=""+acc"" -L unisims_ver -L unimacro_ver -L secureip -L xil_defaultlib -lib xil_defaultlib xil_defaultlib.selector41_tb xil_defaultlib.glbl 
# Start time: 19:18:38 on Sep 30,2024
# //  ModelSim PE 10.4c Jul 20 2015 
# //
# //  Copyright 1991-2015 Mentor Graphics Corporation
# //  All Rights Reserved.
# //
# //  THIS WORK CONTAINS TRADE SECRET AND PROPRIETARY INFORMATION
# //  WHICH IS THE PROPERTY OF MENTOR GRAPHICS CORPORATION OR ITS
# //  LICENSORS AND IS SUBJECT TO LICENSE TERMS.
# //  THIS DOCUMENT CONTAINS TRADE SECRETS AND COMMERCIAL OR FINANCIAL
# //  INFORMATION THAT ARE PRIVILEGED, CONFIDENTIAL, AND EXEMPT FROM
# //  DISCLOSURE UNDER THE FREEDOM OF INFORMATION ACT, 5 U.S.C. SECTION 552.
# //  FURTHERMORE, THIS INFORMATION IS PROHIBITED FROM DISCLOSURE UNDER
# //  THE TRADE SECRETS ACT, 18 U.S.C. SECTION 1905.
# //
# Loading xil_defaultlib.selector41_tb
# Loading xil_defaultlib.selector41
# Loading xil_defaultlib.glbl
# ** Warning: (vsim-3015) ../../../data_selecter41.srcs/sim_1/new/data_selecter41_tb.v(32): [PCDPC] - Port size (4) does not match connection size (1) for port 'oZ'. The port definition is at: ../../../data_selecter41.srcs/sources_1/new/data_selecter41.v(30).
#    Time: 0 ps  Iteration: 0  Instance: /selector41_tb/uut File: ../../../data_selecter41.srcs/sources_1/new/data_selecter41.v
# .main_pane.wave.interior.cs.body.pw.wf
# .main_pane.structure.interior.cs.body.struct
# .main_pane.objects.interior.cs.body.tree
# End time: 19:18:59 on Sep 30,2024, Elapsed time: 0:00:21
# Errors: 0, Warnings: 1
