Copyright 1986-2022 Xilinx, Inc. All Rights Reserved.
------------------------------------------------------------------------------------
| Tool Version : Vivado v.2022.2 (win64) Build 3671981 Fri Oct 14 05:00:03 MDT 2022
| Date         : Sat Jun 20 12:36:15 2026
| Host         : LAPTOP-V0AHCU9H running 64-bit major release  (build 9200)
| Command      : upgrade_project -migrate_output_products
| Project_Path : D:/desktop/OpenMIPS/OpenMIPS.xpr
------------------------------------------------------------------------------------

Project Status Summary

1. Project IP Status
--------------------
This project contains 2 IP and 0 Block Designs.


1.1 Project IP Instances
+---------------+-------------------------+-------------------------------------+-------------------------------------+
| Instance Name | Status                  | Reason                              | Recommendation                      |
+---------------+-------------------------+-------------------------------------+-------------------------------------+
| clk_wiz_0     | Will be Migrated.       |                                     |                                     |
+---------------+-------------------------+-------------------------------------+-------------------------------------+
| mig_7series_0 | Will be Migrated.       |                                     |                                     |
+---------------+-------------------------+-------------------------------------+-------------------------------------+



