Unable to capture context for thread 20764 in process 28864, can not generate back trace
Unable to capture context for thread 8272 in process 28864, can not generate back trace
Exception at PC 0x00007FF8D392FE4C
Unable to capture context for thread 20764 in process 28864, can not generate back trace
Unable to capture context for thread 8272 in process 28864, can not generate back trace
Unable to capture context for thread 8640 in process 28864, can not generate back trace
Exception at PC 0x00007FFFED88BB93
Printing stacktrace...

Exception at PC 0x00007FF8D392FE4C
Exception at PC 0x00007FF8D392FE4C
Exception at PC 0x00007FF8D392FE4C
Exception at PC 0x00007FF8D392FE4C
Exception at PC 0x00007FF8D392FE4C
Exception at PC 0x00007FF8D392FE4C
Exception at PC 0x00007FF8D392FE4C
Exception at PC 0x00007FF8D392FE4C
[0]  [0x00007FFFED88BB93]
[1]  [0x00007FFFED88BB93]
[2]  [0x00007FFFED88B4A1]
[3]  [0x00007FFFED88B3EF]
[4]  [0x00007FFFED8719FE]
[5]  [0x00007FFFED870ED1]
[6]  [0x00007FFFED870D76]
[7]  [0x00007FFFED8179F6]
[8]  [0x00007FFFED807AFB]
[9]  [0x00007FFFED92E90A]
[10]  [0x00007FFFED949F87]
[11]  [0x00007FFFED94A05F]
[12] (BaseThreadInitThunk+0x1d) [0x00007FF8D57A257D]
[13] (RtlUserThreadStart+0x28) [0x00007FF8D61CAF08]
Done
Exception at PC 0x00007FF8D392FE4C
Exception at PC 0x00007FF8D392FE4C
Exception at PC 0x00007FF8D392FE4C
Exception at PC 0x00007FF8D392FE4C
Exception at PC 0x00007FF8D392FE4C
Exception at PC 0x00007FF8D392FE4C
Exception at PC 0x00007FF8D392FE4C
Exception at PC 0x00007FF8D392FE4C
Exception at PC 0x00007FF8D392FE4C
