# do {logic_gates_tb_simulate.do}
# vsim -voptargs=""+acc"" -L unisims_ver -L unimacro_ver -L secureip -L xil_defaultlib -lib xil_defaultlib xil_defaultlib.logic_gates_tb xil_defaultlib.glbl 
# Start time: 18:12:27 on Sep 20,2024
# //  ModelSim PE 10.4c Jul 20 2015 
# //
# //  Copyright 1991-2015 Mentor Graphics Corporation
# //  All Rights Reserved.
# //
# //  THIS WORK CONTAINS TRADE SECRET AND PROPRIETARY INFORMATION
# //  WHICH IS THE PROPERTY OF MENTOR GRAPHICS CORPORATION OR ITS
# //  LICENSORS AND IS SUBJECT TO LICENSE TERMS.
# //  THIS DOCUMENT CONTAINS TRADE SECRETS AND COMMERCIAL OR FINANCIAL
# //  INFORMATION THAT ARE PRIVILEGED, CONFIDENTIAL, AND EXEMPT FROM
# //  DISCLOSURE UNDER THE FREEDOM OF INFORMATION ACT, 5 U.S.C. SECTION 552.
# //  FURTHERMORE, THIS INFORMATION IS PROHIBITED FROM DISCLOSURE UNDER
# //  THE TRADE SECRETS ACT, 18 U.S.C. SECTION 1905.
# //
# Loading xil_defaultlib.logic_gates_tb
# ** Error: (vsim-3033) ../../../experiment1.1.srcs/sources_1/new/experiment1.1.2(27): Instantiation of 'logic_gates_1' failed. The design unit was not found.
#    Time: 0 ps  Iteration: 0  Instance: /logic_gates_tb File: ../../../experiment1.1.srcs/sources_1/new/experiment1.1.2
#         Searched libraries:
#             D:/xilinx_sim_lib/unisims_ver
#             D:/xilinx_sim_lib/unimacro_ver
#             D:/xilinx_sim_lib/secureip
#             D:/vivado_projects/experiment1.1/experiment1.1.sim/sim_1/behav/msim/xil_defaultlib
#             D:/vivado_projects/experiment1.1/experiment1.1.sim/sim_1/behav/msim/xil_defaultlib
# Loading xil_defaultlib.glbl
# Error loading design
# Error: Error loading design
#        Pausing macro execution
# MACRO ./logic_gates_tb_simulate.do PAUSED at line 9
# End time: 18:12:54 on Sep 20,2024, Elapsed time: 0:00:27
# Errors: 1, Warnings: 0
