Exception at PC 0x00007FFB8AFABB93
Printing stacktrace...

Exception at PC 0x00007FFC46F0AB6A
Unable to capture context for thread 14384 in process 17016, can not generate back trace
Exception at PC 0x00007FFC46F0AB6A
Unable to capture context for thread 21636 in process 17016, can not generate back trace
Exception at PC 0x00007FFC46F0AB6A
Exception at PC 0x00007FFC46F0AB6A
Exception at PC 0x00007FFC46F0AB6A
Exception at PC 0x00007FFC46F0AB6A
[0]  [0x00007FFB8AFABB93]
[1]  [0x00007FFB8AFABB93]
[2]  [0x00007FFB8AFAB4A1]
[3]  [0x00007FFB8AFAB459]
[4]  [0x00007FFB8AF919FE]
[5]  [0x00007FFB8AF90ED1]
[6]  [0x00007FFB8AF90D76]
[7]  [0x00007FFB8AF379F6]
[8]  [0x00007FFB8AF27AFB]
[9]  [0x00007FFB8B04E90A]
[10]  [0x00007FFB8B069F87]
[11]  [0x00007FFB8B06A05F]
[12] (BaseThreadInitThunk+0x17) [0x00007FFC4874E8D7]
[13] (RtlUserThreadStart+0x2c) [0x00007FFC4973BF6C]
Done
Exception at PC 0x00007FFC46F0AB6A
Exception at PC 0x00007FFC46F0AB6A
Exception at PC 0x00007FFC46F0AB6A
Exception at PC 0x00007FFC46F0AB6A
Exception at PC 0x00007FFC46F0AB6A
Exception at PC 0x00007FFC46F0AB6A
Exception at PC 0x00007FFC46F0AB6A
Exception at PC 0x00007FFC46F0AB6A
Exception at PC 0x00007FFC46F0AB6A
Exception at PC 0x00007FFC46F0AB6A
Exception at PC 0x00007FFC46F0AB6A
Exception at PC 0x00007FFC46F0AB6A
