#-----------------------------------------------------------
# Vivado v2016.2 (64-bit)
# SW Build 1577090 on Thu Jun  2 16:32:40 MDT 2016
# IP Build 1577682 on Fri Jun  3 12:00:54 MDT 2016
# Start of session at: Sat Nov 09 15:15:38 2024
# Process ID: 30564
# Current directory: D:/vivado_projects/Counter8
# Command line: vivado.exe -gui_launcher_event rodinguilauncherevent30160 D:\vivado_projects\Counter8\Counter8.xpr
# Log file: D:/vivado_projects/Counter8/vivado.log
# Journal file: D:/vivado_projects/Counter8\vivado.jou
#-----------------------------------------------------------
start_gui
open_project D:/vivado_projects/Counter8/Counter8.xpr
Scanning sources...
Finished scanning sources
INFO: [IP_Flow 19-234] Refreshing IP repositories
INFO: [IP_Flow 19-1704] No user IP repositories specified
INFO: [IP_Flow 19-2313] Loaded Vivado IP repository 'D:/Xlinix/Vivado/2016.2/data/ip'.
update_compile_order -fileset sources_1
exit
INFO: [Common 17-206] Exiting Vivado at Sat Nov 09 15:16:03 2024...
