Unable to capture context for thread 14116 in process 27096, can not generate back trace
Unable to capture context for thread 29592 in process 27096, can not generate back trace
Exception at PC 0x00007FFC354DFA4C
Unable to capture context for thread 14116 in process 27096, can not generate back trace
Unable to capture context for thread 29592 in process 27096, can not generate back trace
Exception at PC 0x00007FFB82D9BB93
Printing stacktrace...

Unable to capture context for thread 20220 in process 27096, can not generate back trace
Exception at PC 0x00007FFC354DFA4C
Exception at PC 0x00007FFC354DFA4C
Exception at PC 0x00007FFC354DFA4C
Exception at PC 0x00007FFC354DFA4C
Exception at PC 0x00007FFC354DFA4C
Exception at PC 0x00007FFC354DFA4C
Exception at PC 0x00007FFC354DFA4C
Exception at PC 0x00007FFC354DFA4C
Exception at PC 0x00007FFC354DFA4C
Exception at PC 0x00007FFC354DFA4C
[0]  [0x00007FFB82D9BB93]
[1]  [0x00007FFB82D9BB93]
[2]  [0x00007FFB82D9B4A1]
[3]  [0x00007FFB82D9B3EF]
[4]  [0x00007FFB82D819FE]
[5]  [0x00007FFB82D80ED1]
[6]  [0x00007FFB82D80D76]
[7]  [0x00007FFB82D279F6]
[8]  [0x00007FFB82D17AFB]
[9]  [0x00007FFB82E3E90A]
[10]  [0x00007FFB82E59F87]
[11]  [0x00007FFB82E5A05F]
[12] (BaseThreadInitThunk+0x1d) [0x00007FFC3615259D]
[13] (RtlUserThreadStart+0x28) [0x00007FFC37BAAF38]
Done
Exception at PC 0x00007FFC354DFA4C
Exception at PC 0x00007FFC354DFA4C
Exception at PC 0x00007FFC354DFA4C
Exception at PC 0x00007FFC354DFA4C
Exception at PC 0x00007FFC354DFA4C
Exception at PC 0x00007FFC354DFA4C
Exception at PC 0x00007FFC354DFA4C
