Copyright 1986-2016 Xilinx, Inc. All Rights Reserved.
------------------------------------------------------------------------------------
| Tool Version : Vivado v.2016.2 (win64) Build 1577090 Thu Jun  2 16:32:40 MDT 2016
| Date         : Wed Dec 24 09:31:13 2025
| Host         : LAPTOP-V0AHCU9H running 64-bit major release  (build 9200)
| Command      : report_control_sets -verbose -file top_control_sets_placed.rpt
| Design       : top
| Device       : xc7a100t
------------------------------------------------------------------------------------

Control Set Information

Table of Contents
-----------------
1. Summary
2. Flip-Flop Distribution
3. Detailed Control Set Information

1. Summary
----------

+----------------------------------------------------------+-------+
|                          Status                          | Count |
+----------------------------------------------------------+-------+
| Number of unique control sets                            |    40 |
| Unused register locations in slices containing registers |    24 |
+----------------------------------------------------------+-------+


2. Flip-Flop Distribution
-------------------------

+--------------+-----------------------+------------------------+-----------------+--------------+
| Clock Enable | Synchronous Set/Reset | Asynchronous Set/Reset | Total Registers | Total Slices |
+--------------+-----------------------+------------------------+-----------------+--------------+
| No           | No                    | No                     |               0 |            0 |
| No           | No                    | Yes                    |             215 |           88 |
| No           | Yes                   | No                     |               0 |            0 |
| Yes          | No                    | No                     |               0 |            0 |
| Yes          | No                    | Yes                    |            1177 |          485 |
| Yes          | Yes                   | No                     |               0 |            0 |
+--------------+-----------------------+------------------------+-----------------+--------------+


3. Detailed Control Set Information
-----------------------------------

+------------------------+---------------------------------------+------------------+------------------+----------------+
|      Clock Signal      |             Enable Signal             | Set/Reset Signal | Slice Load Count | Bel Load Count |
+------------------------+---------------------------------------+------------------+------------------+----------------+
|  seg7_display/seg7_clk |                                       | rst_IBUF         |                2 |              3 |
|  clk_cpu_BUFG          | cpu/IF_ID_PC[12]_i_1_n_0              | rst_IBUF         |                3 |             12 |
|  clk_cpu_BUFG          | cpu/PC0                               | rst_IBUF         |                5 |             12 |
|  clk_IBUF_BUFG         | clk_cpu_BUFG                          | rst_IBUF         |               11 |             31 |
|  clk_cpu_BUFG          | cpu/regfile/array_reg[23][31]_i_1_n_0 | rst_IBUF         |               23 |             32 |
|  clk_cpu_BUFG          | cpu/regfile/array_reg[25][31]_i_1_n_0 | rst_IBUF         |               12 |             32 |
|  clk_cpu_BUFG          | cpu/dmem/mem_reg_0_31_0_0_i_1_n_0     |                  |                8 |             32 |
|  clk_cpu_BUFG          | cpu/regfile/array_reg[10][31]_i_1_n_0 | rst_IBUF         |                9 |             32 |
|  clk_cpu_BUFG          | cpu/regfile/array_reg[11][31]_i_1_n_0 | rst_IBUF         |               14 |             32 |
|  clk_cpu_BUFG          | cpu/regfile/array_reg[12][31]_i_1_n_0 | rst_IBUF         |               15 |             32 |
|  clk_cpu_BUFG          | cpu/regfile/array_reg[13][31]_i_1_n_0 | rst_IBUF         |               12 |             32 |
|  clk_cpu_BUFG          | cpu/regfile/array_reg[14][31]_i_1_n_0 | rst_IBUF         |               17 |             32 |
|  clk_cpu_BUFG          | cpu/regfile/array_reg[15][31]_i_1_n_0 | rst_IBUF         |               15 |             32 |
|  clk_cpu_BUFG          | cpu/regfile/array_reg[16][31]_i_1_n_0 | rst_IBUF         |               14 |             32 |
|  clk_cpu_BUFG          | cpu/regfile/array_reg[17][31]_i_1_n_0 | rst_IBUF         |                4 |             32 |
|  clk_cpu_BUFG          | cpu/regfile/array_reg[18][31]_i_1_n_0 | rst_IBUF         |                7 |             32 |
|  clk_cpu_BUFG          | cpu/regfile/array_reg[19][31]_i_1_n_0 | rst_IBUF         |                8 |             32 |
|  clk_cpu_BUFG          | cpu/regfile/array_reg[1][31]_i_1_n_0  | rst_IBUF         |                5 |             32 |
|  clk_cpu_BUFG          | cpu/regfile/array_reg[20][31]_i_1_n_0 | rst_IBUF         |               10 |             32 |
|  clk_cpu_BUFG          | cpu/regfile/array_reg[21][31]_i_1_n_0 | rst_IBUF         |               12 |             32 |
|  clk_cpu_BUFG          | cpu/regfile/array_reg[22][31]_i_1_n_0 | rst_IBUF         |               18 |             32 |
|  clk_cpu_BUFG          | cpu/regfile/array_reg[24][31]_i_1_n_0 | rst_IBUF         |                7 |             32 |
|  clk_cpu_BUFG          | cpu/regfile/array_reg[26][31]_i_1_n_0 | rst_IBUF         |               10 |             32 |
|  clk_cpu_BUFG          | cpu/regfile/array_reg[27][31]_i_1_n_0 | rst_IBUF         |               14 |             32 |
|  clk_cpu_BUFG          | cpu/regfile/array_reg[28][31]_i_1_n_0 | rst_IBUF         |               10 |             32 |
|  clk_cpu_BUFG          | cpu/regfile/array_reg[29][31]_i_1_n_0 | rst_IBUF         |                9 |             32 |
|  clk_cpu_BUFG          | cpu/regfile/array_reg[2][31]_i_1_n_0  | rst_IBUF         |               10 |             32 |
|  clk_cpu_BUFG          | cpu/regfile/array_reg[30][31]_i_1_n_0 | rst_IBUF         |               21 |             32 |
|  clk_cpu_BUFG          | cpu/regfile/array_reg[31][31]_i_1_n_0 | rst_IBUF         |               21 |             32 |
|  clk_cpu_BUFG          | cpu/regfile/array_reg[3][31]_i_1_n_0  | rst_IBUF         |               11 |             32 |
|  clk_cpu_BUFG          | cpu/regfile/array_reg[4][31]_i_1_n_0  | rst_IBUF         |               11 |             32 |
|  clk_cpu_BUFG          | cpu/regfile/array_reg[5][31]_i_1_n_0  | rst_IBUF         |               10 |             32 |
|  clk_cpu_BUFG          | cpu/regfile/array_reg[6][31]_i_1_n_0  | rst_IBUF         |               20 |             32 |
|  clk_cpu_BUFG          | cpu/regfile/array_reg[7][31]_i_1_n_0  | rst_IBUF         |               21 |             32 |
|  clk_cpu_BUFG          | cpu/regfile/array_reg[8][31]_i_1_n_0  | rst_IBUF         |               15 |             32 |
|  clk_cpu_BUFG          | cpu/regfile/array_reg[9][31]_i_1_n_0  | rst_IBUF         |               17 |             32 |
|  clk_cpu_BUFG          | cpu/IF_ID_instr[31]_i_1_n_0           | rst_IBUF         |               20 |             35 |
|  clk_IBUF_BUFG         |                                       | rst_IBUF         |               16 |             55 |
|  clk_cpu_BUFG          | cpu/regfile/p_0_in                    | rst_IBUF         |               44 |             95 |
|  clk_cpu_BUFG          |                                       | rst_IBUF         |               70 |            157 |
+------------------------+---------------------------------------+------------------+------------------+----------------+


